[1960687.560] {Default Queue}  -> wl_display#1.get_registry(new id wl_registry#2)
[1960687.590] {Default Queue}  -> wl_display#1.sync(new id wl_callback#3)
[1960690.554] {Display Queue} wl_display#1.delete_id(3)
[1960690.566] {Default Queue} wl_registry#2.global(1, "wl_compositor", 6)
[1960690.573] {Default Queue}  -> wl_registry#2.bind(1, "wl_compositor", 3, new id [unknown]#4)
[1960690.578] {Default Queue} wl_registry#2.global(3, "zwp_tablet_manager_v2", 2)
[1960690.583] {Default Queue}  -> wl_registry#2.bind(3, "zwp_tablet_manager_v2", 1, new id [unknown]#5)
[1960690.588] {Default Queue} wl_registry#2.global(4, "zwp_keyboard_shortcuts_inhibit_manager_v1", 1)
[1960690.593] {Default Queue}  -> wl_registry#2.bind(4, "zwp_keyboard_shortcuts_inhibit_manager_v1", 1, new id [unknown]#6)
[1960690.598] {Default Queue} wl_registry#2.global(5, "xdg_session_manager_v1", 1)
[1960690.602] {Default Queue} wl_registry#2.global(6, "zxdg_decoration_manager_v1", 2)
[1960690.606] {Default Queue} wl_registry#2.global(7, "wp_viewporter", 1)
[1960690.610] {Default Queue} wl_registry#2.global(8, "wp_security_context_manager_v1", 1)
[1960690.614] {Default Queue} wl_registry#2.global(9, "wp_fractional_scale_manager_v1", 1)
[1960690.619] {Default Queue} wl_registry#2.global(10, "wl_shm", 2)
[1960690.624] {Default Queue}  -> wl_registry#2.bind(10, "wl_shm", 1, new id [unknown]#7)
[1960690.628] {Default Queue} wl_registry#2.global(11, "wl_seat", 10)
[1960690.633] {Default Queue} wl_registry#2.global(12, "zwp_pointer_gestures_v1", 3)
[1960690.637] {Default Queue}  -> wl_registry#2.bind(12, "zwp_pointer_gestures_v1", 1, new id [unknown]#8)
[1960690.643] {Default Queue} wl_registry#2.global(13, "zwp_pointer_constraints_v1", 1)
[1960690.655] {Default Queue} wl_registry#2.global(14, "zwp_relative_pointer_manager_v1", 1)
[1960690.660] {Default Queue} wl_registry#2.global(15, "wl_data_device_manager", 3)
[1960690.665] {Default Queue}  -> wl_registry#2.bind(15, "wl_data_device_manager", 3, new id [unknown]#9)
[1960690.669] {Default Queue} wl_registry#2.global(16, "ext_data_control_manager_v1", 1)
[1960690.673] {Default Queue} wl_registry#2.global(17, "wp_cursor_shape_manager_v1", 2)
[1960690.678] {Default Queue}  -> wl_registry#2.bind(17, "wp_cursor_shape_manager_v1", 1, new id [unknown]#10)
[1960690.683] {Default Queue} wl_registry#2.global(18, "zwp_primary_selection_device_manager_v1", 1)
[1960690.687] {Default Queue}  -> wl_registry#2.bind(18, "zwp_primary_selection_device_manager_v1", 1, new id [unknown]#11)
[1960690.691] {Default Queue} wl_registry#2.global(19, "org_kde_kwin_idle", 1)
[1960690.695] {Default Queue} wl_registry#2.global(20, "zwp_idle_inhibit_manager_v1", 1)
[1960690.700] {Default Queue} wl_registry#2.global(21, "ext_idle_notifier_v1", 2)
[1960690.704] {Default Queue} wl_registry#2.global(22, "org_kde_plasma_shell", 8)
[1960690.708] {Default Queue} wl_registry#2.global(23, "org_kde_kwin_appmenu_manager", 2)
[1960690.712] {Default Queue} wl_registry#2.global(24, "org_kde_kwin_server_decoration_palette_manager", 1)
[1960690.716] {Default Queue} wl_registry#2.global(26, "org_kde_plasma_virtual_desktop_management", 4)
[1960690.721] {Default Queue} wl_registry#2.global(28, "org_kde_kwin_shadow_manager", 2)
[1960690.725] {Default Queue} wl_registry#2.global(29, "org_kde_kwin_dpms_manager", 1)
[1960690.729] {Default Queue} wl_registry#2.global(30, "org_kde_kwin_server_decoration_manager", 1)
[1960690.733] {Default Queue}  -> wl_registry#2.bind(30, "org_kde_kwin_server_decoration_manager", 1, new id [unknown]#12)
[1960690.738] {Default Queue} wl_registry#2.global(31, "kde_output_management_v2", 21)
[1960690.742] {Default Queue} wl_registry#2.global(32, "kde_output_device_registry_v2", 23)
[1960690.746] {Default Queue} wl_registry#2.global(33, "zxdg_output_manager_v1", 3)
[1960690.750] {Default Queue}  -> wl_registry#2.bind(33, "zxdg_output_manager_v1", 3, new id [unknown]#13)
[1960690.755] {Default Queue}  -> wl_display#1.sync(new id wl_callback#14)
[1960690.760] {Default Queue} wl_registry#2.global(34, "wl_subcompositor", 1)
[1960690.764] {Default Queue}  -> wl_registry#2.bind(34, "wl_subcompositor", 1, new id [unknown]#15)
[1960690.775] {Default Queue} wl_registry#2.global(35, "zxdg_exporter_v2", 1)
[1960690.785] {Default Queue}  -> wl_registry#2.bind(35, "zxdg_exporter_v2", 1, new id [unknown]#16)
[1960690.790] {Default Queue} wl_registry#2.global(36, "zxdg_importer_v2", 1)
[1960690.796] {Default Queue}  -> wl_registry#2.bind(36, "zxdg_importer_v2", 1, new id [unknown]#17)
[1960690.801] {Default Queue} wl_registry#2.global(37, "zwp_input_method_v1", 1)
[1960690.807] {Default Queue} wl_registry#2.global(39, "xdg_activation_v1", 1)
[1960690.812] {Default Queue}  -> wl_registry#2.bind(39, "xdg_activation_v1", 1, new id [unknown]#18)
[1960690.817] {Default Queue} wl_registry#2.global(41, "wp_content_type_manager_v1", 1)
[1960690.822] {Default Queue} wl_registry#2.global(42, "wp_tearing_control_manager_v1", 1)
[1960690.828] {Default Queue} wl_registry#2.global(43, "xdg_toplevel_drag_manager_v1", 1)
[1960690.833] {Default Queue} wl_registry#2.global(44, "xdg_toplevel_icon_manager_v1", 1)
[1960690.838] {Default Queue} wl_registry#2.global(45, "kde_screen_edge_manager_v1", 1)
[1960690.844] {Default Queue} wl_registry#2.global(46, "frog_color_management_factory_v1", 1)
[1960690.852] {Default Queue} wl_registry#2.global(47, "wp_presentation", 2)
[1960690.858] {Default Queue} wl_registry#2.global(48, "wp_color_manager_v1", 2)
[1960690.863] {Default Queue} wl_registry#2.global(49, "xdg_wm_dialog_v1", 1)
[1960690.868] {Default Queue} wl_registry#2.global(50, "kde_external_brightness_v1", 3)
[1960690.873] {Default Queue} wl_registry#2.global(51, "wp_alpha_modifier_v1", 1)
[1960690.878] {Default Queue} wl_registry#2.global(52, "wl_fixes", 1)
[1960690.883] {Default Queue} wl_registry#2.global(53, "wp_fifo_manager_v1", 1)
[1960690.888] {Default Queue} wl_registry#2.global(54, "wp_single_pixel_buffer_manager_v1", 1)
[1960690.893] {Default Queue} wl_registry#2.global(55, "xdg_toplevel_tag_manager_v1", 1)
[1960690.898] {Default Queue} wl_registry#2.global(56, "wp_color_representation_manager_v1", 1)
[1960690.904] {Default Queue} wl_registry#2.global(57, "wp_pointer_warp_v1", 1)
[1960690.909] {Default Queue} wl_registry#2.global(58, "ext_background_effect_manager_v1", 1)
[1960690.914] {Default Queue} wl_registry#2.global(60, "zwp_linux_dmabuf_v1", 5)
[1960690.919] {Default Queue} wl_registry#2.global(61, "wp_linux_drm_syncobj_manager_v1", 1)
[1960690.924] {Default Queue} wl_registry#2.global(62, "zwp_input_panel_v1", 1)
[1960690.929] {Default Queue} wl_registry#2.global(63, "xdg_wm_base", 6)
[1960690.934] {Default Queue} wl_registry#2.global(64, "zwlr_layer_shell_v1", 5)
[1960690.939] {Default Queue} wl_registry#2.global(65, "org_kde_kwin_keystate", 5)
[1960690.944] {Default Queue} wl_registry#2.global(66, "wl_output", 4)
[1960690.949] {Default Queue}  -> wl_registry#2.bind(66, "wl_output", 2, new id [unknown]#19)
[1960690.992] {Default Queue}  -> zxdg_output_manager_v1#13.get_xdg_output(new id zxdg_output_v1#20, wl_output#19)
[1960690.999] {Default Queue}  -> wl_display#1.sync(new id wl_callback#21)
[1960691.004] {Default Queue} wl_registry#2.global(67, "wp_drm_lease_device_v1", 1)
[1960691.011] {Default Queue} wl_registry#2.global(68, "kde_output_order_v1", 1)
[1960691.016] {Default Queue} wl_registry#2.global(69, "zwp_text_input_manager_v2", 1)
[1960691.021] {Default Queue} wl_registry#2.global(70, "zwp_text_input_manager_v3", 2)
[1960691.027] {Default Queue} wl_registry#2.global(72, "org_kde_kwin_slide_manager", 1)
[1960691.032] {Default Queue} wl_registry#2.global(73, "xdg_system_bell_v1", 1)
[1960691.037] {Default Queue} wl_callback#3.done(18352)
[1960691.089] {Default Queue}  -> wl_shm#7.create_pool(new id wl_shm_pool#3, fd 11, 2304)
[1960691.680] {Default Queue}  -> wl_shm_pool#3.resize(8704)
[1960691.711] {Default Queue}  -> wl_shm_pool#3.resize(21504)
[1960691.740] {Default Queue}  -> wl_shm_pool#3.resize(47104)
[1960691.784] {Default Queue}  -> wl_shm_pool#3.resize(98304)
[1960691.916] {Default Queue}  -> wl_shm_pool#3.resize(200704)
[1960692.312] {Default Queue}  -> wl_shm_pool#3.resize(405504)
[1960693.284] {Default Queue}  -> wl_shm_pool#3.resize(815104)
[1960695.178] {Default Queue}  -> wl_shm_pool#3.resize(1634304)
[1960700.426] {Default Queue}  -> wl_registry#2.bind(11, "wl_seat", 5, new id [unknown]#22)
[1960702.120] {Default Queue}  -> wl_compositor#4.create_surface(new id wl_surface#23)
[1960702.138] {Default Queue}  -> zwp_primary_selection_device_manager_v1#11.get_device(new id zwp_primary_selection_device_v1#24, wl_seat#22)
[1960702.147] {Default Queue}  -> wl_data_device_manager#9.get_data_device(new id wl_data_device#25, wl_seat#22)
[1960702.207] {Default Queue}  -> wl_compositor#4.create_surface(new id wl_surface#26)
[1960702.213] {Default Queue}  -> zwp_tablet_manager_v2#5.get_tablet_seat(new id zwp_tablet_seat_v2#27, wl_seat#22)
[1960702.219] {Default Queue}  -> wl_display#1.sync(new id wl_callback#28)
[1960702.455] {Display Queue} wl_display#1.delete_id(14)
[1960702.462] {Display Queue} wl_display#1.delete_id(21)
[1960702.466] {Display Queue} wl_display#1.delete_id(28)
[1960702.470] {Default Queue} wl_shm#7.format(0)
[1960702.474] {Default Queue} wl_shm#7.format(1)
[1960702.477] {Default Queue} wl_shm#7.format(1448434008)
[1960702.481] {Default Queue} wl_shm#7.format(808669761)
[1960702.485] {Default Queue} wl_shm#7.format(808669784)
[1960702.489] {Default Queue} wl_shm#7.format(808665665)
[1960702.492] {Default Queue} wl_shm#7.format(808665688)
[1960702.496] {Default Queue} wl_shm#7.format(942948929)
[1960702.499] {Default Queue} wl_shm#7.format(942948952)
[1960702.503] {Default Queue} wl_shm#7.format(875710274)
[1960702.507] {Default Queue} wl_shm#7.format(875710290)
[1960702.510] {Default Queue} org_kde_kwin_server_decoration_manager#12.default_mode(2)
[1960702.516] {Default Queue} wl_callback#14.done(18352)
[1960702.521] {Default Queue} wl_output#19.mode(1, 1920, 1080, 60000)
[1960702.527] {Default Queue} wl_output#19.scale(1)
[1960702.531] {Default Queue} wl_output#19.geometry(0, 0, 598, 336, 0, "Acer Technologies", "GN276HL", 0)
[1960702.537] {Default Queue} wl_output#19.done()
[1960702.546] {Default Queue} zxdg_output_v1#20.logical_position(0, 0)
[1960702.551] {Default Queue} zxdg_output_v1#20.logical_size(1920, 1080)
[1960702.555] {Default Queue} zxdg_output_v1#20.name("HDMI-A-1")
[1960702.559] {Default Queue} zxdg_output_v1#20.description("Acer Technologies GN276HL")
[1960702.563] {Default Queue} wl_output#19.done()
[1960702.567] {Default Queue} wl_callback#21.done(18352)
[1960702.572] {Default Queue} wl_seat#22.name("seat0")
[1960702.575] {Default Queue} wl_seat#22.capabilities(3)
[1960702.580] {Default Queue}  -> wl_seat#22.get_pointer(new id wl_pointer#21)
[1960702.589] {Default Queue}  -> zwp_pointer_gestures_v1#8.get_swipe_gesture(new id zwp_pointer_gesture_swipe_v1#14, wl_pointer#21)
[1960702.597] {Default Queue}  -> zwp_pointer_gestures_v1#8.get_pinch_gesture(new id zwp_pointer_gesture_pinch_v1#29, wl_pointer#21)
[1960702.604] {Default Queue}  -> wp_cursor_shape_manager_v1#10.get_pointer(new id wp_cursor_shape_device_v1#30, wl_pointer#21)
[1960702.609] {Default Queue}  -> wl_seat#22.get_keyboard(new id wl_keyboard#31)
[1960702.615] {Default Queue} wl_callback#28.done(18352)
[1960702.620] {Default Queue}  -> wl_registry#2.bind(63, "xdg_wm_base", 6, new id [unknown]#28)
[1960754.705] {Default Queue}  -> wl_compositor#4.create_surface(new id wl_surface#32)
[1960754.843]  -> wl_display#1.get_registry(new id wl_registry#33)
[1960754.851]  -> wl_display#1.sync(new id wl_callback#34)
[1960755.472] {Display Queue} wl_display#1.delete_id(34)
[1960755.493] wl_registry#33.global(1, "wl_compositor", 6)
[1960755.498] wl_registry#33.global(3, "zwp_tablet_manager_v2", 2)
[1960755.502] wl_registry#33.global(4, "zwp_keyboard_shortcuts_inhibit_manager_v1", 1)
[1960755.507] wl_registry#33.global(5, "xdg_session_manager_v1", 1)
[1960755.510] wl_registry#33.global(6, "zxdg_decoration_manager_v1", 2)
[1960755.514] wl_registry#33.global(7, "wp_viewporter", 1)
[1960755.518] wl_registry#33.global(8, "wp_security_context_manager_v1", 1)
[1960755.522] wl_registry#33.global(9, "wp_fractional_scale_manager_v1", 1)
[1960755.532] wl_registry#33.global(10, "wl_shm", 2)
[1960755.545] wl_registry#33.global(11, "wl_seat", 10)
[1960755.549] wl_registry#33.global(12, "zwp_pointer_gestures_v1", 3)
[1960755.552] wl_registry#33.global(13, "zwp_pointer_constraints_v1", 1)
[1960755.556] wl_registry#33.global(14, "zwp_relative_pointer_manager_v1", 1)
[1960755.560] wl_registry#33.global(15, "wl_data_device_manager", 3)
[1960755.564] wl_registry#33.global(16, "ext_data_control_manager_v1", 1)
[1960755.568] wl_registry#33.global(17, "wp_cursor_shape_manager_v1", 2)
[1960755.571] wl_registry#33.global(18, "zwp_primary_selection_device_manager_v1", 1)
[1960755.575] wl_registry#33.global(19, "org_kde_kwin_idle", 1)
[1960755.579] wl_registry#33.global(20, "zwp_idle_inhibit_manager_v1", 1)
[1960755.583] wl_registry#33.global(21, "ext_idle_notifier_v1", 2)
[1960755.586] wl_registry#33.global(22, "org_kde_plasma_shell", 8)
[1960755.590] wl_registry#33.global(23, "org_kde_kwin_appmenu_manager", 2)
[1960755.594] wl_registry#33.global(24, "org_kde_kwin_server_decoration_palette_manager", 1)
[1960755.598] wl_registry#33.global(26, "org_kde_plasma_virtual_desktop_management", 4)
[1960755.602] wl_registry#33.global(28, "org_kde_kwin_shadow_manager", 2)
[1960755.605] wl_registry#33.global(29, "org_kde_kwin_dpms_manager", 1)
[1960755.609] wl_registry#33.global(30, "org_kde_kwin_server_decoration_manager", 1)
[1960755.613] wl_registry#33.global(31, "kde_output_management_v2", 21)
[1960755.617] wl_registry#33.global(32, "kde_output_device_registry_v2", 23)
[1960755.621] wl_registry#33.global(33, "zxdg_output_manager_v1", 3)
[1960755.624] wl_registry#33.global(34, "wl_subcompositor", 1)
[1960755.628] wl_registry#33.global(35, "zxdg_exporter_v2", 1)
[1960755.632] wl_registry#33.global(36, "zxdg_importer_v2", 1)
[1960755.636] wl_registry#33.global(37, "zwp_input_method_v1", 1)
[1960755.640] wl_registry#33.global(39, "xdg_activation_v1", 1)
[1960755.643] wl_registry#33.global(41, "wp_content_type_manager_v1", 1)
[1960755.655] wl_registry#33.global(42, "wp_tearing_control_manager_v1", 1)
[1960755.659] wl_registry#33.global(43, "xdg_toplevel_drag_manager_v1", 1)
[1960755.663] wl_registry#33.global(44, "xdg_toplevel_icon_manager_v1", 1)
[1960755.667] wl_registry#33.global(45, "kde_screen_edge_manager_v1", 1)
[1960755.671] wl_registry#33.global(46, "frog_color_management_factory_v1", 1)
[1960755.674] wl_registry#33.global(47, "wp_presentation", 2)
[1960755.678] wl_registry#33.global(48, "wp_color_manager_v1", 2)
[1960755.682] wl_registry#33.global(49, "xdg_wm_dialog_v1", 1)
[1960755.686] wl_registry#33.global(50, "kde_external_brightness_v1", 3)
[1960755.690] wl_registry#33.global(51, "wp_alpha_modifier_v1", 1)
[1960755.694] wl_registry#33.global(52, "wl_fixes", 1)
[1960755.697] wl_registry#33.global(53, "wp_fifo_manager_v1", 1)
[1960755.701] wl_registry#33.global(54, "wp_single_pixel_buffer_manager_v1", 1)
[1960755.705] wl_registry#33.global(55, "xdg_toplevel_tag_manager_v1", 1)
[1960755.709] wl_registry#33.global(56, "wp_color_representation_manager_v1", 1)
[1960755.713] wl_registry#33.global(57, "wp_pointer_warp_v1", 1)
[1960755.716] wl_registry#33.global(58, "ext_background_effect_manager_v1", 1)
[1960755.720] wl_registry#33.global(60, "zwp_linux_dmabuf_v1", 5)
[1960755.724] wl_registry#33.global(61, "wp_linux_drm_syncobj_manager_v1", 1)
[1960755.728] wl_registry#33.global(62, "zwp_input_panel_v1", 1)
[1960755.732] wl_registry#33.global(63, "xdg_wm_base", 6)
[1960755.736] wl_registry#33.global(64, "zwlr_layer_shell_v1", 5)
[1960755.739] wl_registry#33.global(65, "org_kde_kwin_keystate", 5)
[1960755.743] wl_registry#33.global(66, "wl_output", 4)
[1960755.747] wl_registry#33.global(67, "wp_drm_lease_device_v1", 1)
[1960755.751] wl_registry#33.global(68, "kde_output_order_v1", 1)
[1960755.755] wl_registry#33.global(69, "zwp_text_input_manager_v2", 1)
[1960755.758] wl_registry#33.global(70, "zwp_text_input_manager_v3", 2)
[1960755.762] wl_registry#33.global(72, "org_kde_kwin_slide_manager", 1)
[1960755.766] wl_registry#33.global(73, "xdg_system_bell_v1", 1)
[1960755.773] wl_callback#34.done(18352)
[1960755.780]  -> wl_registry#33.bind(60, "zwp_linux_dmabuf_v1", 4, new id [unknown]#34)
[1960755.785]  -> zwp_linux_dmabuf_v1#34.get_default_feedback(new id zwp_linux_dmabuf_feedback_v1#35)
[1960755.789]  -> wl_display#1.sync(new id wl_callback#36)
[1960755.926] {Display Queue} wl_display#1.delete_id(36)
[1960755.931] zwp_linux_dmabuf_feedback_v1#35.format_table(fd 16, 8992)
[1960755.957] zwp_linux_dmabuf_feedback_v1#35.main_device(array[8])
[1960755.961] zwp_linux_dmabuf_feedback_v1#35.tranche_target_device(array[8])
[1960755.965] zwp_linux_dmabuf_feedback_v1#35.tranche_formats(array[208])
[1960755.972] zwp_linux_dmabuf_feedback_v1#35.tranche_flags(0)
[1960755.976] zwp_linux_dmabuf_feedback_v1#35.tranche_done()
[1960755.980] zwp_linux_dmabuf_feedback_v1#35.tranche_target_device(array[8])
[1960755.984] zwp_linux_dmabuf_feedback_v1#35.tranche_formats(array[208])
[1960755.988] zwp_linux_dmabuf_feedback_v1#35.tranche_flags(0)
[1960755.992] zwp_linux_dmabuf_feedback_v1#35.tranche_done()
[1960755.996] zwp_linux_dmabuf_feedback_v1#35.tranche_target_device(array[8])
[1960755.999] zwp_linux_dmabuf_feedback_v1#35.tranche_formats(array[708])
[1960756.004] zwp_linux_dmabuf_feedback_v1#35.tranche_flags(0)
[1960756.008] zwp_linux_dmabuf_feedback_v1#35.tranche_done()
[1960756.012] zwp_linux_dmabuf_feedback_v1#35.done()
[1960756.015] wl_callback#36.done(18352)
[1960756.020]  -> zwp_linux_dmabuf_feedback_v1#35.destroy()
[1960789.507] {Default Queue}  -> wl_registry#33.bind(61, "wp_linux_drm_syncobj_manager_v1", 1, new id [unknown]#36)
[1960790.940] {Default Queue}  -> zwp_linux_dmabuf_v1#34.destroy()
[1960790.949] {Default Queue}  -> wp_linux_drm_syncobj_manager_v1#36.destroy()
[1960791.121]  -> wl_display#1.get_registry(new id wl_registry#37)
[1960791.129]  -> wl_display#1.sync(new id wl_callback#38)
[1960791.446] {Display Queue} wl_display#1.delete_id(35)
[1960791.461] {Display Queue} wl_display#1.delete_id(34)
[1960791.465] {Display Queue} wl_display#1.delete_id(36)
[1960791.469] {Display Queue} wl_display#1.delete_id(38)
[1960791.472] wl_registry#37.global(1, "wl_compositor", 6)
[1960791.477] wl_registry#37.global(3, "zwp_tablet_manager_v2", 2)
[1960791.481] wl_registry#37.global(4, "zwp_keyboard_shortcuts_inhibit_manager_v1", 1)
[1960791.485] wl_registry#37.global(5, "xdg_session_manager_v1", 1)
[1960791.489] wl_registry#37.global(6, "zxdg_decoration_manager_v1", 2)
[1960791.493] wl_registry#37.global(7, "wp_viewporter", 1)
[1960791.496] wl_registry#37.global(8, "wp_security_context_manager_v1", 1)
[1960791.500] wl_registry#37.global(9, "wp_fractional_scale_manager_v1", 1)
[1960791.504] wl_registry#37.global(10, "wl_shm", 2)
[1960791.508] wl_registry#37.global(11, "wl_seat", 10)
[1960791.512] wl_registry#37.global(12, "zwp_pointer_gestures_v1", 3)
[1960791.515] wl_registry#37.global(13, "zwp_pointer_constraints_v1", 1)
[1960791.519] wl_registry#37.global(14, "zwp_relative_pointer_manager_v1", 1)
[1960791.523] wl_registry#37.global(15, "wl_data_device_manager", 3)
[1960791.527] wl_registry#37.global(16, "ext_data_control_manager_v1", 1)
[1960791.530] wl_registry#37.global(17, "wp_cursor_shape_manager_v1", 2)
[1960791.534] wl_registry#37.global(18, "zwp_primary_selection_device_manager_v1", 1)
[1960791.538] wl_registry#37.global(19, "org_kde_kwin_idle", 1)
[1960791.542] wl_registry#37.global(20, "zwp_idle_inhibit_manager_v1", 1)
[1960791.545] wl_registry#37.global(21, "ext_idle_notifier_v1", 2)
[1960791.549] wl_registry#37.global(22, "org_kde_plasma_shell", 8)
[1960791.553] wl_registry#37.global(23, "org_kde_kwin_appmenu_manager", 2)
[1960791.557] wl_registry#37.global(24, "org_kde_kwin_server_decoration_palette_manager", 1)
[1960791.560] wl_registry#37.global(26, "org_kde_plasma_virtual_desktop_management", 4)
[1960791.564] wl_registry#37.global(28, "org_kde_kwin_shadow_manager", 2)
[1960791.568] wl_registry#37.global(29, "org_kde_kwin_dpms_manager", 1)
[1960791.572] wl_registry#37.global(30, "org_kde_kwin_server_decoration_manager", 1)
[1960791.576] wl_registry#37.global(31, "kde_output_management_v2", 21)
[1960791.586] wl_registry#37.global(32, "kde_output_device_registry_v2", 23)
[1960791.606] wl_registry#37.global(33, "zxdg_output_manager_v1", 3)
[1960791.610] wl_registry#37.global(34, "wl_subcompositor", 1)
[1960791.613] wl_registry#37.global(35, "zxdg_exporter_v2", 1)
[1960791.617] wl_registry#37.global(36, "zxdg_importer_v2", 1)
[1960791.621] wl_registry#37.global(37, "zwp_input_method_v1", 1)
[1960791.625] wl_registry#37.global(39, "xdg_activation_v1", 1)
[1960791.628] wl_registry#37.global(41, "wp_content_type_manager_v1", 1)
[1960791.632] wl_registry#37.global(42, "wp_tearing_control_manager_v1", 1)
[1960791.636] wl_registry#37.global(43, "xdg_toplevel_drag_manager_v1", 1)
[1960791.640] wl_registry#37.global(44, "xdg_toplevel_icon_manager_v1", 1)
[1960791.643] wl_registry#37.global(45, "kde_screen_edge_manager_v1", 1)
[1960791.658] wl_registry#37.global(46, "frog_color_management_factory_v1", 1)
[1960791.664] wl_registry#37.global(47, "wp_presentation", 2)
[1960791.670] wl_registry#37.global(48, "wp_color_manager_v1", 2)
[1960791.675] wl_registry#37.global(49, "xdg_wm_dialog_v1", 1)
[1960791.680] wl_registry#37.global(50, "kde_external_brightness_v1", 3)
[1960791.685] wl_registry#37.global(51, "wp_alpha_modifier_v1", 1)
[1960791.689] wl_registry#37.global(52, "wl_fixes", 1)
[1960791.693] wl_registry#37.global(53, "wp_fifo_manager_v1", 1)
[1960791.696] wl_registry#37.global(54, "wp_single_pixel_buffer_manager_v1", 1)
[1960791.700] wl_registry#37.global(55, "xdg_toplevel_tag_manager_v1", 1)
[1960791.704] wl_registry#37.global(56, "wp_color_representation_manager_v1", 1)
[1960791.708] wl_registry#37.global(57, "wp_pointer_warp_v1", 1)
[1960791.712] wl_registry#37.global(58, "ext_background_effect_manager_v1", 1)
[1960791.715] wl_registry#37.global(60, "zwp_linux_dmabuf_v1", 5)
[1960791.719] wl_registry#37.global(61, "wp_linux_drm_syncobj_manager_v1", 1)
[1960791.723] wl_registry#37.global(62, "zwp_input_panel_v1", 1)
[1960791.727] wl_registry#37.global(63, "xdg_wm_base", 6)
[1960791.731] wl_registry#37.global(64, "zwlr_layer_shell_v1", 5)
[1960791.734] wl_registry#37.global(65, "org_kde_kwin_keystate", 5)
[1960791.738] wl_registry#37.global(66, "wl_output", 4)
[1960791.742] wl_registry#37.global(67, "wp_drm_lease_device_v1", 1)
[1960791.746] wl_registry#37.global(68, "kde_output_order_v1", 1)
[1960791.750] wl_registry#37.global(69, "zwp_text_input_manager_v2", 1)
[1960791.753] wl_registry#37.global(70, "zwp_text_input_manager_v3", 2)
[1960791.757] wl_registry#37.global(72, "org_kde_kwin_slide_manager", 1)
[1960791.761] wl_registry#37.global(73, "xdg_system_bell_v1", 1)
[1960791.765] wl_callback#38.done(18352)
[1960791.770]  -> wl_registry#37.bind(60, "zwp_linux_dmabuf_v1", 4, new id [unknown]#38)
[1960791.774]  -> zwp_linux_dmabuf_v1#38.get_default_feedback(new id zwp_linux_dmabuf_feedback_v1#36)
[1960791.778]  -> wl_display#1.sync(new id wl_callback#34)
[1960791.910] {Display Queue} wl_display#1.delete_id(34)
[1960791.915] zwp_linux_dmabuf_feedback_v1#36.format_table(fd 16, 8992)
[1960791.946] zwp_linux_dmabuf_feedback_v1#36.main_device(array[8])
[1960791.951] zwp_linux_dmabuf_feedback_v1#36.tranche_target_device(array[8])
[1960791.954] zwp_linux_dmabuf_feedback_v1#36.tranche_formats(array[208])
[1960791.962] zwp_linux_dmabuf_feedback_v1#36.tranche_flags(0)
[1960791.966] zwp_linux_dmabuf_feedback_v1#36.tranche_done()
[1960791.970] zwp_linux_dmabuf_feedback_v1#36.tranche_target_device(array[8])
[1960791.974] zwp_linux_dmabuf_feedback_v1#36.tranche_formats(array[208])
[1960791.978] zwp_linux_dmabuf_feedback_v1#36.tranche_flags(0)
[1960791.981] zwp_linux_dmabuf_feedback_v1#36.tranche_done()
[1960791.985] zwp_linux_dmabuf_feedback_v1#36.tranche_target_device(array[8])
[1960791.989] zwp_linux_dmabuf_feedback_v1#36.tranche_formats(array[708])
[1960791.993] zwp_linux_dmabuf_feedback_v1#36.tranche_flags(0)
[1960791.997] zwp_linux_dmabuf_feedback_v1#36.tranche_done()
[1960792.001] zwp_linux_dmabuf_feedback_v1#36.done()
[1960792.004] wl_callback#34.done(18352)
[1960792.009]  -> zwp_linux_dmabuf_feedback_v1#36.destroy()
[1960795.122] {Default Queue}  -> wl_registry#37.bind(61, "wp_linux_drm_syncobj_manager_v1", 1, new id [unknown]#34)
[1960882.377] {Default Queue}  -> wl_surface#32.destroy()
[1960882.509] {Default Queue}  -> wl_compositor#4.create_surface(new id wl_surface#35)
[1960883.114] {Default Queue}  -> wl_surface#35.destroy()
[1960886.372] {Default Queue}  -> wl_compositor#4.create_surface(new id wl_surface#39)
[1960886.438] {Default Queue}  -> wl_display#1.get_registry(new id wl_registry#40)
[1960886.506] {Default Queue}  -> xdg_wm_base#28.get_xdg_surface(new id xdg_surface#41, wl_surface#39)
[1960886.514] {Default Queue}  -> xdg_surface#41.get_toplevel(new id xdg_toplevel#42)
[1960886.520] {Default Queue}  -> xdg_toplevel#42.set_parent(nil)
[1960886.524] {Default Queue}  -> xdg_toplevel#42.set_title("01-webkit")
[1960886.528] {Default Queue}  -> xdg_toplevel#42.set_app_id("01-webkit")
[1960886.532] {Default Queue}  -> wl_surface#39.commit()
[1960886.537] {Default Queue}  -> org_kde_kwin_server_decoration_manager#12.create(new id org_kde_kwin_server_decoration#43, wl_surface#39)
[1960886.544] {Default Queue}  -> org_kde_kwin_server_decoration#43.request_mode(2)
[1960886.732] {Default Queue} wl_keyboard#31.repeat_info(25, 600)
[1960886.745] {Default Queue} wl_keyboard#31.keymap(1, fd 15, 36744)
[1960889.772] {Display Queue} wl_display#1.delete_id(36)
[1960889.785] {Display Queue} wl_display#1.delete_id(32)
[1960889.789] {Display Queue} wl_display#1.delete_id(35)
[1960889.793] {Default Queue} wl_registry#40.global(1, "wl_compositor", 6)
[1960889.798] {Default Queue} wl_registry#40.global(3, "zwp_tablet_manager_v2", 2)
[1960889.802] {Default Queue} wl_registry#40.global(4, "zwp_keyboard_shortcuts_inhibit_manager_v1", 1)
[1960889.806] {Default Queue} wl_registry#40.global(5, "xdg_session_manager_v1", 1)
[1960889.810] {Default Queue} wl_registry#40.global(6, "zxdg_decoration_manager_v1", 2)
[1960889.814] {Default Queue} wl_registry#40.global(7, "wp_viewporter", 1)
[1960889.818] {Default Queue} wl_registry#40.global(8, "wp_security_context_manager_v1", 1)
[1960889.822] {Default Queue} wl_registry#40.global(9, "wp_fractional_scale_manager_v1", 1)
[1960889.826] {Default Queue} wl_registry#40.global(10, "wl_shm", 2)
[1960889.830] {Default Queue} wl_registry#40.global(11, "wl_seat", 10)
[1960889.833] {Default Queue} wl_registry#40.global(12, "zwp_pointer_gestures_v1", 3)
[1960889.837] {Default Queue} wl_registry#40.global(13, "zwp_pointer_constraints_v1", 1)
[1960889.841] {Default Queue} wl_registry#40.global(14, "zwp_relative_pointer_manager_v1", 1)
[1960889.845] {Default Queue} wl_registry#40.global(15, "wl_data_device_manager", 3)
[1960889.849] {Default Queue} wl_registry#40.global(16, "ext_data_control_manager_v1", 1)
[1960889.852] {Default Queue} wl_registry#40.global(17, "wp_cursor_shape_manager_v1", 2)
[1960889.856] {Default Queue} wl_registry#40.global(18, "zwp_primary_selection_device_manager_v1", 1)
[1960889.860] {Default Queue} wl_registry#40.global(19, "org_kde_kwin_idle", 1)
[1960889.864] {Default Queue} wl_registry#40.global(20, "zwp_idle_inhibit_manager_v1", 1)
[1960889.868] {Default Queue} wl_registry#40.global(21, "ext_idle_notifier_v1", 2)
[1960889.872] {Default Queue} wl_registry#40.global(22, "org_kde_plasma_shell", 8)
[1960889.876] {Default Queue} wl_registry#40.global(23, "org_kde_kwin_appmenu_manager", 2)
[1960889.879] {Default Queue} wl_registry#40.global(24, "org_kde_kwin_server_decoration_palette_manager", 1)
[1960889.883] {Default Queue} wl_registry#40.global(26, "org_kde_plasma_virtual_desktop_management", 4)
[1960889.887] {Default Queue} wl_registry#40.global(28, "org_kde_kwin_shadow_manager", 2)
[1960889.891] {Default Queue} wl_registry#40.global(29, "org_kde_kwin_dpms_manager", 1)
[1960889.895] {Default Queue} wl_registry#40.global(30, "org_kde_kwin_server_decoration_manager", 1)
[1960889.898] {Default Queue} wl_registry#40.global(31, "kde_output_management_v2", 21)
[1960889.902] {Default Queue} wl_registry#40.global(32, "kde_output_device_registry_v2", 23)
[1960889.906] {Default Queue} wl_registry#40.global(33, "zxdg_output_manager_v1", 3)
[1960889.916] {Default Queue} wl_registry#40.global(34, "wl_subcompositor", 1)
[1960889.926] {Default Queue} wl_registry#40.global(35, "zxdg_exporter_v2", 1)
[1960889.930] {Default Queue} wl_registry#40.global(36, "zxdg_importer_v2", 1)
[1960889.934] {Default Queue} wl_registry#40.global(37, "zwp_input_method_v1", 1)
[1960889.938] {Default Queue} wl_registry#40.global(39, "xdg_activation_v1", 1)
[1960889.942] {Default Queue} wl_registry#40.global(41, "wp_content_type_manager_v1", 1)
[1960889.946] {Default Queue} wl_registry#40.global(42, "wp_tearing_control_manager_v1", 1)
[1960889.950] {Default Queue} wl_registry#40.global(43, "xdg_toplevel_drag_manager_v1", 1)
[1960889.953] {Default Queue} wl_registry#40.global(44, "xdg_toplevel_icon_manager_v1", 1)
[1960889.957] {Default Queue} wl_registry#40.global(45, "kde_screen_edge_manager_v1", 1)
[1960889.961] {Default Queue} wl_registry#40.global(46, "frog_color_management_factory_v1", 1)
[1960889.965] {Default Queue} wl_registry#40.global(47, "wp_presentation", 2)
[1960889.969] {Default Queue} wl_registry#40.global(48, "wp_color_manager_v1", 2)
[1960889.973] {Default Queue} wl_registry#40.global(49, "xdg_wm_dialog_v1", 1)
[1960889.976] {Default Queue} wl_registry#40.global(50, "kde_external_brightness_v1", 3)
[1960889.980] {Default Queue} wl_registry#40.global(51, "wp_alpha_modifier_v1", 1)
[1960889.984] {Default Queue} wl_registry#40.global(52, "wl_fixes", 1)
[1960889.988] {Default Queue} wl_registry#40.global(53, "wp_fifo_manager_v1", 1)
[1960889.992] {Default Queue} wl_registry#40.global(54, "wp_single_pixel_buffer_manager_v1", 1)
[1960889.996] {Default Queue} wl_registry#40.global(55, "xdg_toplevel_tag_manager_v1", 1)
[1960890.000] {Default Queue} wl_registry#40.global(56, "wp_color_representation_manager_v1", 1)
[1960890.004] {Default Queue} wl_registry#40.global(57, "wp_pointer_warp_v1", 1)
[1960890.008] {Default Queue} wl_registry#40.global(58, "ext_background_effect_manager_v1", 1)
[1960890.011] {Default Queue} wl_registry#40.global(60, "zwp_linux_dmabuf_v1", 5)
[1960890.015] {Default Queue} wl_registry#40.global(61, "wp_linux_drm_syncobj_manager_v1", 1)
[1960890.019] {Default Queue} wl_registry#40.global(62, "zwp_input_panel_v1", 1)
[1960890.023] {Default Queue} wl_registry#40.global(63, "xdg_wm_base", 6)
[1960890.027] {Default Queue} wl_registry#40.global(64, "zwlr_layer_shell_v1", 5)
[1960890.031] {Default Queue} wl_registry#40.global(65, "org_kde_kwin_keystate", 5)
[1960890.035] {Default Queue} wl_registry#40.global(66, "wl_output", 4)
[1960890.038] {Default Queue} wl_registry#40.global(67, "wp_drm_lease_device_v1", 1)
[1960890.042] {Default Queue} wl_registry#40.global(68, "kde_output_order_v1", 1)
[1960890.046] {Default Queue} wl_registry#40.global(69, "zwp_text_input_manager_v2", 1)
[1960890.050] {Default Queue} wl_registry#40.global(70, "zwp_text_input_manager_v3", 2)
[1960890.054] {Default Queue}  -> wl_registry#40.bind(70, "zwp_text_input_manager_v3", 1, new id [unknown]#35)
[1960890.059] {Default Queue}  -> zwp_text_input_manager_v3#35.get_text_input(new id zwp_text_input_v3#32, wl_seat#22)
[1960890.064] {Default Queue} wl_registry#40.global(72, "org_kde_kwin_slide_manager", 1)
[1960890.068] {Default Queue} wl_registry#40.global(73, "xdg_system_bell_v1", 1)
[1960890.072] {Default Queue} xdg_toplevel#42.wm_capabilities(array[16])
[1960890.077] {Default Queue} org_kde_kwin_server_decoration#43.mode(2)
[1960890.081] {Default Queue} org_kde_kwin_server_decoration#43.mode(2)
[1960890.085] {Default Queue} org_kde_kwin_server_decoration#43.mode(2)
[1960890.088] {Default Queue} xdg_toplevel#42.configure_bounds(1920, 1020)
[1960890.092] {Default Queue} xdg_toplevel#42.configure(0, 0, array[0])
[1960890.097] {Default Queue} xdg_surface#41.configure(18353)
[1960890.106] {Default Queue}  -> xdg_surface#41.ack_configure(18353)
[1960930.742] {Default Queue}  -> wl_shm#7.create_pool(new id wl_shm_pool#36, fd 48, 1920000)
[1960930.766] {Default Queue}  -> wl_shm_pool#36.create_buffer(new id wl_buffer#44, 0, 800, 600, 3200, 0)
[1960932.156] {Default Queue}  -> wl_surface#39.attach(wl_buffer#44, 0, 0)
[1960932.178] {Default Queue}  -> wl_surface#39.set_buffer_scale(1)
[1960932.182] {Default Queue}  -> wl_surface#39.damage(0, 0, 800, 600)
[1960932.187] {Default Queue}  -> xdg_toplevel#42.set_min_size(0, 0)
[1960932.191] {Default Queue}  -> xdg_toplevel#42.set_max_size(0, 0)
[1960932.196] {Default Queue}  -> xdg_surface#41.set_window_geometry(0, 0, 800, 600)
[1960932.201] {Default Queue}  -> wl_compositor#4.create_region(new id wl_region#45)
[1960932.205] {Default Queue}  -> wl_region#45.add(0, 0, 800, 600)
[1960932.209] {Default Queue}  -> wl_surface#39.set_opaque_region(wl_region#45)
[1960932.213] {Default Queue}  -> wl_region#45.destroy()
[1960932.218] {Default Queue}  -> wl_surface#39.set_input_region(nil)
[1960932.230] {Default Queue}  -> wl_surface#39.frame(new id wl_callback#46)
[1960932.234] {Default Queue}  -> wl_surface#39.commit()
[1960933.079] {Display Queue} wl_display#1.delete_id(45)
[1960933.096] {Default Queue} wl_surface#39.enter(wl_output#19)
[1960933.106] {Default Queue} wl_pointer#21.enter(18354, wl_surface#39, 296.05078125, 444.02734375)
[1960933.118] {Default Queue} wl_pointer#21.frame()
[1960933.168] {Default Queue}  -> wp_cursor_shape_device_v1#30.set_shape(18354, 1)
[1960933.176] {Default Queue} wl_keyboard#31.modifiers(18355, 0, 0, 0, 0)
[1960933.190] {Default Queue} xdg_wm_base#28.ping(18356)
[1960933.195] {Default Queue}  -> xdg_wm_base#28.pong(18356)
[1960933.200] {Default Queue} wl_keyboard#31.enter(18357, wl_surface#39, array[0])
[1960933.205] {Default Queue} wl_keyboard#31.modifiers(18355, 0, 0, 0, 0)
[1960933.211] {Default Queue} wl_data_device#25.data_offer(new id wl_data_offer#4278190080)
[1960933.215] {Default Queue} wl_data_offer#4278190080.offer("text/html")
[1960933.221] {Default Queue} wl_data_offer#4278190080.offer("text/plain")
[1960933.225] {Default Queue} wl_data_offer#4278190080.offer("text/plain;charset=utf-8")
[1960933.229] {Default Queue} wl_data_offer#4278190080.offer("application/x-kde-onlyReplaceEmpty")
[1960933.233] {Default Queue} wl_data_device#25.selection(wl_data_offer#4278190080)
[1960933.240] {Default Queue} zwp_primary_selection_device_v1#24.data_offer(new id zwp_primary_selection_offer_v1#4278190081)
[1960933.244] {Default Queue} zwp_primary_selection_offer_v1#4278190081.offer("text/html")
[1960933.248] {Default Queue} zwp_primary_selection_offer_v1#4278190081.offer("text/_moz_htmlcontext")
[1960933.253] {Default Queue} zwp_primary_selection_offer_v1#4278190081.offer("text/_moz_htmlinfo")
[1960933.257] {Default Queue} zwp_primary_selection_offer_v1#4278190081.offer("text/plain;charset=utf-8")
[1960933.260] {Default Queue} zwp_primary_selection_offer_v1#4278190081.offer("UTF8_STRING")
[1960933.264] {Default Queue} zwp_primary_selection_offer_v1#4278190081.offer("COMPOUND_TEXT")
[1960933.268] {Default Queue} zwp_primary_selection_offer_v1#4278190081.offer("TEXT")
[1960933.272] {Default Queue} zwp_primary_selection_offer_v1#4278190081.offer("text/plain")
[1960933.276] {Default Queue} zwp_primary_selection_offer_v1#4278190081.offer("STRING")
[1960933.280] {Default Queue} zwp_primary_selection_offer_v1#4278190081.offer("text/plain;charset=utf-8")
[1960933.284] {Default Queue} zwp_primary_selection_offer_v1#4278190081.offer("text/plain")
[1960933.287] {Default Queue} zwp_primary_selection_offer_v1#4278190081.offer("text/x-moz-url-priv")
[1960933.291] {Default Queue} zwp_primary_selection_device_v1#24.selection(zwp_primary_selection_offer_v1#4278190081)
[1960933.297] {Default Queue} zwp_text_input_v3#32.enter(wl_surface#39)
[1960933.301] {Default Queue} xdg_toplevel#42.configure(800, 600, array[4])
[1960933.306] {Default Queue} xdg_surface#41.configure(18360)
[1960933.315] {Default Queue}  -> xdg_surface#41.ack_configure(18360)
[1960943.056] {Display Queue} wl_display#1.delete_id(46)
[1960943.084] {Default Queue} wl_callback#46.done(3312220)
[1960943.322] {Default Queue}  -> wl_shm#7.create_pool(new id wl_shm_pool#46, fd 48, 1920000)
[1960943.338] {Default Queue}  -> wl_shm_pool#46.create_buffer(new id wl_buffer#45, 0, 800, 600, 3200, 0)
[1960945.020] {Default Queue}  -> wl_surface#39.attach(wl_buffer#45, 0, 0)
[1960945.041] {Default Queue}  -> wl_surface#39.set_buffer_scale(1)
[1960945.048] {Default Queue}  -> wl_surface#39.damage(0, 0, 800, 600)
[1960945.056] {Default Queue}  -> xdg_toplevel#42.set_min_size(0, 0)
[1960945.063] {Default Queue}  -> xdg_toplevel#42.set_max_size(0, 0)
[1960945.070] {Default Queue}  -> xdg_surface#41.set_window_geometry(0, 0, 800, 600)
[1960945.087] {Default Queue}  -> wl_surface#39.frame(new id wl_callback#47)
[1960945.095] {Default Queue}  -> wl_surface#39.commit()
[1960945.206] {Default Queue} wl_buffer#44.release()
[1960945.217] {Default Queue}  -> wl_buffer#44.destroy()
[1960945.224] {Default Queue}  -> wl_shm_pool#36.destroy()
[1960958.310] {Display Queue} wl_display#1.delete_id(44)
[1960958.345] {Display Queue} wl_display#1.delete_id(36)
[1960958.352] {Display Queue} wl_display#1.delete_id(47)
[1960958.358] {Default Queue} wl_callback#47.done(3312237)
[1961219.454] {Default Queue}  -> wl_shm#7.create_pool(new id wl_shm_pool#47, fd 50, 1920000)
[1961219.500] {Default Queue}  -> wl_shm_pool#47.create_buffer(new id wl_buffer#36, 0, 800, 600, 3200, 0)
[1961222.893] {Default Queue}  -> wl_surface#39.set_buffer_scale(1)
[1961222.957] {Default Queue}  -> wp_linux_drm_syncobj_manager_v1#34.get_surface(new id wp_linux_drm_syncobj_surface_v1#44, wl_surface#39)
[1961222.968] {EGLSurface(39)}  -> zwp_linux_dmabuf_v1#38.get_surface_feedback(new id zwp_linux_dmabuf_feedback_v1#48, wl_surface#39)
[1961222.976] {EGLSurface(39)}  -> wl_display#1.sync(new id wl_callback#49)
[1961223.139] {Display Queue} wl_display#1.delete_id(49)
[1961223.147] {EGLSurface(39)} zwp_linux_dmabuf_feedback_v1#48.format_table(fd 49, 8992)
[1961223.158] {EGLSurface(39)} zwp_linux_dmabuf_feedback_v1#48.main_device(array[8])
[1961223.163] {EGLSurface(39)} zwp_linux_dmabuf_feedback_v1#48.tranche_target_device(array[8])
[1961223.167] {EGLSurface(39)} zwp_linux_dmabuf_feedback_v1#48.tranche_formats(array[208])
[1961223.174] {EGLSurface(39)} zwp_linux_dmabuf_feedback_v1#48.tranche_flags(0)
[1961223.178] {EGLSurface(39)} zwp_linux_dmabuf_feedback_v1#48.tranche_done()
[1961223.182] {EGLSurface(39)} zwp_linux_dmabuf_feedback_v1#48.tranche_target_device(array[8])
[1961223.186] {EGLSurface(39)} zwp_linux_dmabuf_feedback_v1#48.tranche_formats(array[208])
[1961223.190] {EGLSurface(39)} zwp_linux_dmabuf_feedback_v1#48.tranche_flags(0)
[1961223.194] {EGLSurface(39)} zwp_linux_dmabuf_feedback_v1#48.tranche_done()
[1961223.197] {EGLSurface(39)} zwp_linux_dmabuf_feedback_v1#48.tranche_target_device(array[8])
[1961223.201] {EGLSurface(39)} zwp_linux_dmabuf_feedback_v1#48.tranche_formats(array[708])
[1961223.205] {EGLSurface(39)} zwp_linux_dmabuf_feedback_v1#48.tranche_flags(0)
[1961223.208] {EGLSurface(39)} zwp_linux_dmabuf_feedback_v1#48.tranche_done()
[1961223.212] {EGLSurface(39)} zwp_linux_dmabuf_feedback_v1#48.done()
[1961223.216] {EGLSurface(39)} wl_callback#49.done(18360)
[1961223.390] {Default Queue}  -> wp_linux_drm_syncobj_manager_v1#34.import_timeline(new id wp_linux_drm_syncobj_timeline_v1#49, fd 51)
[1961223.401] {EGLSurface(39/0x36fdea00)}  -> zwp_linux_dmabuf_v1#38.create_params(new id zwp_linux_buffer_params_v1#50)
[1961223.406] {EGLSurface(39/0x36fdea00)}  -> zwp_linux_buffer_params_v1#50.add(fd 50, 0, 0, 3200, 50331648, 6316052)
[1961223.411] {EGLSurface(39/0x36fdea00)}  -> zwp_linux_buffer_params_v1#50.create(800, 600, 875713089, 0)
[1961223.416] {EGLSurface(39/0x36fdea00)}  -> wl_display#1.sync(new id wl_callback#51)
[1961223.611] {Display Queue} wl_display#1.delete_id(51)
[1961223.621] {EGLSurface(39/0x36fdea00)} zwp_linux_buffer_params_v1#50.created(new id wl_buffer#4278190082)
[1961223.626] {EGLSurface(39/0x36fdea00)} wl_callback#51.done(18360)
[1961223.630] {EGLSurface(39/0x36fdea00)}  -> zwp_linux_buffer_params_v1#50.destroy()
[1961226.752] {Default Queue}  -> wl_surface#39.attach(wl_buffer#36, 0, 0)
[1961226.773] {Default Queue}  -> wl_surface#39.set_buffer_scale(1)
[1961226.779] {Default Queue}  -> wl_surface#39.damage(0, 0, 800, 600)
[1961226.791] {Default Queue}  -> xdg_toplevel#42.set_min_size(0, 0)
[1961226.802] {Default Queue}  -> xdg_toplevel#42.set_max_size(0, 0)
[1961226.808] {Default Queue}  -> xdg_surface#41.set_window_geometry(0, 0, 800, 600)
[1961226.847] {Default Queue}  -> wl_surface#39.frame(new id wl_callback#51)
[1961226.852] {Default Queue}  -> wl_surface#39.commit()
[1961226.981] {Display Queue} wl_display#1.delete_id(50)
[1961226.995] {Display Queue} wl_display#1.error(wp_linux_drm_syncobj_surface_v1#44, 4, "explicit sync is used, but no acquire point is set")
Gdk-Message: 00:33:20.149: Error 71 (Protocol error) dispatching to Wayland display.
