[1961277.418] {Default Queue}  -> wl_display#1.get_registry(new id wl_registry#2)
[1961277.446] {Default Queue}  -> wl_display#1.sync(new id wl_callback#3)
[1961279.624] {Display Queue} wl_display#1.delete_id(3)
[1961279.638] {Default Queue} wl_registry#2.global(1, "wl_compositor", 6)
[1961279.645] {Default Queue}  -> wl_registry#2.bind(1, "wl_compositor", 3, new id [unknown]#4)
[1961279.655] {Default Queue} wl_registry#2.global(3, "zwp_tablet_manager_v2", 2)
[1961279.660] {Default Queue}  -> wl_registry#2.bind(3, "zwp_tablet_manager_v2", 1, new id [unknown]#5)
[1961279.664] {Default Queue} wl_registry#2.global(4, "zwp_keyboard_shortcuts_inhibit_manager_v1", 1)
[1961279.669] {Default Queue}  -> wl_registry#2.bind(4, "zwp_keyboard_shortcuts_inhibit_manager_v1", 1, new id [unknown]#6)
[1961279.673] {Default Queue} wl_registry#2.global(5, "xdg_session_manager_v1", 1)
[1961279.677] {Default Queue} wl_registry#2.global(6, "zxdg_decoration_manager_v1", 2)
[1961279.681] {Default Queue} wl_registry#2.global(7, "wp_viewporter", 1)
[1961279.685] {Default Queue} wl_registry#2.global(8, "wp_security_context_manager_v1", 1)
[1961279.689] {Default Queue} wl_registry#2.global(9, "wp_fractional_scale_manager_v1", 1)
[1961279.694] {Default Queue} wl_registry#2.global(10, "wl_shm", 2)
[1961279.698] {Default Queue}  -> wl_registry#2.bind(10, "wl_shm", 1, new id [unknown]#7)
[1961279.702] {Default Queue} wl_registry#2.global(11, "wl_seat", 10)
[1961279.707] {Default Queue} wl_registry#2.global(12, "zwp_pointer_gestures_v1", 3)
[1961279.711] {Default Queue}  -> wl_registry#2.bind(12, "zwp_pointer_gestures_v1", 1, new id [unknown]#8)
[1961279.715] {Default Queue} wl_registry#2.global(13, "zwp_pointer_constraints_v1", 1)
[1961279.719] {Default Queue} wl_registry#2.global(14, "zwp_relative_pointer_manager_v1", 1)
[1961279.723] {Default Queue} wl_registry#2.global(15, "wl_data_device_manager", 3)
[1961279.727] {Default Queue}  -> wl_registry#2.bind(15, "wl_data_device_manager", 3, new id [unknown]#9)
[1961279.731] {Default Queue} wl_registry#2.global(16, "ext_data_control_manager_v1", 1)
[1961279.735] {Default Queue} wl_registry#2.global(17, "wp_cursor_shape_manager_v1", 2)
[1961279.739] {Default Queue}  -> wl_registry#2.bind(17, "wp_cursor_shape_manager_v1", 1, new id [unknown]#10)
[1961279.743] {Default Queue} wl_registry#2.global(18, "zwp_primary_selection_device_manager_v1", 1)
[1961279.747] {Default Queue}  -> wl_registry#2.bind(18, "zwp_primary_selection_device_manager_v1", 1, new id [unknown]#11)
[1961279.751] {Default Queue} wl_registry#2.global(19, "org_kde_kwin_idle", 1)
[1961279.756] {Default Queue} wl_registry#2.global(20, "zwp_idle_inhibit_manager_v1", 1)
[1961279.762] {Default Queue} wl_registry#2.global(21, "ext_idle_notifier_v1", 2)
[1961279.766] {Default Queue} wl_registry#2.global(22, "org_kde_plasma_shell", 8)
[1961279.770] {Default Queue} wl_registry#2.global(23, "org_kde_kwin_appmenu_manager", 2)
[1961279.777] {Default Queue} wl_registry#2.global(24, "org_kde_kwin_server_decoration_palette_manager", 1)
[1961279.781] {Default Queue} wl_registry#2.global(26, "org_kde_plasma_virtual_desktop_management", 4)
[1961279.785] {Default Queue} wl_registry#2.global(28, "org_kde_kwin_shadow_manager", 2)
[1961279.789] {Default Queue} wl_registry#2.global(29, "org_kde_kwin_dpms_manager", 1)
[1961279.793] {Default Queue} wl_registry#2.global(30, "org_kde_kwin_server_decoration_manager", 1)
[1961279.797] {Default Queue}  -> wl_registry#2.bind(30, "org_kde_kwin_server_decoration_manager", 1, new id [unknown]#12)
[1961279.801] {Default Queue} wl_registry#2.global(31, "kde_output_management_v2", 21)
[1961279.805] {Default Queue} wl_registry#2.global(32, "kde_output_device_registry_v2", 23)
[1961279.809] {Default Queue} wl_registry#2.global(33, "zxdg_output_manager_v1", 3)
[1961279.813] {Default Queue}  -> wl_registry#2.bind(33, "zxdg_output_manager_v1", 3, new id [unknown]#13)
[1961279.819] {Default Queue}  -> wl_display#1.sync(new id wl_callback#14)
[1961279.823] {Default Queue} wl_registry#2.global(34, "wl_subcompositor", 1)
[1961279.827] {Default Queue}  -> wl_registry#2.bind(34, "wl_subcompositor", 1, new id [unknown]#15)
[1961279.838] {Default Queue} wl_registry#2.global(35, "zxdg_exporter_v2", 1)
[1961279.848] {Default Queue}  -> wl_registry#2.bind(35, "zxdg_exporter_v2", 1, new id [unknown]#16)
[1961279.853] {Default Queue} wl_registry#2.global(36, "zxdg_importer_v2", 1)
[1961279.857] {Default Queue}  -> wl_registry#2.bind(36, "zxdg_importer_v2", 1, new id [unknown]#17)
[1961279.861] {Default Queue} wl_registry#2.global(37, "zwp_input_method_v1", 1)
[1961279.865] {Default Queue} wl_registry#2.global(39, "xdg_activation_v1", 1)
[1961279.869] {Default Queue}  -> wl_registry#2.bind(39, "xdg_activation_v1", 1, new id [unknown]#18)
[1961279.876] {Default Queue} wl_registry#2.global(41, "wp_content_type_manager_v1", 1)
[1961279.880] {Default Queue} wl_registry#2.global(42, "wp_tearing_control_manager_v1", 1)
[1961279.884] {Default Queue} wl_registry#2.global(43, "xdg_toplevel_drag_manager_v1", 1)
[1961279.888] {Default Queue} wl_registry#2.global(44, "xdg_toplevel_icon_manager_v1", 1)
[1961279.893] {Default Queue} wl_registry#2.global(45, "kde_screen_edge_manager_v1", 1)
[1961279.897] {Default Queue} wl_registry#2.global(46, "frog_color_management_factory_v1", 1)
[1961279.901] {Default Queue} wl_registry#2.global(47, "wp_presentation", 2)
[1961279.905] {Default Queue} wl_registry#2.global(48, "wp_color_manager_v1", 2)
[1961279.909] {Default Queue} wl_registry#2.global(49, "xdg_wm_dialog_v1", 1)
[1961279.913] {Default Queue} wl_registry#2.global(50, "kde_external_brightness_v1", 3)
[1961279.917] {Default Queue} wl_registry#2.global(51, "wp_alpha_modifier_v1", 1)
[1961279.922] {Default Queue} wl_registry#2.global(52, "wl_fixes", 1)
[1961279.926] {Default Queue} wl_registry#2.global(53, "wp_fifo_manager_v1", 1)
[1961279.930] {Default Queue} wl_registry#2.global(54, "wp_single_pixel_buffer_manager_v1", 1)
[1961279.935] {Default Queue} wl_registry#2.global(55, "xdg_toplevel_tag_manager_v1", 1)
[1961279.940] {Default Queue} wl_registry#2.global(56, "wp_color_representation_manager_v1", 1)
[1961279.945] {Default Queue} wl_registry#2.global(57, "wp_pointer_warp_v1", 1)
[1961279.951] {Default Queue} wl_registry#2.global(58, "ext_background_effect_manager_v1", 1)
[1961279.956] {Default Queue} wl_registry#2.global(60, "zwp_linux_dmabuf_v1", 5)
[1961279.961] {Default Queue} wl_registry#2.global(61, "wp_linux_drm_syncobj_manager_v1", 1)
[1961279.966] {Default Queue} wl_registry#2.global(62, "zwp_input_panel_v1", 1)
[1961279.971] {Default Queue} wl_registry#2.global(63, "xdg_wm_base", 6)
[1961279.977] {Default Queue} wl_registry#2.global(64, "zwlr_layer_shell_v1", 5)
[1961279.982] {Default Queue} wl_registry#2.global(65, "org_kde_kwin_keystate", 5)
[1961279.987] {Default Queue} wl_registry#2.global(66, "wl_output", 4)
[1961279.993] {Default Queue}  -> wl_registry#2.bind(66, "wl_output", 2, new id [unknown]#19)
[1961280.043] {Default Queue}  -> zxdg_output_manager_v1#13.get_xdg_output(new id zxdg_output_v1#20, wl_output#19)
[1961280.050] {Default Queue}  -> wl_display#1.sync(new id wl_callback#21)
[1961280.055] {Default Queue} wl_registry#2.global(67, "wp_drm_lease_device_v1", 1)
[1961280.063] {Default Queue} wl_registry#2.global(68, "kde_output_order_v1", 1)
[1961280.068] {Default Queue} wl_registry#2.global(69, "zwp_text_input_manager_v2", 1)
[1961280.073] {Default Queue} wl_registry#2.global(70, "zwp_text_input_manager_v3", 2)
[1961280.079] {Default Queue} wl_registry#2.global(72, "org_kde_kwin_slide_manager", 1)
[1961280.084] {Default Queue} wl_registry#2.global(73, "xdg_system_bell_v1", 1)
[1961280.089] {Default Queue} wl_callback#3.done(18367)
[1961280.144] {Default Queue}  -> wl_shm#7.create_pool(new id wl_shm_pool#3, fd 11, 2304)
[1961280.794] {Default Queue}  -> wl_shm_pool#3.resize(8704)
[1961280.823] {Default Queue}  -> wl_shm_pool#3.resize(21504)
[1961280.858] {Default Queue}  -> wl_shm_pool#3.resize(47104)
[1961280.920] {Default Queue}  -> wl_shm_pool#3.resize(98304)
[1961281.032] {Default Queue}  -> wl_shm_pool#3.resize(200704)
[1961281.423] {Default Queue}  -> wl_shm_pool#3.resize(405504)
[1961282.385] {Default Queue}  -> wl_shm_pool#3.resize(815104)
[1961284.309] {Default Queue}  -> wl_shm_pool#3.resize(1634304)
[1961289.530] {Default Queue}  -> wl_registry#2.bind(11, "wl_seat", 5, new id [unknown]#22)
[1961291.314] {Default Queue}  -> wl_compositor#4.create_surface(new id wl_surface#23)
[1961291.339] {Default Queue}  -> zwp_primary_selection_device_manager_v1#11.get_device(new id zwp_primary_selection_device_v1#24, wl_seat#22)
[1961291.349] {Default Queue}  -> wl_data_device_manager#9.get_data_device(new id wl_data_device#25, wl_seat#22)
[1961291.412] {Default Queue}  -> wl_compositor#4.create_surface(new id wl_surface#26)
[1961291.418] {Default Queue}  -> zwp_tablet_manager_v2#5.get_tablet_seat(new id zwp_tablet_seat_v2#27, wl_seat#22)
[1961291.424] {Default Queue}  -> wl_display#1.sync(new id wl_callback#28)
[1961291.693] {Display Queue} wl_display#1.delete_id(14)
[1961291.702] {Display Queue} wl_display#1.delete_id(21)
[1961291.706] {Display Queue} wl_display#1.delete_id(28)
[1961291.710] {Default Queue} wl_shm#7.format(0)
[1961291.713] {Default Queue} wl_shm#7.format(1)
[1961291.717] {Default Queue} wl_shm#7.format(1448434008)
[1961291.721] {Default Queue} wl_shm#7.format(808669761)
[1961291.725] {Default Queue} wl_shm#7.format(808669784)
[1961291.728] {Default Queue} wl_shm#7.format(808665665)
[1961291.732] {Default Queue} wl_shm#7.format(808665688)
[1961291.736] {Default Queue} wl_shm#7.format(942948929)
[1961291.739] {Default Queue} wl_shm#7.format(942948952)
[1961291.743] {Default Queue} wl_shm#7.format(875710274)
[1961291.747] {Default Queue} wl_shm#7.format(875710290)
[1961291.750] {Default Queue} org_kde_kwin_server_decoration_manager#12.default_mode(2)
[1961291.757] {Default Queue} wl_callback#14.done(18367)
[1961291.762] {Default Queue} wl_output#19.mode(1, 1920, 1080, 60000)
[1961291.767] {Default Queue} wl_output#19.scale(1)
[1961291.771] {Default Queue} wl_output#19.geometry(0, 0, 598, 336, 0, "Acer Technologies", "GN276HL", 0)
[1961291.779] {Default Queue} wl_output#19.done()
[1961291.788] {Default Queue} zxdg_output_v1#20.logical_position(0, 0)
[1961291.792] {Default Queue} zxdg_output_v1#20.logical_size(1920, 1080)
[1961291.796] {Default Queue} zxdg_output_v1#20.name("HDMI-A-1")
[1961291.800] {Default Queue} zxdg_output_v1#20.description("Acer Technologies GN276HL")
[1961291.804] {Default Queue} wl_output#19.done()
[1961291.809] {Default Queue} wl_callback#21.done(18367)
[1961291.813] {Default Queue} wl_seat#22.name("seat0")
[1961291.818] {Default Queue} wl_seat#22.capabilities(3)
[1961291.822] {Default Queue}  -> wl_seat#22.get_pointer(new id wl_pointer#21)
[1961291.831] {Default Queue}  -> zwp_pointer_gestures_v1#8.get_swipe_gesture(new id zwp_pointer_gesture_swipe_v1#14, wl_pointer#21)
[1961291.839] {Default Queue}  -> zwp_pointer_gestures_v1#8.get_pinch_gesture(new id zwp_pointer_gesture_pinch_v1#29, wl_pointer#21)
[1961291.846] {Default Queue}  -> wp_cursor_shape_manager_v1#10.get_pointer(new id wp_cursor_shape_device_v1#30, wl_pointer#21)
[1961291.851] {Default Queue}  -> wl_seat#22.get_keyboard(new id wl_keyboard#31)
[1961291.858] {Default Queue} wl_callback#28.done(18367)
[1961291.863] {Default Queue}  -> wl_registry#2.bind(63, "xdg_wm_base", 6, new id [unknown]#28)
[1961307.507] {Default Queue}  -> wl_compositor#4.create_surface(new id wl_surface#32)
[1961335.789]  -> wl_display#1.get_registry(new id wl_registry#33)
[1961335.809]  -> wl_display#1.sync(new id wl_callback#34)
[1961336.054] {Display Queue} wl_display#1.delete_id(34)
[1961336.062] wl_registry#33.global(1, "wl_compositor", 6)
[1961336.067] wl_registry#33.global(3, "zwp_tablet_manager_v2", 2)
[1961336.071] wl_registry#33.global(4, "zwp_keyboard_shortcuts_inhibit_manager_v1", 1)
[1961336.075] wl_registry#33.global(5, "xdg_session_manager_v1", 1)
[1961336.079] wl_registry#33.global(6, "zxdg_decoration_manager_v1", 2)
[1961336.083] wl_registry#33.global(7, "wp_viewporter", 1)
[1961336.087] wl_registry#33.global(8, "wp_security_context_manager_v1", 1)
[1961336.091] wl_registry#33.global(9, "wp_fractional_scale_manager_v1", 1)
[1961336.100] wl_registry#33.global(10, "wl_shm", 2)
[1961336.111] wl_registry#33.global(11, "wl_seat", 10)
[1961336.115] wl_registry#33.global(12, "zwp_pointer_gestures_v1", 3)
[1961336.119] wl_registry#33.global(13, "zwp_pointer_constraints_v1", 1)
[1961336.123] wl_registry#33.global(14, "zwp_relative_pointer_manager_v1", 1)
[1961336.127] wl_registry#33.global(15, "wl_data_device_manager", 3)
[1961336.130] wl_registry#33.global(16, "ext_data_control_manager_v1", 1)
[1961336.134] wl_registry#33.global(17, "wp_cursor_shape_manager_v1", 2)
[1961336.138] wl_registry#33.global(18, "zwp_primary_selection_device_manager_v1", 1)
[1961336.142] wl_registry#33.global(19, "org_kde_kwin_idle", 1)
[1961336.146] wl_registry#33.global(20, "zwp_idle_inhibit_manager_v1", 1)
[1961336.150] wl_registry#33.global(21, "ext_idle_notifier_v1", 2)
[1961336.154] wl_registry#33.global(22, "org_kde_plasma_shell", 8)
[1961336.158] wl_registry#33.global(23, "org_kde_kwin_appmenu_manager", 2)
[1961336.161] wl_registry#33.global(24, "org_kde_kwin_server_decoration_palette_manager", 1)
[1961336.165] wl_registry#33.global(26, "org_kde_plasma_virtual_desktop_management", 4)
[1961336.169] wl_registry#33.global(28, "org_kde_kwin_shadow_manager", 2)
[1961336.173] wl_registry#33.global(29, "org_kde_kwin_dpms_manager", 1)
[1961336.177] wl_registry#33.global(30, "org_kde_kwin_server_decoration_manager", 1)
[1961336.181] wl_registry#33.global(31, "kde_output_management_v2", 21)
[1961336.185] wl_registry#33.global(32, "kde_output_device_registry_v2", 23)
[1961336.189] wl_registry#33.global(33, "zxdg_output_manager_v1", 3)
[1961336.193] wl_registry#33.global(34, "wl_subcompositor", 1)
[1961336.197] wl_registry#33.global(35, "zxdg_exporter_v2", 1)
[1961336.201] wl_registry#33.global(36, "zxdg_importer_v2", 1)
[1961336.204] wl_registry#33.global(37, "zwp_input_method_v1", 1)
[1961336.208] wl_registry#33.global(39, "xdg_activation_v1", 1)
[1961336.212] wl_registry#33.global(41, "wp_content_type_manager_v1", 1)
[1961336.216] wl_registry#33.global(42, "wp_tearing_control_manager_v1", 1)
[1961336.220] wl_registry#33.global(43, "xdg_toplevel_drag_manager_v1", 1)
[1961336.224] wl_registry#33.global(44, "xdg_toplevel_icon_manager_v1", 1)
[1961336.228] wl_registry#33.global(45, "kde_screen_edge_manager_v1", 1)
[1961336.232] wl_registry#33.global(46, "frog_color_management_factory_v1", 1)
[1961336.236] wl_registry#33.global(47, "wp_presentation", 2)
[1961336.240] wl_registry#33.global(48, "wp_color_manager_v1", 2)
[1961336.243] wl_registry#33.global(49, "xdg_wm_dialog_v1", 1)
[1961336.247] wl_registry#33.global(50, "kde_external_brightness_v1", 3)
[1961336.251] wl_registry#33.global(51, "wp_alpha_modifier_v1", 1)
[1961336.255] wl_registry#33.global(52, "wl_fixes", 1)
[1961336.259] wl_registry#33.global(53, "wp_fifo_manager_v1", 1)
[1961336.263] wl_registry#33.global(54, "wp_single_pixel_buffer_manager_v1", 1)
[1961336.267] wl_registry#33.global(55, "xdg_toplevel_tag_manager_v1", 1)
[1961336.271] wl_registry#33.global(56, "wp_color_representation_manager_v1", 1)
[1961336.275] wl_registry#33.global(57, "wp_pointer_warp_v1", 1)
[1961336.278] wl_registry#33.global(58, "ext_background_effect_manager_v1", 1)
[1961336.282] wl_registry#33.global(60, "zwp_linux_dmabuf_v1", 5)
[1961336.286] wl_registry#33.global(61, "wp_linux_drm_syncobj_manager_v1", 1)
[1961336.290] wl_registry#33.global(62, "zwp_input_panel_v1", 1)
[1961336.294] wl_registry#33.global(63, "xdg_wm_base", 6)
[1961336.298] wl_registry#33.global(64, "zwlr_layer_shell_v1", 5)
[1961336.301] wl_registry#33.global(65, "org_kde_kwin_keystate", 5)
[1961336.305] wl_registry#33.global(66, "wl_output", 4)
[1961336.309] wl_registry#33.global(67, "wp_drm_lease_device_v1", 1)
[1961336.313] wl_registry#33.global(68, "kde_output_order_v1", 1)
[1961336.317] wl_registry#33.global(69, "zwp_text_input_manager_v2", 1)
[1961336.321] wl_registry#33.global(70, "zwp_text_input_manager_v3", 2)
[1961336.325] wl_registry#33.global(72, "org_kde_kwin_slide_manager", 1)
[1961336.329] wl_registry#33.global(73, "xdg_system_bell_v1", 1)
[1961336.336] wl_callback#34.done(18367)
[1961336.343]  -> wl_registry#33.bind(60, "zwp_linux_dmabuf_v1", 4, new id [unknown]#34)
[1961336.348]  -> zwp_linux_dmabuf_v1#34.get_default_feedback(new id zwp_linux_dmabuf_feedback_v1#35)
[1961336.353]  -> wl_display#1.sync(new id wl_callback#36)
[1961336.466] {Display Queue} wl_display#1.delete_id(36)
[1961336.471] zwp_linux_dmabuf_feedback_v1#35.format_table(fd 15, 8992)
[1961336.485] zwp_linux_dmabuf_feedback_v1#35.main_device(array[8])
[1961336.489] zwp_linux_dmabuf_feedback_v1#35.tranche_target_device(array[8])
[1961336.493] zwp_linux_dmabuf_feedback_v1#35.tranche_formats(array[208])
[1961336.500] zwp_linux_dmabuf_feedback_v1#35.tranche_flags(0)
[1961336.504] zwp_linux_dmabuf_feedback_v1#35.tranche_done()
[1961336.508] zwp_linux_dmabuf_feedback_v1#35.tranche_target_device(array[8])
[1961336.511] zwp_linux_dmabuf_feedback_v1#35.tranche_formats(array[208])
[1961336.516] zwp_linux_dmabuf_feedback_v1#35.tranche_flags(0)
[1961336.520] zwp_linux_dmabuf_feedback_v1#35.tranche_done()
[1961336.523] zwp_linux_dmabuf_feedback_v1#35.tranche_target_device(array[8])
[1961336.527] zwp_linux_dmabuf_feedback_v1#35.tranche_formats(array[708])
[1961336.531] zwp_linux_dmabuf_feedback_v1#35.tranche_flags(0)
[1961336.535] zwp_linux_dmabuf_feedback_v1#35.tranche_done()
[1961336.539] zwp_linux_dmabuf_feedback_v1#35.done()
[1961336.542] wl_callback#36.done(18367)
[1961336.546]  -> zwp_linux_dmabuf_feedback_v1#35.destroy()
[1961347.052] {Default Queue}  -> wl_registry#33.bind(61, "wp_linux_drm_syncobj_manager_v1", 1, new id [unknown]#36)
[1961347.409] {Default Queue}  -> zwp_linux_dmabuf_v1#34.destroy()
[1961347.416] {Default Queue}  -> wp_linux_drm_syncobj_manager_v1#36.destroy()
[1961347.524]  -> wl_display#1.get_registry(new id wl_registry#37)
[1961347.531]  -> wl_display#1.sync(new id wl_callback#38)
[1961347.678] {Display Queue} wl_display#1.delete_id(35)
[1961347.685] {Display Queue} wl_display#1.delete_id(34)
[1961347.689] {Display Queue} wl_display#1.delete_id(36)
[1961347.692] {Display Queue} wl_display#1.delete_id(38)
[1961347.696] wl_registry#37.global(1, "wl_compositor", 6)
[1961347.701] wl_registry#37.global(3, "zwp_tablet_manager_v2", 2)
[1961347.705] wl_registry#37.global(4, "zwp_keyboard_shortcuts_inhibit_manager_v1", 1)
[1961347.709] wl_registry#37.global(5, "xdg_session_manager_v1", 1)
[1961347.712] wl_registry#37.global(6, "zxdg_decoration_manager_v1", 2)
[1961347.716] wl_registry#37.global(7, "wp_viewporter", 1)
[1961347.720] wl_registry#37.global(8, "wp_security_context_manager_v1", 1)
[1961347.724] wl_registry#37.global(9, "wp_fractional_scale_manager_v1", 1)
[1961347.728] wl_registry#37.global(10, "wl_shm", 2)
[1961347.732] wl_registry#37.global(11, "wl_seat", 10)
[1961347.736] wl_registry#37.global(12, "zwp_pointer_gestures_v1", 3)
[1961347.739] wl_registry#37.global(13, "zwp_pointer_constraints_v1", 1)
[1961347.743] wl_registry#37.global(14, "zwp_relative_pointer_manager_v1", 1)
[1961347.747] wl_registry#37.global(15, "wl_data_device_manager", 3)
[1961347.751] wl_registry#37.global(16, "ext_data_control_manager_v1", 1)
[1961347.754] wl_registry#37.global(17, "wp_cursor_shape_manager_v1", 2)
[1961347.758] wl_registry#37.global(18, "zwp_primary_selection_device_manager_v1", 1)
[1961347.762] wl_registry#37.global(19, "org_kde_kwin_idle", 1)
[1961347.766] wl_registry#37.global(20, "zwp_idle_inhibit_manager_v1", 1)
[1961347.770] wl_registry#37.global(21, "ext_idle_notifier_v1", 2)
[1961347.774] wl_registry#37.global(22, "org_kde_plasma_shell", 8)
[1961347.777] wl_registry#37.global(23, "org_kde_kwin_appmenu_manager", 2)
[1961347.781] wl_registry#37.global(24, "org_kde_kwin_server_decoration_palette_manager", 1)
[1961347.785] wl_registry#37.global(26, "org_kde_plasma_virtual_desktop_management", 4)
[1961347.789] wl_registry#37.global(28, "org_kde_kwin_shadow_manager", 2)
[1961347.792] wl_registry#37.global(29, "org_kde_kwin_dpms_manager", 1)
[1961347.796] wl_registry#37.global(30, "org_kde_kwin_server_decoration_manager", 1)
[1961347.800] wl_registry#37.global(31, "kde_output_management_v2", 21)
[1961347.810] wl_registry#37.global(32, "kde_output_device_registry_v2", 23)
[1961347.822] wl_registry#37.global(33, "zxdg_output_manager_v1", 3)
[1961347.826] wl_registry#37.global(34, "wl_subcompositor", 1)
[1961347.830] wl_registry#37.global(35, "zxdg_exporter_v2", 1)
[1961347.833] wl_registry#37.global(36, "zxdg_importer_v2", 1)
[1961347.837] wl_registry#37.global(37, "zwp_input_method_v1", 1)
[1961347.841] wl_registry#37.global(39, "xdg_activation_v1", 1)
[1961347.845] wl_registry#37.global(41, "wp_content_type_manager_v1", 1)
[1961347.849] wl_registry#37.global(42, "wp_tearing_control_manager_v1", 1)
[1961347.852] wl_registry#37.global(43, "xdg_toplevel_drag_manager_v1", 1)
[1961347.856] wl_registry#37.global(44, "xdg_toplevel_icon_manager_v1", 1)
[1961347.860] wl_registry#37.global(45, "kde_screen_edge_manager_v1", 1)
[1961347.864] wl_registry#37.global(46, "frog_color_management_factory_v1", 1)
[1961347.868] wl_registry#37.global(47, "wp_presentation", 2)
[1961347.871] wl_registry#37.global(48, "wp_color_manager_v1", 2)
[1961347.875] wl_registry#37.global(49, "xdg_wm_dialog_v1", 1)
[1961347.879] wl_registry#37.global(50, "kde_external_brightness_v1", 3)
[1961347.883] wl_registry#37.global(51, "wp_alpha_modifier_v1", 1)
[1961347.887] wl_registry#37.global(52, "wl_fixes", 1)
[1961347.891] wl_registry#37.global(53, "wp_fifo_manager_v1", 1)
[1961347.894] wl_registry#37.global(54, "wp_single_pixel_buffer_manager_v1", 1)
[1961347.898] wl_registry#37.global(55, "xdg_toplevel_tag_manager_v1", 1)
[1961347.902] wl_registry#37.global(56, "wp_color_representation_manager_v1", 1)
[1961347.906] wl_registry#37.global(57, "wp_pointer_warp_v1", 1)
[1961347.910] wl_registry#37.global(58, "ext_background_effect_manager_v1", 1)
[1961347.913] wl_registry#37.global(60, "zwp_linux_dmabuf_v1", 5)
[1961347.917] wl_registry#37.global(61, "wp_linux_drm_syncobj_manager_v1", 1)
[1961347.921] wl_registry#37.global(62, "zwp_input_panel_v1", 1)
[1961347.925] wl_registry#37.global(63, "xdg_wm_base", 6)
[1961347.929] wl_registry#37.global(64, "zwlr_layer_shell_v1", 5)
[1961347.933] wl_registry#37.global(65, "org_kde_kwin_keystate", 5)
[1961347.936] wl_registry#37.global(66, "wl_output", 4)
[1961347.940] wl_registry#37.global(67, "wp_drm_lease_device_v1", 1)
[1961347.944] wl_registry#37.global(68, "kde_output_order_v1", 1)
[1961347.948] wl_registry#37.global(69, "zwp_text_input_manager_v2", 1)
[1961347.952] wl_registry#37.global(70, "zwp_text_input_manager_v3", 2)
[1961347.955] wl_registry#37.global(72, "org_kde_kwin_slide_manager", 1)
[1961347.959] wl_registry#37.global(73, "xdg_system_bell_v1", 1)
[1961347.963] wl_callback#38.done(18367)
[1961347.968]  -> wl_registry#37.bind(60, "zwp_linux_dmabuf_v1", 4, new id [unknown]#38)
[1961347.972]  -> zwp_linux_dmabuf_v1#38.get_default_feedback(new id zwp_linux_dmabuf_feedback_v1#36)
[1961347.976]  -> wl_display#1.sync(new id wl_callback#34)
[1961348.077] {Display Queue} wl_display#1.delete_id(34)
[1961348.082] zwp_linux_dmabuf_feedback_v1#36.format_table(fd 15, 8992)
[1961348.097] zwp_linux_dmabuf_feedback_v1#36.main_device(array[8])
[1961348.102] zwp_linux_dmabuf_feedback_v1#36.tranche_target_device(array[8])
[1961348.105] zwp_linux_dmabuf_feedback_v1#36.tranche_formats(array[208])
[1961348.112] zwp_linux_dmabuf_feedback_v1#36.tranche_flags(0)
[1961348.116] zwp_linux_dmabuf_feedback_v1#36.tranche_done()
[1961348.120] zwp_linux_dmabuf_feedback_v1#36.tranche_target_device(array[8])
[1961348.124] zwp_linux_dmabuf_feedback_v1#36.tranche_formats(array[208])
[1961348.128] zwp_linux_dmabuf_feedback_v1#36.tranche_flags(0)
[1961348.132] zwp_linux_dmabuf_feedback_v1#36.tranche_done()
[1961348.135] zwp_linux_dmabuf_feedback_v1#36.tranche_target_device(array[8])
[1961348.139] zwp_linux_dmabuf_feedback_v1#36.tranche_formats(array[708])
[1961348.144] zwp_linux_dmabuf_feedback_v1#36.tranche_flags(0)
[1961348.147] zwp_linux_dmabuf_feedback_v1#36.tranche_done()
[1961348.151] zwp_linux_dmabuf_feedback_v1#36.done()
[1961348.155] wl_callback#34.done(18367)
[1961348.159]  -> zwp_linux_dmabuf_feedback_v1#36.destroy()
[1961348.940] {Default Queue}  -> wl_registry#37.bind(61, "wp_linux_drm_syncobj_manager_v1", 1, new id [unknown]#34)
[1961362.295] {Default Queue}  -> xdg_wm_base#28.get_xdg_surface(new id xdg_surface#35, wl_surface#32)
[1961362.318] {Default Queue}  -> xdg_surface#35.get_toplevel(new id xdg_toplevel#39)
[1961362.323] {Default Queue}  -> xdg_toplevel#39.set_parent(nil)
[1961362.328] {Default Queue}  -> xdg_toplevel#39.set_title("02-glarea")
[1961362.332] {Default Queue}  -> xdg_toplevel#39.set_app_id("02-glarea")
[1961362.337] {Default Queue}  -> wl_surface#32.commit()
[1961362.342] {Default Queue}  -> org_kde_kwin_server_decoration_manager#12.create(new id org_kde_kwin_server_decoration#40, wl_surface#32)
[1961362.349] {Default Queue}  -> org_kde_kwin_server_decoration#40.request_mode(2)
[1961362.548] {Default Queue} wl_keyboard#31.repeat_info(25, 600)
[1961362.557] {Default Queue} wl_keyboard#31.keymap(1, fd 14, 36744)
[1961365.004] {Display Queue} wl_display#1.delete_id(36)
[1961365.013] {Default Queue} xdg_toplevel#39.wm_capabilities(array[16])
[1961365.018] {Default Queue} org_kde_kwin_server_decoration#40.mode(2)
[1961365.023] {Default Queue} org_kde_kwin_server_decoration#40.mode(2)
[1961365.027] {Default Queue} org_kde_kwin_server_decoration#40.mode(2)
[1961365.030] {Default Queue} xdg_toplevel#39.configure_bounds(1920, 1020)
[1961365.034] {Default Queue} xdg_toplevel#39.configure(0, 0, array[0])
[1961365.039] {Default Queue} xdg_surface#35.configure(18368)
[1961365.047] {Default Queue}  -> xdg_surface#35.ack_configure(18368)
[1961380.764] {Default Queue}  -> wl_surface#32.set_buffer_scale(1)
[1961380.851] {Default Queue}  -> wp_linux_drm_syncobj_manager_v1#34.get_surface(new id wp_linux_drm_syncobj_surface_v1#36, wl_surface#32)
[1961380.865] {EGLSurface(32)}  -> zwp_linux_dmabuf_v1#38.get_surface_feedback(new id zwp_linux_dmabuf_feedback_v1#41, wl_surface#32)
[1961380.875] {EGLSurface(32)}  -> wl_display#1.sync(new id wl_callback#42)
[1961380.986] {Display Queue} wl_display#1.delete_id(42)
[1961380.993] {EGLSurface(32)} zwp_linux_dmabuf_feedback_v1#41.format_table(fd 31, 8992)
[1961381.017] {EGLSurface(32)} zwp_linux_dmabuf_feedback_v1#41.main_device(array[8])
[1961381.022] {EGLSurface(32)} zwp_linux_dmabuf_feedback_v1#41.tranche_target_device(array[8])
[1961381.027] {EGLSurface(32)} zwp_linux_dmabuf_feedback_v1#41.tranche_formats(array[208])
[1961381.038] {EGLSurface(32)} zwp_linux_dmabuf_feedback_v1#41.tranche_flags(0)
[1961381.044] {EGLSurface(32)} zwp_linux_dmabuf_feedback_v1#41.tranche_done()
[1961381.050] {EGLSurface(32)} zwp_linux_dmabuf_feedback_v1#41.tranche_target_device(array[8])
[1961381.056] {EGLSurface(32)} zwp_linux_dmabuf_feedback_v1#41.tranche_formats(array[208])
[1961381.061] {EGLSurface(32)} zwp_linux_dmabuf_feedback_v1#41.tranche_flags(0)
[1961381.066] {EGLSurface(32)} zwp_linux_dmabuf_feedback_v1#41.tranche_done()
[1961381.071] {EGLSurface(32)} zwp_linux_dmabuf_feedback_v1#41.tranche_target_device(array[8])
[1961381.076] {EGLSurface(32)} zwp_linux_dmabuf_feedback_v1#41.tranche_formats(array[708])
[1961381.080] {EGLSurface(32)} zwp_linux_dmabuf_feedback_v1#41.tranche_flags(0)
[1961381.085] {EGLSurface(32)} zwp_linux_dmabuf_feedback_v1#41.tranche_done()
[1961381.090] {EGLSurface(32)} zwp_linux_dmabuf_feedback_v1#41.done()
[1961381.094] {EGLSurface(32)} wl_callback#42.done(18368)
[1961381.343] {Default Queue}  -> wp_linux_drm_syncobj_manager_v1#34.import_timeline(new id wp_linux_drm_syncobj_timeline_v1#42, fd 33)
[1961381.357] {EGLSurface(32/0x1c738970)}  -> zwp_linux_dmabuf_v1#38.create_params(new id zwp_linux_buffer_params_v1#43)
[1961381.363] {EGLSurface(32/0x1c738970)}  -> zwp_linux_buffer_params_v1#43.add(fd 32, 0, 0, 3200, 50331648, 6316052)
[1961381.369] {EGLSurface(32/0x1c738970)}  -> zwp_linux_buffer_params_v1#43.create(800, 600, 875713089, 0)
[1961381.375] {EGLSurface(32/0x1c738970)}  -> wl_display#1.sync(new id wl_callback#44)
[1961381.582] {Display Queue} wl_display#1.delete_id(44)
[1961381.602] {EGLSurface(32/0x1c738970)} zwp_linux_buffer_params_v1#43.created(new id wl_buffer#4278190080)
[1961381.615] {EGLSurface(32/0x1c738970)} wl_callback#44.done(18368)
[1961381.630] {EGLSurface(32/0x1c738970)}  -> zwp_linux_buffer_params_v1#43.destroy()
[1961425.064] {Default Queue}  -> xdg_toplevel#39.set_min_size(0, 0)
[1961425.084] {Default Queue}  -> xdg_toplevel#39.set_max_size(0, 0)
[1961425.089] {Default Queue}  -> xdg_surface#35.set_window_geometry(0, 0, 800, 600)
[1961425.094] {Default Queue}  -> wl_compositor#4.create_region(new id wl_region#44)
[1961425.099] {Default Queue}  -> wl_region#44.add(0, 0, 800, 600)
[1961425.103] {Default Queue}  -> wl_surface#32.set_opaque_region(wl_region#44)
[1961425.107] {Default Queue}  -> wl_region#44.destroy()
[1961425.112] {Default Queue}  -> wl_surface#32.set_input_region(nil)
[1961425.217] {EGLSurface(32)}  -> wl_surface#32.damage(0, 0, 2147483647, 2147483647)
[1961425.225] {Default Queue}  -> wp_linux_drm_syncobj_surface_v1#36.set_acquire_point(wp_linux_drm_syncobj_timeline_v1#42, 0, 1)
[1961425.233] {Default Queue}  -> wp_linux_drm_syncobj_surface_v1#36.set_release_point(wp_linux_drm_syncobj_timeline_v1#42, 0, 2)
[1961425.240] {EGLSurface(32)}  -> wl_surface#32.attach(wl_buffer#4278190080, 0, 0)
[1961425.244] {EGLSurface(32)}  -> wl_surface#32.frame(new id wl_callback#45)
[1961425.249] {EGLSurface(32)}  -> wl_surface#32.commit()
[1961425.253] {EGLSurface(32)}  -> wl_display#1.sync(new id wl_callback#46)
[1961425.521] {Default Queue}  -> wp_linux_drm_syncobj_manager_v1#34.import_timeline(new id wp_linux_drm_syncobj_timeline_v1#47, fd 42)
[1961425.534] {EGLSurface(32/0x1c738970)}  -> zwp_linux_dmabuf_v1#38.create_params(new id zwp_linux_buffer_params_v1#48)
[1961425.539] {EGLSurface(32/0x1c738970)}  -> zwp_linux_buffer_params_v1#48.add(fd 37, 0, 0, 3200, 50331648, 6316052)
[1961425.543] {EGLSurface(32/0x1c738970)}  -> zwp_linux_buffer_params_v1#48.create(800, 600, 875713089, 0)
[1961425.548] {EGLSurface(32/0x1c738970)}  -> wl_display#1.sync(new id wl_callback#49)
[1961426.296] {Display Queue} wl_display#1.delete_id(43)
[1961426.308] {Display Queue} wl_display#1.delete_id(44)
[1961426.314] {Display Queue} wl_display#1.delete_id(46)
[1961426.319] {Display Queue} wl_display#1.delete_id(49)
[1961426.323] {EGLSurface(32/0x1c738970)} zwp_linux_buffer_params_v1#48.created(new id wl_buffer#4278190083)
[1961426.330] {EGLSurface(32/0x1c738970)} wl_callback#49.done(18375)
[1961426.337] {EGLSurface(32/0x1c738970)}  -> zwp_linux_buffer_params_v1#48.destroy()
[1961426.627] {Default Queue} wl_surface#32.enter(wl_output#19)
[1961426.637] {Default Queue} wl_pointer#21.enter(18369, wl_surface#32, 296.05078125, 444.02734375)
[1961426.655] {Default Queue} wl_pointer#21.frame()
[1961426.699] {Default Queue}  -> wp_cursor_shape_device_v1#30.set_shape(18369, 1)
[1961426.706] {Default Queue} wl_keyboard#31.modifiers(18370, 0, 0, 0, 0)
[1961426.720] {Default Queue} xdg_wm_base#28.ping(18371)
[1961426.727] {Default Queue}  -> xdg_wm_base#28.pong(18371)
[1961426.734] {Default Queue} wl_keyboard#31.enter(18372, wl_surface#32, array[0])
[1961426.743] {Default Queue} wl_keyboard#31.modifiers(18370, 0, 0, 0, 0)
[1961426.753] {Default Queue} wl_data_device#25.data_offer(new id wl_data_offer#4278190081)
[1961426.761] {Default Queue} wl_data_offer#4278190081.offer("text/html")
[1961426.769] {Default Queue} wl_data_offer#4278190081.offer("text/plain")
[1961426.777] {Default Queue} wl_data_offer#4278190081.offer("text/plain;charset=utf-8")
[1961426.784] {Default Queue} wl_data_offer#4278190081.offer("application/x-kde-onlyReplaceEmpty")
[1961426.791] {Default Queue} wl_data_device#25.selection(wl_data_offer#4278190081)
[1961426.801] {Default Queue} zwp_primary_selection_device_v1#24.data_offer(new id zwp_primary_selection_offer_v1#4278190082)
[1961426.809] {Default Queue} zwp_primary_selection_offer_v1#4278190082.offer("text/html")
[1961426.817] {Default Queue} zwp_primary_selection_offer_v1#4278190082.offer("text/_moz_htmlcontext")
[1961426.824] {Default Queue} zwp_primary_selection_offer_v1#4278190082.offer("text/_moz_htmlinfo")
[1961426.831] {Default Queue} zwp_primary_selection_offer_v1#4278190082.offer("text/plain;charset=utf-8")
[1961426.850] {Default Queue} zwp_primary_selection_offer_v1#4278190082.offer("UTF8_STRING")
[1961426.867] {Default Queue} zwp_primary_selection_offer_v1#4278190082.offer("COMPOUND_TEXT")
[1961426.873] {Default Queue} zwp_primary_selection_offer_v1#4278190082.offer("TEXT")
[1961426.878] {Default Queue} zwp_primary_selection_offer_v1#4278190082.offer("text/plain")
[1961426.883] {Default Queue} zwp_primary_selection_offer_v1#4278190082.offer("STRING")
[1961426.888] {Default Queue} zwp_primary_selection_offer_v1#4278190082.offer("text/plain;charset=utf-8")
[1961426.893] {Default Queue} zwp_primary_selection_offer_v1#4278190082.offer("text/plain")
[1961426.897] {Default Queue} zwp_primary_selection_offer_v1#4278190082.offer("text/x-moz-url-priv")
[1961426.902] {Default Queue} zwp_primary_selection_device_v1#24.selection(zwp_primary_selection_offer_v1#4278190082)
[1961426.910] {Default Queue} xdg_toplevel#39.configure(800, 600, array[4])
[1961426.915] {Default Queue} xdg_surface#35.configure(18375)
[1961426.925] {Default Queue}  -> xdg_surface#35.ack_configure(18375)
[1961427.497] {Default Queue}  -> wl_surface#32.frame(new id wl_callback#49)
[1961427.506] {Default Queue}  -> wl_surface#32.commit()
[1961435.204] {Display Queue} wl_display#1.delete_id(48)
[1961435.220] {Display Queue} wl_display#1.delete_id(49)
[1961435.226] {Display Queue} wl_display#1.delete_id(45)
[1961435.230] {Default Queue} wl_callback#49.done(3312720)
[1966652.881] {Default Queue}  -> wl_display#1.sync(new id wl_callback#49)
[1966653.177] {Display Queue} wl_display#1.delete_id(49)
[1966653.189] {Default Queue} wl_callback#49.done(18375)
