[1966752.596] {Default Queue}  -> wl_display#1.get_registry(new id wl_registry#2)
[1966752.618] {Default Queue}  -> wl_display#1.sync(new id wl_callback#3)
[1966755.526] {Display Queue} wl_display#1.delete_id(3)
[1966755.542] {Default Queue} wl_registry#2.global(1, "wl_compositor", 6)
[1966755.550] {Default Queue}  -> wl_registry#2.bind(1, "wl_compositor", 3, new id [unknown]#4)
[1966755.556] {Default Queue} wl_registry#2.global(3, "zwp_tablet_manager_v2", 2)
[1966755.563] {Default Queue}  -> wl_registry#2.bind(3, "zwp_tablet_manager_v2", 1, new id [unknown]#5)
[1966755.571] {Default Queue} wl_registry#2.global(4, "zwp_keyboard_shortcuts_inhibit_manager_v1", 1)
[1966755.580] {Default Queue}  -> wl_registry#2.bind(4, "zwp_keyboard_shortcuts_inhibit_manager_v1", 1, new id [unknown]#6)
[1966755.587] {Default Queue} wl_registry#2.global(5, "xdg_session_manager_v1", 1)
[1966755.594] {Default Queue} wl_registry#2.global(6, "zxdg_decoration_manager_v1", 2)
[1966755.598] {Default Queue} wl_registry#2.global(7, "wp_viewporter", 1)
[1966755.603] {Default Queue} wl_registry#2.global(8, "wp_security_context_manager_v1", 1)
[1966755.608] {Default Queue} wl_registry#2.global(9, "wp_fractional_scale_manager_v1", 1)
[1966755.614] {Default Queue} wl_registry#2.global(10, "wl_shm", 2)
[1966755.619] {Default Queue}  -> wl_registry#2.bind(10, "wl_shm", 1, new id [unknown]#7)
[1966755.624] {Default Queue} wl_registry#2.global(11, "wl_seat", 10)
[1966755.630] {Default Queue} wl_registry#2.global(12, "zwp_pointer_gestures_v1", 3)
[1966755.635] {Default Queue}  -> wl_registry#2.bind(12, "zwp_pointer_gestures_v1", 1, new id [unknown]#8)
[1966755.640] {Default Queue} wl_registry#2.global(13, "zwp_pointer_constraints_v1", 1)
[1966755.645] {Default Queue} wl_registry#2.global(14, "zwp_relative_pointer_manager_v1", 1)
[1966755.659] {Default Queue} wl_registry#2.global(15, "wl_data_device_manager", 3)
[1966755.665] {Default Queue}  -> wl_registry#2.bind(15, "wl_data_device_manager", 3, new id [unknown]#9)
[1966755.670] {Default Queue} wl_registry#2.global(16, "ext_data_control_manager_v1", 1)
[1966755.675] {Default Queue} wl_registry#2.global(17, "wp_cursor_shape_manager_v1", 2)
[1966755.680] {Default Queue}  -> wl_registry#2.bind(17, "wp_cursor_shape_manager_v1", 1, new id [unknown]#10)
[1966755.685] {Default Queue} wl_registry#2.global(18, "zwp_primary_selection_device_manager_v1", 1)
[1966755.690] {Default Queue}  -> wl_registry#2.bind(18, "zwp_primary_selection_device_manager_v1", 1, new id [unknown]#11)
[1966755.695] {Default Queue} wl_registry#2.global(19, "org_kde_kwin_idle", 1)
[1966755.701] {Default Queue} wl_registry#2.global(20, "zwp_idle_inhibit_manager_v1", 1)
[1966755.705] {Default Queue} wl_registry#2.global(21, "ext_idle_notifier_v1", 2)
[1966755.710] {Default Queue} wl_registry#2.global(22, "org_kde_plasma_shell", 8)
[1966755.718] {Default Queue} wl_registry#2.global(23, "org_kde_kwin_appmenu_manager", 2)
[1966755.723] {Default Queue} wl_registry#2.global(24, "org_kde_kwin_server_decoration_palette_manager", 1)
[1966755.729] {Default Queue} wl_registry#2.global(26, "org_kde_plasma_virtual_desktop_management", 4)
[1966755.734] {Default Queue} wl_registry#2.global(28, "org_kde_kwin_shadow_manager", 2)
[1966755.739] {Default Queue} wl_registry#2.global(29, "org_kde_kwin_dpms_manager", 1)
[1966755.744] {Default Queue} wl_registry#2.global(30, "org_kde_kwin_server_decoration_manager", 1)
[1966755.749] {Default Queue}  -> wl_registry#2.bind(30, "org_kde_kwin_server_decoration_manager", 1, new id [unknown]#12)
[1966755.755] {Default Queue} wl_registry#2.global(31, "kde_output_management_v2", 21)
[1966755.760] {Default Queue} wl_registry#2.global(32, "kde_output_device_registry_v2", 23)
[1966755.765] {Default Queue} wl_registry#2.global(33, "zxdg_output_manager_v1", 3)
[1966755.769] {Default Queue}  -> wl_registry#2.bind(33, "zxdg_output_manager_v1", 3, new id [unknown]#13)
[1966755.776] {Default Queue}  -> wl_display#1.sync(new id wl_callback#14)
[1966755.781] {Default Queue} wl_registry#2.global(34, "wl_subcompositor", 1)
[1966755.786] {Default Queue}  -> wl_registry#2.bind(34, "wl_subcompositor", 1, new id [unknown]#15)
[1966755.799] {Default Queue} wl_registry#2.global(35, "zxdg_exporter_v2", 1)
[1966755.811] {Default Queue}  -> wl_registry#2.bind(35, "zxdg_exporter_v2", 1, new id [unknown]#16)
[1966755.816] {Default Queue} wl_registry#2.global(36, "zxdg_importer_v2", 1)
[1966755.821] {Default Queue}  -> wl_registry#2.bind(36, "zxdg_importer_v2", 1, new id [unknown]#17)
[1966755.826] {Default Queue} wl_registry#2.global(37, "zwp_input_method_v1", 1)
[1966755.832] {Default Queue} wl_registry#2.global(39, "xdg_activation_v1", 1)
[1966755.836] {Default Queue}  -> wl_registry#2.bind(39, "xdg_activation_v1", 1, new id [unknown]#18)
[1966755.842] {Default Queue} wl_registry#2.global(41, "wp_content_type_manager_v1", 1)
[1966755.847] {Default Queue} wl_registry#2.global(42, "wp_tearing_control_manager_v1", 1)
[1966755.852] {Default Queue} wl_registry#2.global(43, "xdg_toplevel_drag_manager_v1", 1)
[1966755.857] {Default Queue} wl_registry#2.global(44, "xdg_toplevel_icon_manager_v1", 1)
[1966755.862] {Default Queue} wl_registry#2.global(45, "kde_screen_edge_manager_v1", 1)
[1966755.867] {Default Queue} wl_registry#2.global(46, "frog_color_management_factory_v1", 1)
[1966755.872] {Default Queue} wl_registry#2.global(47, "wp_presentation", 2)
[1966755.877] {Default Queue} wl_registry#2.global(48, "wp_color_manager_v1", 2)
[1966755.882] {Default Queue} wl_registry#2.global(49, "xdg_wm_dialog_v1", 1)
[1966755.887] {Default Queue} wl_registry#2.global(50, "kde_external_brightness_v1", 3)
[1966755.892] {Default Queue} wl_registry#2.global(51, "wp_alpha_modifier_v1", 1)
[1966755.897] {Default Queue} wl_registry#2.global(52, "wl_fixes", 1)
[1966755.902] {Default Queue} wl_registry#2.global(53, "wp_fifo_manager_v1", 1)
[1966755.907] {Default Queue} wl_registry#2.global(54, "wp_single_pixel_buffer_manager_v1", 1)
[1966755.912] {Default Queue} wl_registry#2.global(55, "xdg_toplevel_tag_manager_v1", 1)
[1966755.917] {Default Queue} wl_registry#2.global(56, "wp_color_representation_manager_v1", 1)
[1966755.922] {Default Queue} wl_registry#2.global(57, "wp_pointer_warp_v1", 1)
[1966755.927] {Default Queue} wl_registry#2.global(58, "ext_background_effect_manager_v1", 1)
[1966755.932] {Default Queue} wl_registry#2.global(60, "zwp_linux_dmabuf_v1", 5)
[1966755.937] {Default Queue} wl_registry#2.global(61, "wp_linux_drm_syncobj_manager_v1", 1)
[1966755.942] {Default Queue} wl_registry#2.global(62, "zwp_input_panel_v1", 1)
[1966755.947] {Default Queue} wl_registry#2.global(63, "xdg_wm_base", 6)
[1966755.952] {Default Queue} wl_registry#2.global(64, "zwlr_layer_shell_v1", 5)
[1966755.958] {Default Queue} wl_registry#2.global(65, "org_kde_kwin_keystate", 5)
[1966755.963] {Default Queue} wl_registry#2.global(66, "wl_output", 4)
[1966755.968] {Default Queue}  -> wl_registry#2.bind(66, "wl_output", 2, new id [unknown]#19)
[1966756.013] {Default Queue}  -> zxdg_output_manager_v1#13.get_xdg_output(new id zxdg_output_v1#20, wl_output#19)
[1966756.020] {Default Queue}  -> wl_display#1.sync(new id wl_callback#21)
[1966756.025] {Default Queue} wl_registry#2.global(67, "wp_drm_lease_device_v1", 1)
[1966756.032] {Default Queue} wl_registry#2.global(68, "kde_output_order_v1", 1)
[1966756.037] {Default Queue} wl_registry#2.global(69, "zwp_text_input_manager_v2", 1)
[1966756.043] {Default Queue} wl_registry#2.global(70, "zwp_text_input_manager_v3", 2)
[1966756.048] {Default Queue} wl_registry#2.global(72, "org_kde_kwin_slide_manager", 1)
[1966756.053] {Default Queue} wl_registry#2.global(73, "xdg_system_bell_v1", 1)
[1966756.058] {Default Queue} wl_callback#3.done(18382)
[1966756.114] {Default Queue}  -> wl_shm#7.create_pool(new id wl_shm_pool#3, fd 11, 2304)
[1966756.603] {Default Queue}  -> wl_shm_pool#3.resize(8704)
[1966756.627] {Default Queue}  -> wl_shm_pool#3.resize(21504)
[1966756.658] {Default Queue}  -> wl_shm_pool#3.resize(47104)
[1966756.695] {Default Queue}  -> wl_shm_pool#3.resize(98304)
[1966756.814] {Default Queue}  -> wl_shm_pool#3.resize(200704)
[1966757.272] {Default Queue}  -> wl_shm_pool#3.resize(405504)
[1966758.265] {Default Queue}  -> wl_shm_pool#3.resize(815104)
[1966760.091] {Default Queue}  -> wl_shm_pool#3.resize(1634304)
[1966765.170] {Default Queue}  -> wl_registry#2.bind(11, "wl_seat", 5, new id [unknown]#22)
[1966766.821] {Default Queue}  -> wl_compositor#4.create_surface(new id wl_surface#23)
[1966766.838] {Default Queue}  -> zwp_primary_selection_device_manager_v1#11.get_device(new id zwp_primary_selection_device_v1#24, wl_seat#22)
[1966766.846] {Default Queue}  -> wl_data_device_manager#9.get_data_device(new id wl_data_device#25, wl_seat#22)
[1966766.907] {Default Queue}  -> wl_compositor#4.create_surface(new id wl_surface#26)
[1966766.913] {Default Queue}  -> zwp_tablet_manager_v2#5.get_tablet_seat(new id zwp_tablet_seat_v2#27, wl_seat#22)
[1966766.919] {Default Queue}  -> wl_display#1.sync(new id wl_callback#28)
[1966767.134] {Display Queue} wl_display#1.delete_id(14)
[1966767.140] {Display Queue} wl_display#1.delete_id(21)
[1966767.144] {Display Queue} wl_display#1.delete_id(28)
[1966767.148] {Default Queue} wl_shm#7.format(0)
[1966767.151] {Default Queue} wl_shm#7.format(1)
[1966767.155] {Default Queue} wl_shm#7.format(1448434008)
[1966767.159] {Default Queue} wl_shm#7.format(808669761)
[1966767.163] {Default Queue} wl_shm#7.format(808669784)
[1966767.166] {Default Queue} wl_shm#7.format(808665665)
[1966767.170] {Default Queue} wl_shm#7.format(808665688)
[1966767.174] {Default Queue} wl_shm#7.format(942948929)
[1966767.177] {Default Queue} wl_shm#7.format(942948952)
[1966767.181] {Default Queue} wl_shm#7.format(875710274)
[1966767.185] {Default Queue} wl_shm#7.format(875710290)
[1966767.188] {Default Queue} org_kde_kwin_server_decoration_manager#12.default_mode(2)
[1966767.194] {Default Queue} wl_callback#14.done(18382)
[1966767.199] {Default Queue} wl_output#19.mode(1, 1920, 1080, 60000)
[1966767.204] {Default Queue} wl_output#19.scale(1)
[1966767.208] {Default Queue} wl_output#19.geometry(0, 0, 598, 336, 0, "Acer Technologies", "GN276HL", 0)
[1966767.214] {Default Queue} wl_output#19.done()
[1966767.223] {Default Queue} zxdg_output_v1#20.logical_position(0, 0)
[1966767.227] {Default Queue} zxdg_output_v1#20.logical_size(1920, 1080)
[1966767.231] {Default Queue} zxdg_output_v1#20.name("HDMI-A-1")
[1966767.235] {Default Queue} zxdg_output_v1#20.description("Acer Technologies GN276HL")
[1966767.239] {Default Queue} wl_output#19.done()
[1966767.243] {Default Queue} wl_callback#21.done(18382)
[1966767.247] {Default Queue} wl_seat#22.name("seat0")
[1966767.251] {Default Queue} wl_seat#22.capabilities(3)
[1966767.255] {Default Queue}  -> wl_seat#22.get_pointer(new id wl_pointer#21)
[1966767.263] {Default Queue}  -> zwp_pointer_gestures_v1#8.get_swipe_gesture(new id zwp_pointer_gesture_swipe_v1#14, wl_pointer#21)
[1966767.271] {Default Queue}  -> zwp_pointer_gestures_v1#8.get_pinch_gesture(new id zwp_pointer_gesture_pinch_v1#29, wl_pointer#21)
[1966767.278] {Default Queue}  -> wp_cursor_shape_manager_v1#10.get_pointer(new id wp_cursor_shape_device_v1#30, wl_pointer#21)
[1966767.283] {Default Queue}  -> wl_seat#22.get_keyboard(new id wl_keyboard#31)
[1966767.289] {Default Queue} wl_callback#28.done(18382)
[1966767.293] {Default Queue}  -> wl_registry#2.bind(63, "xdg_wm_base", 6, new id [unknown]#28)
[1966786.532] {Default Queue}  -> wl_compositor#4.create_surface(new id wl_surface#32)
[1966786.640] {Default Queue}  -> xdg_wm_base#28.get_xdg_surface(new id xdg_surface#33, wl_surface#32)
[1966786.658] {Default Queue}  -> xdg_surface#33.get_toplevel(new id xdg_toplevel#34)
[1966786.665] {Default Queue}  -> xdg_toplevel#34.set_parent(nil)
[1966786.670] {Default Queue}  -> xdg_toplevel#34.set_title("03-plain")
[1966786.676] {Default Queue}  -> xdg_toplevel#34.set_app_id("03-plain")
[1966786.682] {Default Queue}  -> wl_surface#32.commit()
[1966786.688] {Default Queue}  -> org_kde_kwin_server_decoration_manager#12.create(new id org_kde_kwin_server_decoration#35, wl_surface#32)
[1966786.698] {Default Queue}  -> org_kde_kwin_server_decoration#35.request_mode(2)
[1966788.946] {Default Queue} wl_keyboard#31.repeat_info(25, 600)
[1966788.968] {Default Queue} wl_keyboard#31.keymap(1, fd 15, 36744)
[1966789.789] {Default Queue} xdg_toplevel#34.wm_capabilities(array[16])
[1966789.797] {Default Queue} org_kde_kwin_server_decoration#35.mode(2)
[1966789.802] {Default Queue} org_kde_kwin_server_decoration#35.mode(2)
[1966789.805] {Default Queue} org_kde_kwin_server_decoration#35.mode(2)
[1966789.809] {Default Queue} xdg_toplevel#34.configure_bounds(1920, 1020)
[1966789.813] {Default Queue} xdg_toplevel#34.configure(0, 0, array[0])
[1966789.818] {Default Queue} xdg_surface#33.configure(18383)
[1966789.829] {Default Queue}  -> xdg_surface#33.ack_configure(18383)
[1966803.702] {Default Queue}  -> wl_shm#7.create_pool(new id wl_shm_pool#36, fd 16, 1920000)
[1966803.731] {Default Queue}  -> wl_shm_pool#36.create_buffer(new id wl_buffer#37, 0, 800, 600, 3200, 0)
[1966805.398] {Default Queue}  -> wl_surface#32.attach(wl_buffer#37, 0, 0)
[1966805.413] {Default Queue}  -> wl_surface#32.set_buffer_scale(1)
[1966805.417] {Default Queue}  -> wl_surface#32.damage(0, 0, 800, 600)
[1966805.422] {Default Queue}  -> xdg_toplevel#34.set_min_size(25, 16)
[1966805.426] {Default Queue}  -> xdg_toplevel#34.set_max_size(0, 0)
[1966805.430] {Default Queue}  -> xdg_surface#33.set_window_geometry(0, 0, 800, 600)
[1966805.435] {Default Queue}  -> wl_compositor#4.create_region(new id wl_region#38)
[1966805.439] {Default Queue}  -> wl_region#38.add(0, 0, 800, 600)
[1966805.443] {Default Queue}  -> wl_surface#32.set_opaque_region(wl_region#38)
[1966805.447] {Default Queue}  -> wl_region#38.destroy()
[1966805.451] {Default Queue}  -> wl_surface#32.set_input_region(nil)
[1966805.460] {Default Queue}  -> wl_surface#32.frame(new id wl_callback#39)
[1966805.465] {Default Queue}  -> wl_surface#32.commit()
[1966806.294] {Display Queue} wl_display#1.delete_id(38)
[1966806.306] {Default Queue} wl_surface#32.enter(wl_output#19)
[1966806.316] {Default Queue} wl_pointer#21.enter(18384, wl_surface#32, 296.05078125, 444.02734375)
[1966806.327] {Default Queue} wl_pointer#21.frame()
[1966806.373] {Default Queue}  -> wp_cursor_shape_device_v1#30.set_shape(18384, 1)
[1966806.389] {Default Queue} wl_keyboard#31.modifiers(18385, 0, 0, 0, 0)
[1966806.401] {Default Queue} xdg_wm_base#28.ping(18386)
[1966806.405] {Default Queue}  -> xdg_wm_base#28.pong(18386)
[1966806.410] {Default Queue} wl_keyboard#31.enter(18387, wl_surface#32, array[0])
[1966806.415] {Default Queue} wl_keyboard#31.modifiers(18385, 0, 0, 0, 0)
[1966806.420] {Default Queue} wl_data_device#25.data_offer(new id wl_data_offer#4278190080)
[1966806.425] {Default Queue} wl_data_offer#4278190080.offer("text/html")
[1966806.430] {Default Queue} wl_data_offer#4278190080.offer("text/plain")
[1966806.434] {Default Queue} wl_data_offer#4278190080.offer("text/plain;charset=utf-8")
[1966806.438] {Default Queue} wl_data_offer#4278190080.offer("application/x-kde-onlyReplaceEmpty")
[1966806.444] {Default Queue} wl_data_device#25.selection(wl_data_offer#4278190080)
[1966806.453] {Default Queue} zwp_primary_selection_device_v1#24.data_offer(new id zwp_primary_selection_offer_v1#4278190081)
[1966806.460] {Default Queue} zwp_primary_selection_offer_v1#4278190081.offer("text/html")
[1966806.465] {Default Queue} zwp_primary_selection_offer_v1#4278190081.offer("text/_moz_htmlcontext")
[1966806.472] {Default Queue} zwp_primary_selection_offer_v1#4278190081.offer("text/_moz_htmlinfo")
[1966806.479] {Default Queue} zwp_primary_selection_offer_v1#4278190081.offer("text/plain;charset=utf-8")
[1966806.485] {Default Queue} zwp_primary_selection_offer_v1#4278190081.offer("UTF8_STRING")
[1966806.491] {Default Queue} zwp_primary_selection_offer_v1#4278190081.offer("COMPOUND_TEXT")
[1966806.497] {Default Queue} zwp_primary_selection_offer_v1#4278190081.offer("TEXT")
[1966806.501] {Default Queue} zwp_primary_selection_offer_v1#4278190081.offer("text/plain")
[1966806.505] {Default Queue} zwp_primary_selection_offer_v1#4278190081.offer("STRING")
[1966806.509] {Default Queue} zwp_primary_selection_offer_v1#4278190081.offer("text/plain;charset=utf-8")
[1966806.523] {Default Queue} zwp_primary_selection_offer_v1#4278190081.offer("text/plain")
[1966806.541] {Default Queue} zwp_primary_selection_offer_v1#4278190081.offer("text/x-moz-url-priv")
[1966806.547] {Default Queue} zwp_primary_selection_device_v1#24.selection(zwp_primary_selection_offer_v1#4278190081)
[1966806.553] {Default Queue} xdg_toplevel#34.configure(800, 600, array[4])
[1966806.558] {Default Queue} xdg_surface#33.configure(18390)
[1966806.565] {Default Queue}  -> xdg_surface#33.ack_configure(18390)
[1966820.812] {Display Queue} wl_display#1.delete_id(39)
[1966820.840] {Default Queue} wl_callback#39.done(3318104)
[1966820.990] {Default Queue}  -> wl_surface#32.frame(new id wl_callback#39)
[1966820.998] {Default Queue}  -> wl_surface#32.commit()
[1966834.049] {Display Queue} wl_display#1.delete_id(39)
[1966834.074] {Default Queue} wl_callback#39.done(3318121)
[1971650.193] {Default Queue}  -> wl_display#1.sync(new id wl_callback#39)
[1971650.309] {Display Queue} wl_display#1.delete_id(39)
[1971650.322] {Default Queue} wl_callback#39.done(18390)
