[1971676.340] {Default Queue}  -> wl_display#1.get_registry(new id wl_registry#2)
[1971676.361] {Default Queue}  -> wl_display#1.sync(new id wl_callback#3)
[1971679.488] {Display Queue} wl_display#1.delete_id(3)
[1971679.499] {Default Queue} wl_registry#2.global(1, "wl_compositor", 6)
[1971679.506] {Default Queue}  -> wl_registry#2.bind(1, "wl_compositor", 3, new id [unknown]#4)
[1971679.513] {Default Queue} wl_registry#2.global(3, "zwp_tablet_manager_v2", 2)
[1971679.518] {Default Queue}  -> wl_registry#2.bind(3, "zwp_tablet_manager_v2", 1, new id [unknown]#5)
[1971679.524] {Default Queue} wl_registry#2.global(4, "zwp_keyboard_shortcuts_inhibit_manager_v1", 1)
[1971679.529] {Default Queue}  -> wl_registry#2.bind(4, "zwp_keyboard_shortcuts_inhibit_manager_v1", 1, new id [unknown]#6)
[1971679.535] {Default Queue} wl_registry#2.global(5, "xdg_session_manager_v1", 1)
[1971679.540] {Default Queue} wl_registry#2.global(6, "zxdg_decoration_manager_v1", 2)
[1971679.544] {Default Queue} wl_registry#2.global(7, "wp_viewporter", 1)
[1971679.549] {Default Queue} wl_registry#2.global(8, "wp_security_context_manager_v1", 1)
[1971679.554] {Default Queue} wl_registry#2.global(9, "wp_fractional_scale_manager_v1", 1)
[1971679.560] {Default Queue} wl_registry#2.global(10, "wl_shm", 2)
[1971679.566] {Default Queue}  -> wl_registry#2.bind(10, "wl_shm", 1, new id [unknown]#7)
[1971679.571] {Default Queue} wl_registry#2.global(11, "wl_seat", 10)
[1971679.576] {Default Queue} wl_registry#2.global(12, "zwp_pointer_gestures_v1", 3)
[1971679.582] {Default Queue}  -> wl_registry#2.bind(12, "zwp_pointer_gestures_v1", 1, new id [unknown]#8)
[1971679.590] {Default Queue} wl_registry#2.global(13, "zwp_pointer_constraints_v1", 1)
[1971679.598] {Default Queue} wl_registry#2.global(14, "zwp_relative_pointer_manager_v1", 1)
[1971679.606] {Default Queue} wl_registry#2.global(15, "wl_data_device_manager", 3)
[1971679.615] {Default Queue}  -> wl_registry#2.bind(15, "wl_data_device_manager", 3, new id [unknown]#9)
[1971679.623] {Default Queue} wl_registry#2.global(16, "ext_data_control_manager_v1", 1)
[1971679.631] {Default Queue} wl_registry#2.global(17, "wp_cursor_shape_manager_v1", 2)
[1971679.639] {Default Queue}  -> wl_registry#2.bind(17, "wp_cursor_shape_manager_v1", 1, new id [unknown]#10)
[1971679.665] {Default Queue} wl_registry#2.global(18, "zwp_primary_selection_device_manager_v1", 1)
[1971679.672] {Default Queue}  -> wl_registry#2.bind(18, "zwp_primary_selection_device_manager_v1", 1, new id [unknown]#11)
[1971679.677] {Default Queue} wl_registry#2.global(19, "org_kde_kwin_idle", 1)
[1971679.682] {Default Queue} wl_registry#2.global(20, "zwp_idle_inhibit_manager_v1", 1)
[1971679.687] {Default Queue} wl_registry#2.global(21, "ext_idle_notifier_v1", 2)
[1971679.702] {Default Queue} wl_registry#2.global(22, "org_kde_plasma_shell", 8)
[1971679.707] {Default Queue} wl_registry#2.global(23, "org_kde_kwin_appmenu_manager", 2)
[1971679.712] {Default Queue} wl_registry#2.global(24, "org_kde_kwin_server_decoration_palette_manager", 1)
[1971679.717] {Default Queue} wl_registry#2.global(26, "org_kde_plasma_virtual_desktop_management", 4)
[1971679.722] {Default Queue} wl_registry#2.global(28, "org_kde_kwin_shadow_manager", 2)
[1971679.727] {Default Queue} wl_registry#2.global(29, "org_kde_kwin_dpms_manager", 1)
[1971679.732] {Default Queue} wl_registry#2.global(30, "org_kde_kwin_server_decoration_manager", 1)
[1971679.737] {Default Queue}  -> wl_registry#2.bind(30, "org_kde_kwin_server_decoration_manager", 1, new id [unknown]#12)
[1971679.745] {Default Queue} wl_registry#2.global(31, "kde_output_management_v2", 21)
[1971679.753] {Default Queue} wl_registry#2.global(32, "kde_output_device_registry_v2", 23)
[1971679.761] {Default Queue} wl_registry#2.global(33, "zxdg_output_manager_v1", 3)
[1971679.769] {Default Queue}  -> wl_registry#2.bind(33, "zxdg_output_manager_v1", 3, new id [unknown]#13)
[1971679.778] {Default Queue}  -> wl_display#1.sync(new id wl_callback#14)
[1971679.786] {Default Queue} wl_registry#2.global(34, "wl_subcompositor", 1)
[1971679.795] {Default Queue}  -> wl_registry#2.bind(34, "wl_subcompositor", 1, new id [unknown]#15)
[1971679.811] {Default Queue} wl_registry#2.global(35, "zxdg_exporter_v2", 1)
[1971679.822] {Default Queue}  -> wl_registry#2.bind(35, "zxdg_exporter_v2", 1, new id [unknown]#16)
[1971679.827] {Default Queue} wl_registry#2.global(36, "zxdg_importer_v2", 1)
[1971679.832] {Default Queue}  -> wl_registry#2.bind(36, "zxdg_importer_v2", 1, new id [unknown]#17)
[1971679.837] {Default Queue} wl_registry#2.global(37, "zwp_input_method_v1", 1)
[1971679.843] {Default Queue} wl_registry#2.global(39, "xdg_activation_v1", 1)
[1971679.848] {Default Queue}  -> wl_registry#2.bind(39, "xdg_activation_v1", 1, new id [unknown]#18)
[1971679.853] {Default Queue} wl_registry#2.global(41, "wp_content_type_manager_v1", 1)
[1971679.858] {Default Queue} wl_registry#2.global(42, "wp_tearing_control_manager_v1", 1)
[1971679.863] {Default Queue} wl_registry#2.global(43, "xdg_toplevel_drag_manager_v1", 1)
[1971679.868] {Default Queue} wl_registry#2.global(44, "xdg_toplevel_icon_manager_v1", 1)
[1971679.873] {Default Queue} wl_registry#2.global(45, "kde_screen_edge_manager_v1", 1)
[1971679.878] {Default Queue} wl_registry#2.global(46, "frog_color_management_factory_v1", 1)
[1971679.885] {Default Queue} wl_registry#2.global(47, "wp_presentation", 2)
[1971679.894] {Default Queue} wl_registry#2.global(48, "wp_color_manager_v1", 2)
[1971679.902] {Default Queue} wl_registry#2.global(49, "xdg_wm_dialog_v1", 1)
[1971679.910] {Default Queue} wl_registry#2.global(50, "kde_external_brightness_v1", 3)
[1971679.918] {Default Queue} wl_registry#2.global(51, "wp_alpha_modifier_v1", 1)
[1971679.927] {Default Queue} wl_registry#2.global(52, "wl_fixes", 1)
[1971679.935] {Default Queue} wl_registry#2.global(53, "wp_fifo_manager_v1", 1)
[1971679.943] {Default Queue} wl_registry#2.global(54, "wp_single_pixel_buffer_manager_v1", 1)
[1971679.949] {Default Queue} wl_registry#2.global(55, "xdg_toplevel_tag_manager_v1", 1)
[1971679.955] {Default Queue} wl_registry#2.global(56, "wp_color_representation_manager_v1", 1)
[1971679.960] {Default Queue} wl_registry#2.global(57, "wp_pointer_warp_v1", 1)
[1971679.965] {Default Queue} wl_registry#2.global(58, "ext_background_effect_manager_v1", 1)
[1971679.970] {Default Queue} wl_registry#2.global(60, "zwp_linux_dmabuf_v1", 5)
[1971679.975] {Default Queue} wl_registry#2.global(61, "wp_linux_drm_syncobj_manager_v1", 1)
[1971679.980] {Default Queue} wl_registry#2.global(62, "zwp_input_panel_v1", 1)
[1971679.985] {Default Queue} wl_registry#2.global(63, "xdg_wm_base", 6)
[1971679.990] {Default Queue} wl_registry#2.global(64, "zwlr_layer_shell_v1", 5)
[1971679.995] {Default Queue} wl_registry#2.global(65, "org_kde_kwin_keystate", 5)
[1971680.000] {Default Queue} wl_registry#2.global(66, "wl_output", 4)
[1971680.006] {Default Queue}  -> wl_registry#2.bind(66, "wl_output", 2, new id [unknown]#19)
[1971680.062] {Default Queue}  -> zxdg_output_manager_v1#13.get_xdg_output(new id zxdg_output_v1#20, wl_output#19)
[1971680.074] {Default Queue}  -> wl_display#1.sync(new id wl_callback#21)
[1971680.081] {Default Queue} wl_registry#2.global(67, "wp_drm_lease_device_v1", 1)
[1971680.089] {Default Queue} wl_registry#2.global(68, "kde_output_order_v1", 1)
[1971680.094] {Default Queue} wl_registry#2.global(69, "zwp_text_input_manager_v2", 1)
[1971680.099] {Default Queue} wl_registry#2.global(70, "zwp_text_input_manager_v3", 2)
[1971680.104] {Default Queue} wl_registry#2.global(72, "org_kde_kwin_slide_manager", 1)
[1971680.109] {Default Queue} wl_registry#2.global(73, "xdg_system_bell_v1", 1)
[1971680.114] {Default Queue} wl_callback#3.done(18397)
[1971680.170] {Default Queue}  -> wl_shm#7.create_pool(new id wl_shm_pool#3, fd 11, 2304)
[1971680.798] {Default Queue}  -> wl_shm_pool#3.resize(8704)
[1971680.833] {Default Queue}  -> wl_shm_pool#3.resize(21504)
[1971680.871] {Default Queue}  -> wl_shm_pool#3.resize(47104)
[1971680.907] {Default Queue}  -> wl_shm_pool#3.resize(98304)
[1971681.041] {Default Queue}  -> wl_shm_pool#3.resize(200704)
[1971681.472] {Default Queue}  -> wl_shm_pool#3.resize(405504)
[1971682.419] {Default Queue}  -> wl_shm_pool#3.resize(815104)
[1971684.249] {Default Queue}  -> wl_shm_pool#3.resize(1634304)
[1971689.373] {Default Queue}  -> wl_registry#2.bind(11, "wl_seat", 5, new id [unknown]#22)
[1971691.016] {Default Queue}  -> wl_compositor#4.create_surface(new id wl_surface#23)
[1971691.033] {Default Queue}  -> zwp_primary_selection_device_manager_v1#11.get_device(new id zwp_primary_selection_device_v1#24, wl_seat#22)
[1971691.042] {Default Queue}  -> wl_data_device_manager#9.get_data_device(new id wl_data_device#25, wl_seat#22)
[1971691.104] {Default Queue}  -> wl_compositor#4.create_surface(new id wl_surface#26)
[1971691.110] {Default Queue}  -> zwp_tablet_manager_v2#5.get_tablet_seat(new id zwp_tablet_seat_v2#27, wl_seat#22)
[1971691.116] {Default Queue}  -> wl_display#1.sync(new id wl_callback#28)
[1971691.378] {Display Queue} wl_display#1.delete_id(14)
[1971691.384] {Display Queue} wl_display#1.delete_id(21)
[1971691.388] {Display Queue} wl_display#1.delete_id(28)
[1971691.392] {Default Queue} wl_shm#7.format(0)
[1971691.396] {Default Queue} wl_shm#7.format(1)
[1971691.399] {Default Queue} wl_shm#7.format(1448434008)
[1971691.403] {Default Queue} wl_shm#7.format(808669761)
[1971691.407] {Default Queue} wl_shm#7.format(808669784)
[1971691.410] {Default Queue} wl_shm#7.format(808665665)
[1971691.414] {Default Queue} wl_shm#7.format(808665688)
[1971691.418] {Default Queue} wl_shm#7.format(942948929)
[1971691.421] {Default Queue} wl_shm#7.format(942948952)
[1971691.425] {Default Queue} wl_shm#7.format(875710274)
[1971691.429] {Default Queue} wl_shm#7.format(875710290)
[1971691.433] {Default Queue} org_kde_kwin_server_decoration_manager#12.default_mode(2)
[1971691.438] {Default Queue} wl_callback#14.done(18397)
[1971691.443] {Default Queue} wl_output#19.mode(1, 1920, 1080, 60000)
[1971691.448] {Default Queue} wl_output#19.scale(1)
[1971691.452] {Default Queue} wl_output#19.geometry(0, 0, 598, 336, 0, "Acer Technologies", "GN276HL", 0)
[1971691.459] {Default Queue} wl_output#19.done()
[1971691.468] {Default Queue} zxdg_output_v1#20.logical_position(0, 0)
[1971691.472] {Default Queue} zxdg_output_v1#20.logical_size(1920, 1080)
[1971691.476] {Default Queue} zxdg_output_v1#20.name("HDMI-A-1")
[1971691.480] {Default Queue} zxdg_output_v1#20.description("Acer Technologies GN276HL")
[1971691.484] {Default Queue} wl_output#19.done()
[1971691.488] {Default Queue} wl_callback#21.done(18397)
[1971691.493] {Default Queue} wl_seat#22.name("seat0")
[1971691.497] {Default Queue} wl_seat#22.capabilities(3)
[1971691.501] {Default Queue}  -> wl_seat#22.get_pointer(new id wl_pointer#21)
[1971691.508] {Default Queue}  -> zwp_pointer_gestures_v1#8.get_swipe_gesture(new id zwp_pointer_gesture_swipe_v1#14, wl_pointer#21)
[1971691.516] {Default Queue}  -> zwp_pointer_gestures_v1#8.get_pinch_gesture(new id zwp_pointer_gesture_pinch_v1#29, wl_pointer#21)
[1971691.523] {Default Queue}  -> wp_cursor_shape_manager_v1#10.get_pointer(new id wp_cursor_shape_device_v1#30, wl_pointer#21)
[1971691.528] {Default Queue}  -> wl_seat#22.get_keyboard(new id wl_keyboard#31)
[1971691.534] {Default Queue} wl_callback#28.done(18397)
[1971691.539] {Default Queue}  -> wl_registry#2.bind(63, "xdg_wm_base", 6, new id [unknown]#28)
[1971706.837] {Default Queue}  -> wl_compositor#4.create_surface(new id wl_surface#32)
[1971706.906] {Default Queue}  -> xdg_wm_base#28.get_xdg_surface(new id xdg_surface#33, wl_surface#32)
[1971706.914] {Default Queue}  -> xdg_surface#33.get_toplevel(new id xdg_toplevel#34)
[1971706.919] {Default Queue}  -> xdg_toplevel#34.set_parent(nil)
[1971706.923] {Default Queue}  -> xdg_toplevel#34.set_title("04-drawfromgl")
[1971706.927] {Default Queue}  -> xdg_toplevel#34.set_app_id("04-drawfromgl")
[1971706.932] {Default Queue}  -> wl_surface#32.commit()
[1971706.936] {Default Queue}  -> org_kde_kwin_server_decoration_manager#12.create(new id org_kde_kwin_server_decoration#35, wl_surface#32)
[1971706.944] {Default Queue}  -> org_kde_kwin_server_decoration#35.request_mode(2)
[1971708.824] {Default Queue} wl_keyboard#31.repeat_info(25, 600)
[1971708.845] {Default Queue} wl_keyboard#31.keymap(1, fd 15, 36744)
[1971709.608] {Default Queue} xdg_toplevel#34.wm_capabilities(array[16])
[1971709.616] {Default Queue} org_kde_kwin_server_decoration#35.mode(2)
[1971709.621] {Default Queue} org_kde_kwin_server_decoration#35.mode(2)
[1971709.625] {Default Queue} org_kde_kwin_server_decoration#35.mode(2)
[1971709.629] {Default Queue} xdg_toplevel#34.configure_bounds(1920, 1020)
[1971709.633] {Default Queue} xdg_toplevel#34.configure(0, 0, array[0])
[1971709.637] {Default Queue} xdg_surface#33.configure(18398)
[1971709.655] {Default Queue}  -> xdg_surface#33.ack_configure(18398)
[1971723.654] {Default Queue}  -> wl_shm#7.create_pool(new id wl_shm_pool#36, fd 16, 1920000)
[1971723.686] {Default Queue}  -> wl_shm_pool#36.create_buffer(new id wl_buffer#37, 0, 800, 600, 3200, 0)
[1971751.890]  -> wl_display#1.get_registry(new id wl_registry#38)
[1971751.913]  -> wl_display#1.sync(new id wl_callback#39)
[1971752.138] {Display Queue} wl_display#1.delete_id(39)
[1971752.144] wl_registry#38.global(1, "wl_compositor", 6)
[1971752.149] wl_registry#38.global(3, "zwp_tablet_manager_v2", 2)
[1971752.153] wl_registry#38.global(4, "zwp_keyboard_shortcuts_inhibit_manager_v1", 1)
[1971752.157] wl_registry#38.global(5, "xdg_session_manager_v1", 1)
[1971752.161] wl_registry#38.global(6, "zxdg_decoration_manager_v1", 2)
[1971752.165] wl_registry#38.global(7, "wp_viewporter", 1)
[1971752.169] wl_registry#38.global(8, "wp_security_context_manager_v1", 1)
[1971752.173] wl_registry#38.global(9, "wp_fractional_scale_manager_v1", 1)
[1971752.177] wl_registry#38.global(10, "wl_shm", 2)
[1971752.181] wl_registry#38.global(11, "wl_seat", 10)
[1971752.185] wl_registry#38.global(12, "zwp_pointer_gestures_v1", 3)
[1971752.188] wl_registry#38.global(13, "zwp_pointer_constraints_v1", 1)
[1971752.192] wl_registry#38.global(14, "zwp_relative_pointer_manager_v1", 1)
[1971752.196] wl_registry#38.global(15, "wl_data_device_manager", 3)
[1971752.200] wl_registry#38.global(16, "ext_data_control_manager_v1", 1)
[1971752.204] wl_registry#38.global(17, "wp_cursor_shape_manager_v1", 2)
[1971752.208] wl_registry#38.global(18, "zwp_primary_selection_device_manager_v1", 1)
[1971752.212] wl_registry#38.global(19, "org_kde_kwin_idle", 1)
[1971752.215] wl_registry#38.global(20, "zwp_idle_inhibit_manager_v1", 1)
[1971752.219] wl_registry#38.global(21, "ext_idle_notifier_v1", 2)
[1971752.223] wl_registry#38.global(22, "org_kde_plasma_shell", 8)
[1971752.227] wl_registry#38.global(23, "org_kde_kwin_appmenu_manager", 2)
[1971752.231] wl_registry#38.global(24, "org_kde_kwin_server_decoration_palette_manager", 1)
[1971752.235] wl_registry#38.global(26, "org_kde_plasma_virtual_desktop_management", 4)
[1971752.239] wl_registry#38.global(28, "org_kde_kwin_shadow_manager", 2)
[1971752.242] wl_registry#38.global(29, "org_kde_kwin_dpms_manager", 1)
[1971752.246] wl_registry#38.global(30, "org_kde_kwin_server_decoration_manager", 1)
[1971752.250] wl_registry#38.global(31, "kde_output_management_v2", 21)
[1971752.254] wl_registry#38.global(32, "kde_output_device_registry_v2", 23)
[1971752.258] wl_registry#38.global(33, "zxdg_output_manager_v1", 3)
[1971752.262] wl_registry#38.global(34, "wl_subcompositor", 1)
[1971752.266] wl_registry#38.global(35, "zxdg_exporter_v2", 1)
[1971752.270] wl_registry#38.global(36, "zxdg_importer_v2", 1)
[1971752.274] wl_registry#38.global(37, "zwp_input_method_v1", 1)
[1971752.277] wl_registry#38.global(39, "xdg_activation_v1", 1)
[1971752.281] wl_registry#38.global(41, "wp_content_type_manager_v1", 1)
[1971752.285] wl_registry#38.global(42, "wp_tearing_control_manager_v1", 1)
[1971752.289] wl_registry#38.global(43, "xdg_toplevel_drag_manager_v1", 1)
[1971752.293] wl_registry#38.global(44, "xdg_toplevel_icon_manager_v1", 1)
[1971752.297] wl_registry#38.global(45, "kde_screen_edge_manager_v1", 1)
[1971752.301] wl_registry#38.global(46, "frog_color_management_factory_v1", 1)
[1971752.305] wl_registry#38.global(47, "wp_presentation", 2)
[1971752.308] wl_registry#38.global(48, "wp_color_manager_v1", 2)
[1971752.319] wl_registry#38.global(49, "xdg_wm_dialog_v1", 1)
[1971752.331] wl_registry#38.global(50, "kde_external_brightness_v1", 3)
[1971752.335] wl_registry#38.global(51, "wp_alpha_modifier_v1", 1)
[1971752.339] wl_registry#38.global(52, "wl_fixes", 1)
[1971752.343] wl_registry#38.global(53, "wp_fifo_manager_v1", 1)
[1971752.347] wl_registry#38.global(54, "wp_single_pixel_buffer_manager_v1", 1)
[1971752.351] wl_registry#38.global(55, "xdg_toplevel_tag_manager_v1", 1)
[1971752.354] wl_registry#38.global(56, "wp_color_representation_manager_v1", 1)
[1971752.358] wl_registry#38.global(57, "wp_pointer_warp_v1", 1)
[1971752.362] wl_registry#38.global(58, "ext_background_effect_manager_v1", 1)
[1971752.366] wl_registry#38.global(60, "zwp_linux_dmabuf_v1", 5)
[1971752.370] wl_registry#38.global(61, "wp_linux_drm_syncobj_manager_v1", 1)
[1971752.374] wl_registry#38.global(62, "zwp_input_panel_v1", 1)
[1971752.378] wl_registry#38.global(63, "xdg_wm_base", 6)
[1971752.381] wl_registry#38.global(64, "zwlr_layer_shell_v1", 5)
[1971752.385] wl_registry#38.global(65, "org_kde_kwin_keystate", 5)
[1971752.389] wl_registry#38.global(66, "wl_output", 4)
[1971752.393] wl_registry#38.global(67, "wp_drm_lease_device_v1", 1)
[1971752.398] wl_registry#38.global(68, "kde_output_order_v1", 1)
[1971752.402] wl_registry#38.global(69, "zwp_text_input_manager_v2", 1)
[1971752.405] wl_registry#38.global(70, "zwp_text_input_manager_v3", 2)
[1971752.409] wl_registry#38.global(72, "org_kde_kwin_slide_manager", 1)
[1971752.413] wl_registry#38.global(73, "xdg_system_bell_v1", 1)
[1971752.417] wl_callback#39.done(18398)
[1971752.422]  -> wl_registry#38.bind(60, "zwp_linux_dmabuf_v1", 4, new id [unknown]#39)
[1971752.427]  -> zwp_linux_dmabuf_v1#39.get_default_feedback(new id zwp_linux_dmabuf_feedback_v1#40)
[1971752.431]  -> wl_display#1.sync(new id wl_callback#41)
[1971752.571] {Display Queue} wl_display#1.delete_id(41)
[1971752.587] zwp_linux_dmabuf_feedback_v1#40.format_table(fd 15, 8992)
[1971752.604] zwp_linux_dmabuf_feedback_v1#40.main_device(array[8])
[1971752.608] zwp_linux_dmabuf_feedback_v1#40.tranche_target_device(array[8])
[1971752.612] zwp_linux_dmabuf_feedback_v1#40.tranche_formats(array[208])
[1971752.619] zwp_linux_dmabuf_feedback_v1#40.tranche_flags(0)
[1971752.623] zwp_linux_dmabuf_feedback_v1#40.tranche_done()
[1971752.627] zwp_linux_dmabuf_feedback_v1#40.tranche_target_device(array[8])
[1971752.631] zwp_linux_dmabuf_feedback_v1#40.tranche_formats(array[208])
[1971752.638] zwp_linux_dmabuf_feedback_v1#40.tranche_flags(0)
[1971752.642] zwp_linux_dmabuf_feedback_v1#40.tranche_done()
[1971752.654] zwp_linux_dmabuf_feedback_v1#40.tranche_target_device(array[8])
[1971752.658] zwp_linux_dmabuf_feedback_v1#40.tranche_formats(array[708])
[1971752.666] zwp_linux_dmabuf_feedback_v1#40.tranche_flags(0)
[1971752.669] zwp_linux_dmabuf_feedback_v1#40.tranche_done()
[1971752.673] zwp_linux_dmabuf_feedback_v1#40.done()
[1971752.677] wl_callback#41.done(18398)
[1971752.681]  -> zwp_linux_dmabuf_feedback_v1#40.destroy()
[1971786.030] {Default Queue}  -> wl_registry#38.bind(61, "wp_linux_drm_syncobj_manager_v1", 1, new id [unknown]#41)
[1971787.428] {Default Queue}  -> zwp_linux_dmabuf_v1#39.destroy()
[1971787.435] {Default Queue}  -> wp_linux_drm_syncobj_manager_v1#41.destroy()
[1971787.584]  -> wl_display#1.get_registry(new id wl_registry#42)
[1971787.591]  -> wl_display#1.sync(new id wl_callback#43)
[1971787.786] {Display Queue} wl_display#1.delete_id(40)
[1971787.799] {Display Queue} wl_display#1.delete_id(39)
[1971787.805] {Display Queue} wl_display#1.delete_id(41)
[1971787.809] {Display Queue} wl_display#1.delete_id(43)
[1971787.814] wl_registry#42.global(1, "wl_compositor", 6)
[1971787.820] wl_registry#42.global(3, "zwp_tablet_manager_v2", 2)
[1971787.825] wl_registry#42.global(4, "zwp_keyboard_shortcuts_inhibit_manager_v1", 1)
[1971787.830] wl_registry#42.global(5, "xdg_session_manager_v1", 1)
[1971787.835] wl_registry#42.global(6, "zxdg_decoration_manager_v1", 2)
[1971787.839] wl_registry#42.global(7, "wp_viewporter", 1)
[1971787.853] wl_registry#42.global(8, "wp_security_context_manager_v1", 1)
[1971787.868] wl_registry#42.global(9, "wp_fractional_scale_manager_v1", 1)
[1971787.872] wl_registry#42.global(10, "wl_shm", 2)
[1971787.877] wl_registry#42.global(11, "wl_seat", 10)
[1971787.882] wl_registry#42.global(12, "zwp_pointer_gestures_v1", 3)
[1971787.887] wl_registry#42.global(13, "zwp_pointer_constraints_v1", 1)
[1971787.892] wl_registry#42.global(14, "zwp_relative_pointer_manager_v1", 1)
[1971787.896] wl_registry#42.global(15, "wl_data_device_manager", 3)
[1971787.901] wl_registry#42.global(16, "ext_data_control_manager_v1", 1)
[1971787.906] wl_registry#42.global(17, "wp_cursor_shape_manager_v1", 2)
[1971787.911] wl_registry#42.global(18, "zwp_primary_selection_device_manager_v1", 1)
[1971787.915] wl_registry#42.global(19, "org_kde_kwin_idle", 1)
[1971787.920] wl_registry#42.global(20, "zwp_idle_inhibit_manager_v1", 1)
[1971787.925] wl_registry#42.global(21, "ext_idle_notifier_v1", 2)
[1971787.930] wl_registry#42.global(22, "org_kde_plasma_shell", 8)
[1971787.935] wl_registry#42.global(23, "org_kde_kwin_appmenu_manager", 2)
[1971787.940] wl_registry#42.global(24, "org_kde_kwin_server_decoration_palette_manager", 1)
[1971787.945] wl_registry#42.global(26, "org_kde_plasma_virtual_desktop_management", 4)
[1971787.950] wl_registry#42.global(28, "org_kde_kwin_shadow_manager", 2)
[1971787.955] wl_registry#42.global(29, "org_kde_kwin_dpms_manager", 1)
[1971787.960] wl_registry#42.global(30, "org_kde_kwin_server_decoration_manager", 1)
[1971787.965] wl_registry#42.global(31, "kde_output_management_v2", 21)
[1971787.970] wl_registry#42.global(32, "kde_output_device_registry_v2", 23)
[1971787.974] wl_registry#42.global(33, "zxdg_output_manager_v1", 3)
[1971787.979] wl_registry#42.global(34, "wl_subcompositor", 1)
[1971787.984] wl_registry#42.global(35, "zxdg_exporter_v2", 1)
[1971787.989] wl_registry#42.global(36, "zxdg_importer_v2", 1)
[1971787.993] wl_registry#42.global(37, "zwp_input_method_v1", 1)
[1971787.998] wl_registry#42.global(39, "xdg_activation_v1", 1)
[1971788.003] wl_registry#42.global(41, "wp_content_type_manager_v1", 1)
[1971788.008] wl_registry#42.global(42, "wp_tearing_control_manager_v1", 1)
[1971788.012] wl_registry#42.global(43, "xdg_toplevel_drag_manager_v1", 1)
[1971788.017] wl_registry#42.global(44, "xdg_toplevel_icon_manager_v1", 1)
[1971788.022] wl_registry#42.global(45, "kde_screen_edge_manager_v1", 1)
[1971788.027] wl_registry#42.global(46, "frog_color_management_factory_v1", 1)
[1971788.032] wl_registry#42.global(47, "wp_presentation", 2)
[1971788.036] wl_registry#42.global(48, "wp_color_manager_v1", 2)
[1971788.041] wl_registry#42.global(49, "xdg_wm_dialog_v1", 1)
[1971788.046] wl_registry#42.global(50, "kde_external_brightness_v1", 3)
[1971788.051] wl_registry#42.global(51, "wp_alpha_modifier_v1", 1)
[1971788.056] wl_registry#42.global(52, "wl_fixes", 1)
[1971788.061] wl_registry#42.global(53, "wp_fifo_manager_v1", 1)
[1971788.066] wl_registry#42.global(54, "wp_single_pixel_buffer_manager_v1", 1)
[1971788.070] wl_registry#42.global(55, "xdg_toplevel_tag_manager_v1", 1)
[1971788.075] wl_registry#42.global(56, "wp_color_representation_manager_v1", 1)
[1971788.080] wl_registry#42.global(57, "wp_pointer_warp_v1", 1)
[1971788.085] wl_registry#42.global(58, "ext_background_effect_manager_v1", 1)
[1971788.090] wl_registry#42.global(60, "zwp_linux_dmabuf_v1", 5)
[1971788.094] wl_registry#42.global(61, "wp_linux_drm_syncobj_manager_v1", 1)
[1971788.099] wl_registry#42.global(62, "zwp_input_panel_v1", 1)
[1971788.104] wl_registry#42.global(63, "xdg_wm_base", 6)
[1971788.109] wl_registry#42.global(64, "zwlr_layer_shell_v1", 5)
[1971788.114] wl_registry#42.global(65, "org_kde_kwin_keystate", 5)
[1971788.118] wl_registry#42.global(66, "wl_output", 4)
[1971788.123] wl_registry#42.global(67, "wp_drm_lease_device_v1", 1)
[1971788.128] wl_registry#42.global(68, "kde_output_order_v1", 1)
[1971788.133] wl_registry#42.global(69, "zwp_text_input_manager_v2", 1)
[1971788.137] wl_registry#42.global(70, "zwp_text_input_manager_v3", 2)
[1971788.146] wl_registry#42.global(72, "org_kde_kwin_slide_manager", 1)
[1971788.153] wl_registry#42.global(73, "xdg_system_bell_v1", 1)
[1971788.158] wl_callback#43.done(18398)
[1971788.163]  -> wl_registry#42.bind(60, "zwp_linux_dmabuf_v1", 4, new id [unknown]#43)
[1971788.169]  -> zwp_linux_dmabuf_v1#43.get_default_feedback(new id zwp_linux_dmabuf_feedback_v1#41)
[1971788.174]  -> wl_display#1.sync(new id wl_callback#39)
[1971788.301] {Display Queue} wl_display#1.delete_id(39)
[1971788.312] zwp_linux_dmabuf_feedback_v1#41.format_table(fd 15, 8992)
[1971788.336] zwp_linux_dmabuf_feedback_v1#41.main_device(array[8])
[1971788.341] zwp_linux_dmabuf_feedback_v1#41.tranche_target_device(array[8])
[1971788.346] zwp_linux_dmabuf_feedback_v1#41.tranche_formats(array[208])
[1971788.356] zwp_linux_dmabuf_feedback_v1#41.tranche_flags(0)
[1971788.360] zwp_linux_dmabuf_feedback_v1#41.tranche_done()
[1971788.365] zwp_linux_dmabuf_feedback_v1#41.tranche_target_device(array[8])
[1971788.370] zwp_linux_dmabuf_feedback_v1#41.tranche_formats(array[208])
[1971788.375] zwp_linux_dmabuf_feedback_v1#41.tranche_flags(0)
[1971788.380] zwp_linux_dmabuf_feedback_v1#41.tranche_done()
[1971788.384] zwp_linux_dmabuf_feedback_v1#41.tranche_target_device(array[8])
[1971788.389] zwp_linux_dmabuf_feedback_v1#41.tranche_formats(array[708])
[1971788.394] zwp_linux_dmabuf_feedback_v1#41.tranche_flags(0)
[1971788.399] zwp_linux_dmabuf_feedback_v1#41.tranche_done()
[1971788.404] zwp_linux_dmabuf_feedback_v1#41.done()
[1971788.408] wl_callback#39.done(18398)
[1971788.413]  -> zwp_linux_dmabuf_feedback_v1#41.destroy()
[1971791.200] {Default Queue}  -> wl_registry#42.bind(61, "wp_linux_drm_syncobj_manager_v1", 1, new id [unknown]#39)
[1971876.574] {Default Queue}  -> wl_surface#32.set_buffer_scale(1)
[1971876.636] {Default Queue}  -> wp_linux_drm_syncobj_manager_v1#39.get_surface(new id wp_linux_drm_syncobj_surface_v1#40, wl_surface#32)
[1971876.654] {EGLSurface(32)}  -> zwp_linux_dmabuf_v1#43.get_surface_feedback(new id zwp_linux_dmabuf_feedback_v1#44, wl_surface#32)
[1971876.662] {EGLSurface(32)}  -> wl_display#1.sync(new id wl_callback#45)
[1971876.842] {Display Queue} wl_display#1.delete_id(41)
[1971876.848] {Display Queue} wl_display#1.delete_id(45)
[1971876.851] {EGLSurface(32)} zwp_linux_dmabuf_feedback_v1#44.format_table(fd 37, 8992)
[1971876.864] {EGLSurface(32)} zwp_linux_dmabuf_feedback_v1#44.main_device(array[8])
[1971876.868] {EGLSurface(32)} zwp_linux_dmabuf_feedback_v1#44.tranche_target_device(array[8])
[1971876.872] {EGLSurface(32)} zwp_linux_dmabuf_feedback_v1#44.tranche_formats(array[208])
[1971876.878] {EGLSurface(32)} zwp_linux_dmabuf_feedback_v1#44.tranche_flags(0)
[1971876.882] {EGLSurface(32)} zwp_linux_dmabuf_feedback_v1#44.tranche_done()
[1971876.886] {EGLSurface(32)} zwp_linux_dmabuf_feedback_v1#44.tranche_target_device(array[8])
[1971876.890] {EGLSurface(32)} zwp_linux_dmabuf_feedback_v1#44.tranche_formats(array[208])
[1971876.894] {EGLSurface(32)} zwp_linux_dmabuf_feedback_v1#44.tranche_flags(0)
[1971876.898] {EGLSurface(32)} zwp_linux_dmabuf_feedback_v1#44.tranche_done()
[1971876.901] {EGLSurface(32)} zwp_linux_dmabuf_feedback_v1#44.tranche_target_device(array[8])
[1971876.908] {EGLSurface(32)} zwp_linux_dmabuf_feedback_v1#44.tranche_formats(array[708])
[1971876.911] {EGLSurface(32)} zwp_linux_dmabuf_feedback_v1#44.tranche_flags(0)
[1971876.915] {EGLSurface(32)} zwp_linux_dmabuf_feedback_v1#44.tranche_done()
[1971876.919] {EGLSurface(32)} zwp_linux_dmabuf_feedback_v1#44.done()
[1971876.922] {EGLSurface(32)} wl_callback#45.done(18398)
[1971877.084] {Default Queue}  -> wp_linux_drm_syncobj_manager_v1#39.import_timeline(new id wp_linux_drm_syncobj_timeline_v1#45, fd 39)
[1971877.096] {EGLSurface(32/0x63c6110)}  -> zwp_linux_dmabuf_v1#43.create_params(new id zwp_linux_buffer_params_v1#41)
[1971877.100] {EGLSurface(32/0x63c6110)}  -> zwp_linux_buffer_params_v1#41.add(fd 38, 0, 0, 3200, 50331648, 6316052)
[1971877.105] {EGLSurface(32/0x63c6110)}  -> zwp_linux_buffer_params_v1#41.create(800, 600, 875713089, 0)
[1971877.109] {EGLSurface(32/0x63c6110)}  -> wl_display#1.sync(new id wl_callback#46)
[1971877.309] {Display Queue} wl_display#1.delete_id(46)
[1971877.323] {EGLSurface(32/0x63c6110)} zwp_linux_buffer_params_v1#41.created(new id wl_buffer#4278190080)
[1971877.327] {EGLSurface(32/0x63c6110)} wl_callback#46.done(18398)
[1971877.331] {EGLSurface(32/0x63c6110)}  -> zwp_linux_buffer_params_v1#41.destroy()
[1971879.873] {Default Queue}  -> wl_surface#32.attach(wl_buffer#37, 0, 0)
[1971879.888] {Default Queue}  -> wl_surface#32.set_buffer_scale(1)
[1971879.893] {Default Queue}  -> wl_surface#32.damage(0, 0, 800, 600)
[1971879.899] {Default Queue}  -> xdg_toplevel#34.set_min_size(0, 0)
[1971879.903] {Default Queue}  -> xdg_toplevel#34.set_max_size(0, 0)
[1971879.907] {Default Queue}  -> xdg_surface#33.set_window_geometry(0, 0, 800, 600)
[1971879.912] {Default Queue}  -> wl_compositor#4.create_region(new id wl_region#46)
[1971879.916] {Default Queue}  -> wl_region#46.add(0, 0, 800, 600)
[1971879.921] {Default Queue}  -> wl_surface#32.set_opaque_region(wl_region#46)
[1971879.924] {Default Queue}  -> wl_region#46.destroy()
[1971879.928] {Default Queue}  -> wl_surface#32.set_input_region(nil)
[1971879.942] {Default Queue}  -> wl_surface#32.frame(new id wl_callback#47)
[1971879.947] {Default Queue}  -> wl_surface#32.commit()
[1971880.017] {Display Queue} wl_display#1.delete_id(41)
[1971880.023] {Display Queue} wl_display#1.delete_id(46)
[1971880.026] {Display Queue} wl_display#1.error(wp_linux_drm_syncobj_surface_v1#40, 4, "explicit sync is used, but no acquire point is set")
Gdk-Message: 00:33:30.802: Error 71 (Protocol error) dispatching to Wayland display.
