[1971926.210] {Default Queue}  -> wl_display#1.get_registry(new id wl_registry#2)
[1971926.235] {Default Queue}  -> wl_display#1.sync(new id wl_callback#3)
[1971928.280] {Display Queue} wl_display#1.delete_id(3)
[1971928.294] {Default Queue} wl_registry#2.global(1, "wl_compositor", 6)
[1971928.302] {Default Queue}  -> wl_registry#2.bind(1, "wl_compositor", 3, new id [unknown]#4)
[1971928.311] {Default Queue} wl_registry#2.global(3, "zwp_tablet_manager_v2", 2)
[1971928.317] {Default Queue}  -> wl_registry#2.bind(3, "zwp_tablet_manager_v2", 1, new id [unknown]#5)
[1971928.322] {Default Queue} wl_registry#2.global(4, "zwp_keyboard_shortcuts_inhibit_manager_v1", 1)
[1971928.330] {Default Queue}  -> wl_registry#2.bind(4, "zwp_keyboard_shortcuts_inhibit_manager_v1", 1, new id [unknown]#6)
[1971928.336] {Default Queue} wl_registry#2.global(5, "xdg_session_manager_v1", 1)
[1971928.343] {Default Queue} wl_registry#2.global(6, "zxdg_decoration_manager_v1", 2)
[1971928.349] {Default Queue} wl_registry#2.global(7, "wp_viewporter", 1)
[1971928.356] {Default Queue} wl_registry#2.global(8, "wp_security_context_manager_v1", 1)
[1971928.363] {Default Queue} wl_registry#2.global(9, "wp_fractional_scale_manager_v1", 1)
[1971928.370] {Default Queue} wl_registry#2.global(10, "wl_shm", 2)
[1971928.377] {Default Queue}  -> wl_registry#2.bind(10, "wl_shm", 1, new id [unknown]#7)
[1971928.384] {Default Queue} wl_registry#2.global(11, "wl_seat", 10)
[1971928.391] {Default Queue} wl_registry#2.global(12, "zwp_pointer_gestures_v1", 3)
[1971928.397] {Default Queue}  -> wl_registry#2.bind(12, "zwp_pointer_gestures_v1", 1, new id [unknown]#8)
[1971928.404] {Default Queue} wl_registry#2.global(13, "zwp_pointer_constraints_v1", 1)
[1971928.410] {Default Queue} wl_registry#2.global(14, "zwp_relative_pointer_manager_v1", 1)
[1971928.417] {Default Queue} wl_registry#2.global(15, "wl_data_device_manager", 3)
[1971928.424] {Default Queue}  -> wl_registry#2.bind(15, "wl_data_device_manager", 3, new id [unknown]#9)
[1971928.431] {Default Queue} wl_registry#2.global(16, "ext_data_control_manager_v1", 1)
[1971928.439] {Default Queue} wl_registry#2.global(17, "wp_cursor_shape_manager_v1", 2)
[1971928.444] {Default Queue}  -> wl_registry#2.bind(17, "wp_cursor_shape_manager_v1", 1, new id [unknown]#10)
[1971928.450] {Default Queue} wl_registry#2.global(18, "zwp_primary_selection_device_manager_v1", 1)
[1971928.455] {Default Queue}  -> wl_registry#2.bind(18, "zwp_primary_selection_device_manager_v1", 1, new id [unknown]#11)
[1971928.460] {Default Queue} wl_registry#2.global(19, "org_kde_kwin_idle", 1)
[1971928.465] {Default Queue} wl_registry#2.global(20, "zwp_idle_inhibit_manager_v1", 1)
[1971928.470] {Default Queue} wl_registry#2.global(21, "ext_idle_notifier_v1", 2)
[1971928.475] {Default Queue} wl_registry#2.global(22, "org_kde_plasma_shell", 8)
[1971928.480] {Default Queue} wl_registry#2.global(23, "org_kde_kwin_appmenu_manager", 2)
[1971928.485] {Default Queue} wl_registry#2.global(24, "org_kde_kwin_server_decoration_palette_manager", 1)
[1971928.490] {Default Queue} wl_registry#2.global(26, "org_kde_plasma_virtual_desktop_management", 4)
[1971928.495] {Default Queue} wl_registry#2.global(28, "org_kde_kwin_shadow_manager", 2)
[1971928.499] {Default Queue} wl_registry#2.global(29, "org_kde_kwin_dpms_manager", 1)
[1971928.504] {Default Queue} wl_registry#2.global(30, "org_kde_kwin_server_decoration_manager", 1)
[1971928.509] {Default Queue}  -> wl_registry#2.bind(30, "org_kde_kwin_server_decoration_manager", 1, new id [unknown]#12)
[1971928.514] {Default Queue} wl_registry#2.global(31, "kde_output_management_v2", 21)
[1971928.519] {Default Queue} wl_registry#2.global(32, "kde_output_device_registry_v2", 23)
[1971928.524] {Default Queue} wl_registry#2.global(33, "zxdg_output_manager_v1", 3)
[1971928.529] {Default Queue}  -> wl_registry#2.bind(33, "zxdg_output_manager_v1", 3, new id [unknown]#13)
[1971928.539] {Default Queue}  -> wl_display#1.sync(new id wl_callback#14)
[1971928.544] {Default Queue} wl_registry#2.global(34, "wl_subcompositor", 1)
[1971928.550] {Default Queue}  -> wl_registry#2.bind(34, "wl_subcompositor", 1, new id [unknown]#15)
[1971928.563] {Default Queue} wl_registry#2.global(35, "zxdg_exporter_v2", 1)
[1971928.574] {Default Queue}  -> wl_registry#2.bind(35, "zxdg_exporter_v2", 1, new id [unknown]#16)
[1971928.579] {Default Queue} wl_registry#2.global(36, "zxdg_importer_v2", 1)
[1971928.584] {Default Queue}  -> wl_registry#2.bind(36, "zxdg_importer_v2", 1, new id [unknown]#17)
[1971928.590] {Default Queue} wl_registry#2.global(37, "zwp_input_method_v1", 1)
[1971928.595] {Default Queue} wl_registry#2.global(39, "xdg_activation_v1", 1)
[1971928.600] {Default Queue}  -> wl_registry#2.bind(39, "xdg_activation_v1", 1, new id [unknown]#18)
[1971928.605] {Default Queue} wl_registry#2.global(41, "wp_content_type_manager_v1", 1)
[1971928.610] {Default Queue} wl_registry#2.global(42, "wp_tearing_control_manager_v1", 1)
[1971928.615] {Default Queue} wl_registry#2.global(43, "xdg_toplevel_drag_manager_v1", 1)
[1971928.620] {Default Queue} wl_registry#2.global(44, "xdg_toplevel_icon_manager_v1", 1)
[1971928.625] {Default Queue} wl_registry#2.global(45, "kde_screen_edge_manager_v1", 1)
[1971928.630] {Default Queue} wl_registry#2.global(46, "frog_color_management_factory_v1", 1)
[1971928.635] {Default Queue} wl_registry#2.global(47, "wp_presentation", 2)
[1971928.640] {Default Queue} wl_registry#2.global(48, "wp_color_manager_v1", 2)
[1971928.645] {Default Queue} wl_registry#2.global(49, "xdg_wm_dialog_v1", 1)
[1971928.656] {Default Queue} wl_registry#2.global(50, "kde_external_brightness_v1", 3)
[1971928.661] {Default Queue} wl_registry#2.global(51, "wp_alpha_modifier_v1", 1)
[1971928.666] {Default Queue} wl_registry#2.global(52, "wl_fixes", 1)
[1971928.671] {Default Queue} wl_registry#2.global(53, "wp_fifo_manager_v1", 1)
[1971928.676] {Default Queue} wl_registry#2.global(54, "wp_single_pixel_buffer_manager_v1", 1)
[1971928.681] {Default Queue} wl_registry#2.global(55, "xdg_toplevel_tag_manager_v1", 1)
[1971928.686] {Default Queue} wl_registry#2.global(56, "wp_color_representation_manager_v1", 1)
[1971928.691] {Default Queue} wl_registry#2.global(57, "wp_pointer_warp_v1", 1)
[1971928.696] {Default Queue} wl_registry#2.global(58, "ext_background_effect_manager_v1", 1)
[1971928.701] {Default Queue} wl_registry#2.global(60, "zwp_linux_dmabuf_v1", 5)
[1971928.706] {Default Queue} wl_registry#2.global(61, "wp_linux_drm_syncobj_manager_v1", 1)
[1971928.711] {Default Queue} wl_registry#2.global(62, "zwp_input_panel_v1", 1)
[1971928.716] {Default Queue} wl_registry#2.global(63, "xdg_wm_base", 6)
[1971928.721] {Default Queue} wl_registry#2.global(64, "zwlr_layer_shell_v1", 5)
[1971928.726] {Default Queue} wl_registry#2.global(65, "org_kde_kwin_keystate", 5)
[1971928.731] {Default Queue} wl_registry#2.global(66, "wl_output", 4)
[1971928.736] {Default Queue}  -> wl_registry#2.bind(66, "wl_output", 2, new id [unknown]#19)
[1971928.781] {Default Queue}  -> zxdg_output_manager_v1#13.get_xdg_output(new id zxdg_output_v1#20, wl_output#19)
[1971928.788] {Default Queue}  -> wl_display#1.sync(new id wl_callback#21)
[1971928.793] {Default Queue} wl_registry#2.global(67, "wp_drm_lease_device_v1", 1)
[1971928.800] {Default Queue} wl_registry#2.global(68, "kde_output_order_v1", 1)
[1971928.805] {Default Queue} wl_registry#2.global(69, "zwp_text_input_manager_v2", 1)
[1971928.810] {Default Queue} wl_registry#2.global(70, "zwp_text_input_manager_v3", 2)
[1971928.815] {Default Queue} wl_registry#2.global(72, "org_kde_kwin_slide_manager", 1)
[1971928.820] {Default Queue} wl_registry#2.global(73, "xdg_system_bell_v1", 1)
[1971928.825] {Default Queue} wl_callback#3.done(18398)
[1971928.879] {Default Queue}  -> wl_shm#7.create_pool(new id wl_shm_pool#3, fd 11, 2304)
[1971929.370] {Default Queue}  -> wl_shm_pool#3.resize(8704)
[1971929.396] {Default Queue}  -> wl_shm_pool#3.resize(21504)
[1971929.420] {Default Queue}  -> wl_shm_pool#3.resize(47104)
[1971929.455] {Default Queue}  -> wl_shm_pool#3.resize(98304)
[1971929.562] {Default Queue}  -> wl_shm_pool#3.resize(200704)
[1971930.007] {Default Queue}  -> wl_shm_pool#3.resize(405504)
[1971931.024] {Default Queue}  -> wl_shm_pool#3.resize(815104)
[1971933.002] {Default Queue}  -> wl_shm_pool#3.resize(1634304)
[1971938.912] {Default Queue}  -> wl_registry#2.bind(11, "wl_seat", 5, new id [unknown]#22)
[1971940.521] {Default Queue}  -> wl_compositor#4.create_surface(new id wl_surface#23)
[1971940.540] {Default Queue}  -> zwp_primary_selection_device_manager_v1#11.get_device(new id zwp_primary_selection_device_v1#24, wl_seat#22)
[1971940.549] {Default Queue}  -> wl_data_device_manager#9.get_data_device(new id wl_data_device#25, wl_seat#22)
[1971940.607] {Default Queue}  -> wl_compositor#4.create_surface(new id wl_surface#26)
[1971940.613] {Default Queue}  -> zwp_tablet_manager_v2#5.get_tablet_seat(new id zwp_tablet_seat_v2#27, wl_seat#22)
[1971940.619] {Default Queue}  -> wl_display#1.sync(new id wl_callback#28)
[1971940.892] {Display Queue} wl_display#1.delete_id(14)
[1971940.898] {Display Queue} wl_display#1.delete_id(21)
[1971940.902] {Display Queue} wl_display#1.delete_id(28)
[1971940.907] {Default Queue} wl_shm#7.format(0)
[1971940.911] {Default Queue} wl_shm#7.format(1)
[1971940.915] {Default Queue} wl_shm#7.format(1448434008)
[1971940.919] {Default Queue} wl_shm#7.format(808669761)
[1971940.922] {Default Queue} wl_shm#7.format(808669784)
[1971940.926] {Default Queue} wl_shm#7.format(808665665)
[1971940.930] {Default Queue} wl_shm#7.format(808665688)
[1971940.933] {Default Queue} wl_shm#7.format(942948929)
[1971940.937] {Default Queue} wl_shm#7.format(942948952)
[1971940.941] {Default Queue} wl_shm#7.format(875710274)
[1971940.944] {Default Queue} wl_shm#7.format(875710290)
[1971940.948] {Default Queue} org_kde_kwin_server_decoration_manager#12.default_mode(2)
[1971940.953] {Default Queue} wl_callback#14.done(18398)
[1971940.958] {Default Queue} wl_output#19.mode(1, 1920, 1080, 60000)
[1971940.963] {Default Queue} wl_output#19.scale(1)
[1971940.967] {Default Queue} wl_output#19.geometry(0, 0, 598, 336, 0, "Acer Technologies", "GN276HL", 0)
[1971940.974] {Default Queue} wl_output#19.done()
[1971940.982] {Default Queue} zxdg_output_v1#20.logical_position(0, 0)
[1971940.986] {Default Queue} zxdg_output_v1#20.logical_size(1920, 1080)
[1971940.990] {Default Queue} zxdg_output_v1#20.name("HDMI-A-1")
[1971940.994] {Default Queue} zxdg_output_v1#20.description("Acer Technologies GN276HL")
[1971940.998] {Default Queue} wl_output#19.done()
[1971941.003] {Default Queue} wl_callback#21.done(18398)
[1971941.007] {Default Queue} wl_seat#22.name("seat0")
[1971941.011] {Default Queue} wl_seat#22.capabilities(3)
[1971941.015] {Default Queue}  -> wl_seat#22.get_pointer(new id wl_pointer#21)
[1971941.023] {Default Queue}  -> zwp_pointer_gestures_v1#8.get_swipe_gesture(new id zwp_pointer_gesture_swipe_v1#14, wl_pointer#21)
[1971941.030] {Default Queue}  -> zwp_pointer_gestures_v1#8.get_pinch_gesture(new id zwp_pointer_gesture_pinch_v1#29, wl_pointer#21)
[1971941.037] {Default Queue}  -> wp_cursor_shape_manager_v1#10.get_pointer(new id wp_cursor_shape_device_v1#30, wl_pointer#21)
[1971941.043] {Default Queue}  -> wl_seat#22.get_keyboard(new id wl_keyboard#31)
[1971941.049] {Default Queue} wl_callback#28.done(18398)
[1971941.053] {Default Queue}  -> wl_registry#2.bind(63, "xdg_wm_base", 6, new id [unknown]#28)
[1971955.881] {Default Queue}  -> wl_compositor#4.create_surface(new id wl_surface#32)
[1971982.562]  -> wl_display#1.get_registry(new id wl_registry#33)
[1971982.586]  -> wl_display#1.sync(new id wl_callback#34)
[1971982.884] {Display Queue} wl_display#1.delete_id(34)
[1971982.902] wl_registry#33.global(1, "wl_compositor", 6)
[1971982.907] wl_registry#33.global(3, "zwp_tablet_manager_v2", 2)
[1971982.912] wl_registry#33.global(4, "zwp_keyboard_shortcuts_inhibit_manager_v1", 1)
[1971982.915] wl_registry#33.global(5, "xdg_session_manager_v1", 1)
[1971982.919] wl_registry#33.global(6, "zxdg_decoration_manager_v1", 2)
[1971982.923] wl_registry#33.global(7, "wp_viewporter", 1)
[1971982.927] wl_registry#33.global(8, "wp_security_context_manager_v1", 1)
[1971982.931] wl_registry#33.global(9, "wp_fractional_scale_manager_v1", 1)
[1971982.941] wl_registry#33.global(10, "wl_shm", 2)
[1971982.953] wl_registry#33.global(11, "wl_seat", 10)
[1971982.957] wl_registry#33.global(12, "zwp_pointer_gestures_v1", 3)
[1971982.961] wl_registry#33.global(13, "zwp_pointer_constraints_v1", 1)
[1971982.965] wl_registry#33.global(14, "zwp_relative_pointer_manager_v1", 1)
[1971982.968] wl_registry#33.global(15, "wl_data_device_manager", 3)
[1971982.972] wl_registry#33.global(16, "ext_data_control_manager_v1", 1)
[1971982.976] wl_registry#33.global(17, "wp_cursor_shape_manager_v1", 2)
[1971982.980] wl_registry#33.global(18, "zwp_primary_selection_device_manager_v1", 1)
[1971982.984] wl_registry#33.global(19, "org_kde_kwin_idle", 1)
[1971982.988] wl_registry#33.global(20, "zwp_idle_inhibit_manager_v1", 1)
[1971982.992] wl_registry#33.global(21, "ext_idle_notifier_v1", 2)
[1971982.996] wl_registry#33.global(22, "org_kde_plasma_shell", 8)
[1971982.999] wl_registry#33.global(23, "org_kde_kwin_appmenu_manager", 2)
[1971983.003] wl_registry#33.global(24, "org_kde_kwin_server_decoration_palette_manager", 1)
[1971983.007] wl_registry#33.global(26, "org_kde_plasma_virtual_desktop_management", 4)
[1971983.011] wl_registry#33.global(28, "org_kde_kwin_shadow_manager", 2)
[1971983.015] wl_registry#33.global(29, "org_kde_kwin_dpms_manager", 1)
[1971983.019] wl_registry#33.global(30, "org_kde_kwin_server_decoration_manager", 1)
[1971983.023] wl_registry#33.global(31, "kde_output_management_v2", 21)
[1971983.027] wl_registry#33.global(32, "kde_output_device_registry_v2", 23)
[1971983.031] wl_registry#33.global(33, "zxdg_output_manager_v1", 3)
[1971983.035] wl_registry#33.global(34, "wl_subcompositor", 1)
[1971983.039] wl_registry#33.global(35, "zxdg_exporter_v2", 1)
[1971983.043] wl_registry#33.global(36, "zxdg_importer_v2", 1)
[1971983.047] wl_registry#33.global(37, "zwp_input_method_v1", 1)
[1971983.050] wl_registry#33.global(39, "xdg_activation_v1", 1)
[1971983.054] wl_registry#33.global(41, "wp_content_type_manager_v1", 1)
[1971983.058] wl_registry#33.global(42, "wp_tearing_control_manager_v1", 1)
[1971983.062] wl_registry#33.global(43, "xdg_toplevel_drag_manager_v1", 1)
[1971983.066] wl_registry#33.global(44, "xdg_toplevel_icon_manager_v1", 1)
[1971983.070] wl_registry#33.global(45, "kde_screen_edge_manager_v1", 1)
[1971983.074] wl_registry#33.global(46, "frog_color_management_factory_v1", 1)
[1971983.078] wl_registry#33.global(47, "wp_presentation", 2)
[1971983.081] wl_registry#33.global(48, "wp_color_manager_v1", 2)
[1971983.085] wl_registry#33.global(49, "xdg_wm_dialog_v1", 1)
[1971983.089] wl_registry#33.global(50, "kde_external_brightness_v1", 3)
[1971983.093] wl_registry#33.global(51, "wp_alpha_modifier_v1", 1)
[1971983.097] wl_registry#33.global(52, "wl_fixes", 1)
[1971983.101] wl_registry#33.global(53, "wp_fifo_manager_v1", 1)
[1971983.105] wl_registry#33.global(54, "wp_single_pixel_buffer_manager_v1", 1)
[1971983.108] wl_registry#33.global(55, "xdg_toplevel_tag_manager_v1", 1)
[1971983.112] wl_registry#33.global(56, "wp_color_representation_manager_v1", 1)
[1971983.116] wl_registry#33.global(57, "wp_pointer_warp_v1", 1)
[1971983.120] wl_registry#33.global(58, "ext_background_effect_manager_v1", 1)
[1971983.124] wl_registry#33.global(60, "zwp_linux_dmabuf_v1", 5)
[1971983.128] wl_registry#33.global(61, "wp_linux_drm_syncobj_manager_v1", 1)
[1971983.132] wl_registry#33.global(62, "zwp_input_panel_v1", 1)
[1971983.135] wl_registry#33.global(63, "xdg_wm_base", 6)
[1971983.139] wl_registry#33.global(64, "zwlr_layer_shell_v1", 5)
[1971983.143] wl_registry#33.global(65, "org_kde_kwin_keystate", 5)
[1971983.147] wl_registry#33.global(66, "wl_output", 4)
[1971983.151] wl_registry#33.global(67, "wp_drm_lease_device_v1", 1)
[1971983.155] wl_registry#33.global(68, "kde_output_order_v1", 1)
[1971983.159] wl_registry#33.global(69, "zwp_text_input_manager_v2", 1)
[1971983.162] wl_registry#33.global(70, "zwp_text_input_manager_v3", 2)
[1971983.166] wl_registry#33.global(72, "org_kde_kwin_slide_manager", 1)
[1971983.170] wl_registry#33.global(73, "xdg_system_bell_v1", 1)
[1971983.177] wl_callback#34.done(18398)
[1971983.183]  -> wl_registry#33.bind(60, "zwp_linux_dmabuf_v1", 4, new id [unknown]#34)
[1971983.188]  -> zwp_linux_dmabuf_v1#34.get_default_feedback(new id zwp_linux_dmabuf_feedback_v1#35)
[1971983.192]  -> wl_display#1.sync(new id wl_callback#36)
[1971983.328] {Display Queue} wl_display#1.delete_id(36)
[1971983.334] zwp_linux_dmabuf_feedback_v1#35.format_table(fd 15, 8992)
[1971983.354] zwp_linux_dmabuf_feedback_v1#35.main_device(array[8])
[1971983.359] zwp_linux_dmabuf_feedback_v1#35.tranche_target_device(array[8])
[1971983.362] zwp_linux_dmabuf_feedback_v1#35.tranche_formats(array[208])
[1971983.369] zwp_linux_dmabuf_feedback_v1#35.tranche_flags(0)
[1971983.373] zwp_linux_dmabuf_feedback_v1#35.tranche_done()
[1971983.377] zwp_linux_dmabuf_feedback_v1#35.tranche_target_device(array[8])
[1971983.381] zwp_linux_dmabuf_feedback_v1#35.tranche_formats(array[208])
[1971983.385] zwp_linux_dmabuf_feedback_v1#35.tranche_flags(0)
[1971983.389] zwp_linux_dmabuf_feedback_v1#35.tranche_done()
[1971983.393] zwp_linux_dmabuf_feedback_v1#35.tranche_target_device(array[8])
[1971983.396] zwp_linux_dmabuf_feedback_v1#35.tranche_formats(array[708])
[1971983.401] zwp_linux_dmabuf_feedback_v1#35.tranche_flags(0)
[1971983.404] zwp_linux_dmabuf_feedback_v1#35.tranche_done()
[1971983.408] zwp_linux_dmabuf_feedback_v1#35.done()
[1971983.412] wl_callback#36.done(18398)
[1971983.416]  -> zwp_linux_dmabuf_feedback_v1#35.destroy()
[1971993.487] {Default Queue}  -> wl_registry#33.bind(61, "wp_linux_drm_syncobj_manager_v1", 1, new id [unknown]#36)
[1971993.885] {Default Queue}  -> zwp_linux_dmabuf_v1#34.destroy()
[1971993.907] {Default Queue}  -> wp_linux_drm_syncobj_manager_v1#36.destroy()
[1971994.055]  -> wl_display#1.get_registry(new id wl_registry#37)
[1971994.062]  -> wl_display#1.sync(new id wl_callback#38)
[1971994.281] {Display Queue} wl_display#1.delete_id(35)
[1971994.287] {Display Queue} wl_display#1.delete_id(34)
[1971994.291] {Display Queue} wl_display#1.delete_id(36)
[1971994.295] {Display Queue} wl_display#1.delete_id(38)
[1971994.299] wl_registry#37.global(1, "wl_compositor", 6)
[1971994.303] wl_registry#37.global(3, "zwp_tablet_manager_v2", 2)
[1971994.307] wl_registry#37.global(4, "zwp_keyboard_shortcuts_inhibit_manager_v1", 1)
[1971994.311] wl_registry#37.global(5, "xdg_session_manager_v1", 1)
[1971994.315] wl_registry#37.global(6, "zxdg_decoration_manager_v1", 2)
[1971994.319] wl_registry#37.global(7, "wp_viewporter", 1)
[1971994.323] wl_registry#37.global(8, "wp_security_context_manager_v1", 1)
[1971994.327] wl_registry#37.global(9, "wp_fractional_scale_manager_v1", 1)
[1971994.330] wl_registry#37.global(10, "wl_shm", 2)
[1971994.334] wl_registry#37.global(11, "wl_seat", 10)
[1971994.338] wl_registry#37.global(12, "zwp_pointer_gestures_v1", 3)
[1971994.342] wl_registry#37.global(13, "zwp_pointer_constraints_v1", 1)
[1971994.346] wl_registry#37.global(14, "zwp_relative_pointer_manager_v1", 1)
[1971994.350] wl_registry#37.global(15, "wl_data_device_manager", 3)
[1971994.355] wl_registry#37.global(16, "ext_data_control_manager_v1", 1)
[1971994.358] wl_registry#37.global(17, "wp_cursor_shape_manager_v1", 2)
[1971994.362] wl_registry#37.global(18, "zwp_primary_selection_device_manager_v1", 1)
[1971994.366] wl_registry#37.global(19, "org_kde_kwin_idle", 1)
[1971994.370] wl_registry#37.global(20, "zwp_idle_inhibit_manager_v1", 1)
[1971994.374] wl_registry#37.global(21, "ext_idle_notifier_v1", 2)
[1971994.377] wl_registry#37.global(22, "org_kde_plasma_shell", 8)
[1971994.381] wl_registry#37.global(23, "org_kde_kwin_appmenu_manager", 2)
[1971994.385] wl_registry#37.global(24, "org_kde_kwin_server_decoration_palette_manager", 1)
[1971994.389] wl_registry#37.global(26, "org_kde_plasma_virtual_desktop_management", 4)
[1971994.393] wl_registry#37.global(28, "org_kde_kwin_shadow_manager", 2)
[1971994.397] wl_registry#37.global(29, "org_kde_kwin_dpms_manager", 1)
[1971994.401] wl_registry#37.global(30, "org_kde_kwin_server_decoration_manager", 1)
[1971994.404] wl_registry#37.global(31, "kde_output_management_v2", 21)
[1971994.415] wl_registry#37.global(32, "kde_output_device_registry_v2", 23)
[1971994.427] wl_registry#37.global(33, "zxdg_output_manager_v1", 3)
[1971994.431] wl_registry#37.global(34, "wl_subcompositor", 1)
[1971994.435] wl_registry#37.global(35, "zxdg_exporter_v2", 1)
[1971994.439] wl_registry#37.global(36, "zxdg_importer_v2", 1)
[1971994.443] wl_registry#37.global(37, "zwp_input_method_v1", 1)
[1971994.447] wl_registry#37.global(39, "xdg_activation_v1", 1)
[1971994.450] wl_registry#37.global(41, "wp_content_type_manager_v1", 1)
[1971994.454] wl_registry#37.global(42, "wp_tearing_control_manager_v1", 1)
[1971994.458] wl_registry#37.global(43, "xdg_toplevel_drag_manager_v1", 1)
[1971994.462] wl_registry#37.global(44, "xdg_toplevel_icon_manager_v1", 1)
[1971994.466] wl_registry#37.global(45, "kde_screen_edge_manager_v1", 1)
[1971994.470] wl_registry#37.global(46, "frog_color_management_factory_v1", 1)
[1971994.473] wl_registry#37.global(47, "wp_presentation", 2)
[1971994.477] wl_registry#37.global(48, "wp_color_manager_v1", 2)
[1971994.481] wl_registry#37.global(49, "xdg_wm_dialog_v1", 1)
[1971994.485] wl_registry#37.global(50, "kde_external_brightness_v1", 3)
[1971994.489] wl_registry#37.global(51, "wp_alpha_modifier_v1", 1)
[1971994.493] wl_registry#37.global(52, "wl_fixes", 1)
[1971994.605] wl_registry#37.global(53, "wp_fifo_manager_v1", 1)
[1971994.619] wl_registry#37.global(54, "wp_single_pixel_buffer_manager_v1", 1)
[1971994.624] wl_registry#37.global(55, "xdg_toplevel_tag_manager_v1", 1)
[1971994.628] wl_registry#37.global(56, "wp_color_representation_manager_v1", 1)
[1971994.632] wl_registry#37.global(57, "wp_pointer_warp_v1", 1)
[1971994.636] wl_registry#37.global(58, "ext_background_effect_manager_v1", 1)
[1971994.639] wl_registry#37.global(60, "zwp_linux_dmabuf_v1", 5)
[1971994.643] wl_registry#37.global(61, "wp_linux_drm_syncobj_manager_v1", 1)
[1971994.656] wl_registry#37.global(62, "zwp_input_panel_v1", 1)
[1971994.660] wl_registry#37.global(63, "xdg_wm_base", 6)
[1971994.664] wl_registry#37.global(64, "zwlr_layer_shell_v1", 5)
[1971994.668] wl_registry#37.global(65, "org_kde_kwin_keystate", 5)
[1971994.672] wl_registry#37.global(66, "wl_output", 4)
[1971994.675] wl_registry#37.global(67, "wp_drm_lease_device_v1", 1)
[1971994.679] wl_registry#37.global(68, "kde_output_order_v1", 1)
[1971994.683] wl_registry#37.global(69, "zwp_text_input_manager_v2", 1)
[1971994.687] wl_registry#37.global(70, "zwp_text_input_manager_v3", 2)
[1971994.691] wl_registry#37.global(72, "org_kde_kwin_slide_manager", 1)
[1971994.695] wl_registry#37.global(73, "xdg_system_bell_v1", 1)
[1971994.698] wl_callback#38.done(18398)
[1971994.703]  -> wl_registry#37.bind(60, "zwp_linux_dmabuf_v1", 4, new id [unknown]#38)
[1971994.710]  -> zwp_linux_dmabuf_v1#38.get_default_feedback(new id zwp_linux_dmabuf_feedback_v1#36)
[1971994.716]  -> wl_display#1.sync(new id wl_callback#34)
[1971994.862] {Display Queue} wl_display#1.delete_id(34)
[1971994.867] zwp_linux_dmabuf_feedback_v1#36.format_table(fd 15, 8992)
[1971994.895] zwp_linux_dmabuf_feedback_v1#36.main_device(array[8])
[1971994.899] zwp_linux_dmabuf_feedback_v1#36.tranche_target_device(array[8])
[1971994.903] zwp_linux_dmabuf_feedback_v1#36.tranche_formats(array[208])
[1971994.911] zwp_linux_dmabuf_feedback_v1#36.tranche_flags(0)
[1971994.915] zwp_linux_dmabuf_feedback_v1#36.tranche_done()
[1971994.918] zwp_linux_dmabuf_feedback_v1#36.tranche_target_device(array[8])
[1971994.922] zwp_linux_dmabuf_feedback_v1#36.tranche_formats(array[208])
[1971994.926] zwp_linux_dmabuf_feedback_v1#36.tranche_flags(0)
[1971994.930] zwp_linux_dmabuf_feedback_v1#36.tranche_done()
[1971994.934] zwp_linux_dmabuf_feedback_v1#36.tranche_target_device(array[8])
[1971994.937] zwp_linux_dmabuf_feedback_v1#36.tranche_formats(array[708])
[1971994.942] zwp_linux_dmabuf_feedback_v1#36.tranche_flags(0)
[1971994.946] zwp_linux_dmabuf_feedback_v1#36.tranche_done()
[1971994.949] zwp_linux_dmabuf_feedback_v1#36.done()
[1971994.953] wl_callback#34.done(18398)
[1971994.957]  -> zwp_linux_dmabuf_feedback_v1#36.destroy()
[1971995.893] {Default Queue}  -> wl_registry#37.bind(61, "wp_linux_drm_syncobj_manager_v1", 1, new id [unknown]#34)
[1972068.740] {Default Queue}  -> xdg_wm_base#28.get_xdg_surface(new id xdg_surface#35, wl_surface#32)
[1972068.761] {Default Queue}  -> xdg_surface#35.get_toplevel(new id xdg_toplevel#39)
[1972068.767] {Default Queue}  -> xdg_toplevel#39.set_parent(nil)
[1972068.771] {Default Queue}  -> xdg_toplevel#39.set_title("05-earlygl")
[1972068.777] {Default Queue}  -> xdg_toplevel#39.set_app_id("05-earlygl")
[1972068.782] {Default Queue}  -> wl_surface#32.commit()
[1972068.787] {Default Queue}  -> org_kde_kwin_server_decoration_manager#12.create(new id org_kde_kwin_server_decoration#40, wl_surface#32)
[1972068.795] {Default Queue}  -> org_kde_kwin_server_decoration#40.request_mode(2)
[1972069.012] {Default Queue} wl_keyboard#31.repeat_info(25, 600)
[1972069.021] {Default Queue} wl_keyboard#31.keymap(1, fd 14, 36744)
[1972071.663] {Display Queue} wl_display#1.delete_id(36)
[1972071.677] {Default Queue} xdg_toplevel#39.wm_capabilities(array[16])
[1972071.682] {Default Queue} org_kde_kwin_server_decoration#40.mode(2)
[1972071.686] {Default Queue} org_kde_kwin_server_decoration#40.mode(2)
[1972071.690] {Default Queue} org_kde_kwin_server_decoration#40.mode(2)
[1972071.694] {Default Queue} xdg_toplevel#39.configure_bounds(1920, 1020)
[1972071.698] {Default Queue} xdg_toplevel#39.configure(0, 0, array[0])
[1972071.702] {Default Queue} xdg_surface#35.configure(18399)
[1972071.711] {Default Queue}  -> xdg_surface#35.ack_configure(18399)
[1972087.405] {Default Queue}  -> wl_surface#32.set_buffer_scale(1)
[1972087.499] {Default Queue}  -> wp_linux_drm_syncobj_manager_v1#34.get_surface(new id wp_linux_drm_syncobj_surface_v1#36, wl_surface#32)
[1972087.513] {EGLSurface(32)}  -> zwp_linux_dmabuf_v1#38.get_surface_feedback(new id zwp_linux_dmabuf_feedback_v1#41, wl_surface#32)
[1972087.523] {EGLSurface(32)}  -> wl_display#1.sync(new id wl_callback#42)
[1972088.449] {Display Queue} wl_display#1.delete_id(42)
[1972088.462] {EGLSurface(32)} zwp_linux_dmabuf_feedback_v1#41.format_table(fd 37, 8992)
[1972088.483] {EGLSurface(32)} zwp_linux_dmabuf_feedback_v1#41.main_device(array[8])
[1972088.487] {EGLSurface(32)} zwp_linux_dmabuf_feedback_v1#41.tranche_target_device(array[8])
[1972088.491] {EGLSurface(32)} zwp_linux_dmabuf_feedback_v1#41.tranche_formats(array[208])
[1972088.501] {EGLSurface(32)} zwp_linux_dmabuf_feedback_v1#41.tranche_flags(0)
[1972088.505] {EGLSurface(32)} zwp_linux_dmabuf_feedback_v1#41.tranche_done()
[1972088.509] {EGLSurface(32)} zwp_linux_dmabuf_feedback_v1#41.tranche_target_device(array[8])
[1972088.513] {EGLSurface(32)} zwp_linux_dmabuf_feedback_v1#41.tranche_formats(array[208])
[1972088.518] {EGLSurface(32)} zwp_linux_dmabuf_feedback_v1#41.tranche_flags(0)
[1972088.521] {EGLSurface(32)} zwp_linux_dmabuf_feedback_v1#41.tranche_done()
[1972088.525] {EGLSurface(32)} zwp_linux_dmabuf_feedback_v1#41.tranche_target_device(array[8])
[1972088.529] {EGLSurface(32)} zwp_linux_dmabuf_feedback_v1#41.tranche_formats(array[708])
[1972088.533] {EGLSurface(32)} zwp_linux_dmabuf_feedback_v1#41.tranche_flags(0)
[1972088.536] {EGLSurface(32)} zwp_linux_dmabuf_feedback_v1#41.tranche_done()
[1972088.540] {EGLSurface(32)} zwp_linux_dmabuf_feedback_v1#41.done()
[1972088.544] {EGLSurface(32)} wl_callback#42.done(18399)
[1972088.772] {Default Queue}  -> wp_linux_drm_syncobj_manager_v1#34.import_timeline(new id wp_linux_drm_syncobj_timeline_v1#42, fd 39)
[1972088.783] {EGLSurface(32/0x1c1e0ef0)}  -> zwp_linux_dmabuf_v1#38.create_params(new id zwp_linux_buffer_params_v1#43)
[1972088.788] {EGLSurface(32/0x1c1e0ef0)}  -> zwp_linux_buffer_params_v1#43.add(fd 38, 0, 0, 3200, 50331648, 6316052)
[1972088.793] {EGLSurface(32/0x1c1e0ef0)}  -> zwp_linux_buffer_params_v1#43.create(800, 600, 875713089, 0)
[1972088.798] {EGLSurface(32/0x1c1e0ef0)}  -> wl_display#1.sync(new id wl_callback#44)
[1972088.976] {Display Queue} wl_display#1.delete_id(44)
[1972088.985] {EGLSurface(32/0x1c1e0ef0)} zwp_linux_buffer_params_v1#43.created(new id wl_buffer#4278190080)
[1972089.001] {EGLSurface(32/0x1c1e0ef0)} wl_callback#44.done(18399)
[1972089.017] {EGLSurface(32/0x1c1e0ef0)}  -> zwp_linux_buffer_params_v1#43.destroy()
[1972093.293] {Default Queue}  -> xdg_toplevel#39.set_min_size(0, 0)
[1972093.312] {Default Queue}  -> xdg_toplevel#39.set_max_size(0, 0)
[1972093.317] {Default Queue}  -> xdg_surface#35.set_window_geometry(0, 0, 800, 600)
[1972093.323] {Default Queue}  -> wl_compositor#4.create_region(new id wl_region#44)
[1972093.328] {Default Queue}  -> wl_region#44.add(0, 0, 800, 600)
[1972093.332] {Default Queue}  -> wl_surface#32.set_opaque_region(wl_region#44)
[1972093.336] {Default Queue}  -> wl_region#44.destroy()
[1972093.340] {Default Queue}  -> wl_surface#32.set_input_region(nil)
[1972093.438] {EGLSurface(32)}  -> wl_surface#32.damage(0, 0, 2147483647, 2147483647)
[1972093.445] {Default Queue}  -> wp_linux_drm_syncobj_surface_v1#36.set_acquire_point(wp_linux_drm_syncobj_timeline_v1#42, 0, 1)
[1972093.453] {Default Queue}  -> wp_linux_drm_syncobj_surface_v1#36.set_release_point(wp_linux_drm_syncobj_timeline_v1#42, 0, 2)
[1972093.460] {EGLSurface(32)}  -> wl_surface#32.attach(wl_buffer#4278190080, 0, 0)
[1972093.464] {EGLSurface(32)}  -> wl_surface#32.frame(new id wl_callback#45)
[1972093.469] {EGLSurface(32)}  -> wl_surface#32.commit()
[1972093.473] {EGLSurface(32)}  -> wl_display#1.sync(new id wl_callback#46)
[1972093.775] {Default Queue}  -> wp_linux_drm_syncobj_manager_v1#34.import_timeline(new id wp_linux_drm_syncobj_timeline_v1#47, fd 43)
[1972093.787] {EGLSurface(32/0x1c1e0ef0)}  -> zwp_linux_dmabuf_v1#38.create_params(new id zwp_linux_buffer_params_v1#48)
[1972093.793] {EGLSurface(32/0x1c1e0ef0)}  -> zwp_linux_buffer_params_v1#48.add(fd 40, 0, 0, 3200, 50331648, 6316052)
[1972093.798] {EGLSurface(32/0x1c1e0ef0)}  -> zwp_linux_buffer_params_v1#48.create(800, 600, 875713089, 0)
[1972093.803] {EGLSurface(32/0x1c1e0ef0)}  -> wl_display#1.sync(new id wl_callback#49)
[1972094.664] {Display Queue} wl_display#1.delete_id(43)
[1972094.674] {Display Queue} wl_display#1.delete_id(44)
[1972094.679] {Display Queue} wl_display#1.delete_id(46)
[1972094.684] {Display Queue} wl_display#1.delete_id(49)
[1972094.689] {EGLSurface(32/0x1c1e0ef0)} zwp_linux_buffer_params_v1#48.created(new id wl_buffer#4278190083)
[1972094.695] {EGLSurface(32/0x1c1e0ef0)} wl_callback#49.done(18406)
[1972094.700] {EGLSurface(32/0x1c1e0ef0)}  -> zwp_linux_buffer_params_v1#48.destroy()
[1972095.035] {Default Queue} wl_surface#32.enter(wl_output#19)
[1972095.047] {Default Queue} wl_pointer#21.enter(18400, wl_surface#32, 296.05078125, 444.02734375)
[1972095.058] {Default Queue} wl_pointer#21.frame()
[1972095.108] {Default Queue}  -> wp_cursor_shape_device_v1#30.set_shape(18400, 1)
[1972095.117] {Default Queue} wl_keyboard#31.modifiers(18401, 0, 0, 0, 0)
[1972095.129] {Default Queue} xdg_wm_base#28.ping(18402)
[1972095.134] {Default Queue}  -> xdg_wm_base#28.pong(18402)
[1972095.138] {Default Queue} wl_keyboard#31.enter(18403, wl_surface#32, array[0])
[1972095.144] {Default Queue} wl_keyboard#31.modifiers(18401, 0, 0, 0, 0)
[1972095.150] {Default Queue} wl_data_device#25.data_offer(new id wl_data_offer#4278190081)
[1972095.155] {Default Queue} wl_data_offer#4278190081.offer("text/html")
[1972095.160] {Default Queue} wl_data_offer#4278190081.offer("text/plain")
[1972095.165] {Default Queue} wl_data_offer#4278190081.offer("text/plain;charset=utf-8")
[1972095.172] {Default Queue} wl_data_offer#4278190081.offer("application/x-kde-onlyReplaceEmpty")
[1972095.178] {Default Queue} wl_data_device#25.selection(wl_data_offer#4278190081)
[1972095.186] {Default Queue} zwp_primary_selection_device_v1#24.data_offer(new id zwp_primary_selection_offer_v1#4278190082)
[1972095.191] {Default Queue} zwp_primary_selection_offer_v1#4278190082.offer("text/html")
[1972095.195] {Default Queue} zwp_primary_selection_offer_v1#4278190082.offer("text/_moz_htmlcontext")
[1972095.199] {Default Queue} zwp_primary_selection_offer_v1#4278190082.offer("text/_moz_htmlinfo")
[1972095.203] {Default Queue} zwp_primary_selection_offer_v1#4278190082.offer("text/plain;charset=utf-8")
[1972095.214] {Default Queue} zwp_primary_selection_offer_v1#4278190082.offer("UTF8_STRING")
[1972095.226] {Default Queue} zwp_primary_selection_offer_v1#4278190082.offer("COMPOUND_TEXT")
[1972095.230] {Default Queue} zwp_primary_selection_offer_v1#4278190082.offer("TEXT")
[1972095.234] {Default Queue} zwp_primary_selection_offer_v1#4278190082.offer("text/plain")
[1972095.238] {Default Queue} zwp_primary_selection_offer_v1#4278190082.offer("STRING")
[1972095.242] {Default Queue} zwp_primary_selection_offer_v1#4278190082.offer("text/plain;charset=utf-8")
[1972095.246] {Default Queue} zwp_primary_selection_offer_v1#4278190082.offer("text/plain")
[1972095.250] {Default Queue} zwp_primary_selection_offer_v1#4278190082.offer("text/x-moz-url-priv")
[1972095.254] {Default Queue} zwp_primary_selection_device_v1#24.selection(zwp_primary_selection_offer_v1#4278190082)
[1972095.260] {Default Queue} xdg_toplevel#39.configure(800, 600, array[4])
[1972095.264] {Default Queue} xdg_surface#35.configure(18406)
[1972095.273] {Default Queue}  -> xdg_surface#35.ack_configure(18406)
[1972104.441] {Default Queue}  -> wl_surface#32.frame(new id wl_callback#49)
[1972104.456] {Default Queue}  -> wl_surface#32.commit()
[1972105.391] {Display Queue} wl_display#1.delete_id(48)
[1972105.399] {Display Queue} wl_display#1.delete_id(45)
[1972122.428] {Display Queue} wl_display#1.delete_id(49)
[1972122.445] {Default Queue} wl_callback#49.done(3323404)
[1977653.902] {Default Queue}  -> wl_display#1.sync(new id wl_callback#49)
[1977654.167] {Display Queue} wl_display#1.delete_id(49)
[1977654.183] {Default Queue} wl_callback#49.done(18406)
