[1977786.196] {Default Queue}  -> wl_display#1.get_registry(new id wl_registry#2)
[1977786.233] {Default Queue}  -> wl_display#1.sync(new id wl_callback#3)
[1977789.844] {Display Queue} wl_display#1.delete_id(3)
[1977789.856] {Default Queue} wl_registry#2.global(1, "wl_compositor", 6)
[1977789.863] {Default Queue}  -> wl_registry#2.bind(1, "wl_compositor", 3, new id [unknown]#4)
[1977789.869] {Default Queue} wl_registry#2.global(3, "zwp_tablet_manager_v2", 2)
[1977789.874] {Default Queue}  -> wl_registry#2.bind(3, "zwp_tablet_manager_v2", 1, new id [unknown]#5)
[1977789.880] {Default Queue} wl_registry#2.global(4, "zwp_keyboard_shortcuts_inhibit_manager_v1", 1)
[1977789.885] {Default Queue}  -> wl_registry#2.bind(4, "zwp_keyboard_shortcuts_inhibit_manager_v1", 1, new id [unknown]#6)
[1977789.890] {Default Queue} wl_registry#2.global(5, "xdg_session_manager_v1", 1)
[1977789.895] {Default Queue} wl_registry#2.global(6, "zxdg_decoration_manager_v1", 2)
[1977789.900] {Default Queue} wl_registry#2.global(7, "wp_viewporter", 1)
[1977789.905] {Default Queue} wl_registry#2.global(8, "wp_security_context_manager_v1", 1)
[1977789.910] {Default Queue} wl_registry#2.global(9, "wp_fractional_scale_manager_v1", 1)
[1977789.916] {Default Queue} wl_registry#2.global(10, "wl_shm", 2)
[1977789.921] {Default Queue}  -> wl_registry#2.bind(10, "wl_shm", 1, new id [unknown]#7)
[1977789.926] {Default Queue} wl_registry#2.global(11, "wl_seat", 10)
[1977789.931] {Default Queue} wl_registry#2.global(12, "zwp_pointer_gestures_v1", 3)
[1977789.937] {Default Queue}  -> wl_registry#2.bind(12, "zwp_pointer_gestures_v1", 1, new id [unknown]#8)
[1977789.942] {Default Queue} wl_registry#2.global(13, "zwp_pointer_constraints_v1", 1)
[1977789.946] {Default Queue} wl_registry#2.global(14, "zwp_relative_pointer_manager_v1", 1)
[1977789.951] {Default Queue} wl_registry#2.global(15, "wl_data_device_manager", 3)
[1977789.956] {Default Queue}  -> wl_registry#2.bind(15, "wl_data_device_manager", 3, new id [unknown]#9)
[1977789.961] {Default Queue} wl_registry#2.global(16, "ext_data_control_manager_v1", 1)
[1977789.966] {Default Queue} wl_registry#2.global(17, "wp_cursor_shape_manager_v1", 2)
[1977789.971] {Default Queue}  -> wl_registry#2.bind(17, "wp_cursor_shape_manager_v1", 1, new id [unknown]#10)
[1977789.977] {Default Queue} wl_registry#2.global(18, "zwp_primary_selection_device_manager_v1", 1)
[1977789.982] {Default Queue}  -> wl_registry#2.bind(18, "zwp_primary_selection_device_manager_v1", 1, new id [unknown]#11)
[1977789.987] {Default Queue} wl_registry#2.global(19, "org_kde_kwin_idle", 1)
[1977789.994] {Default Queue} wl_registry#2.global(20, "zwp_idle_inhibit_manager_v1", 1)
[1977789.999] {Default Queue} wl_registry#2.global(21, "ext_idle_notifier_v1", 2)
[1977790.004] {Default Queue} wl_registry#2.global(22, "org_kde_plasma_shell", 8)
[1977790.009] {Default Queue} wl_registry#2.global(23, "org_kde_kwin_appmenu_manager", 2)
[1977790.014] {Default Queue} wl_registry#2.global(24, "org_kde_kwin_server_decoration_palette_manager", 1)
[1977790.019] {Default Queue} wl_registry#2.global(26, "org_kde_plasma_virtual_desktop_management", 4)
[1977790.024] {Default Queue} wl_registry#2.global(28, "org_kde_kwin_shadow_manager", 2)
[1977790.029] {Default Queue} wl_registry#2.global(29, "org_kde_kwin_dpms_manager", 1)
[1977790.033] {Default Queue} wl_registry#2.global(30, "org_kde_kwin_server_decoration_manager", 1)
[1977790.039] {Default Queue}  -> wl_registry#2.bind(30, "org_kde_kwin_server_decoration_manager", 1, new id [unknown]#12)
[1977790.044] {Default Queue} wl_registry#2.global(31, "kde_output_management_v2", 21)
[1977790.049] {Default Queue} wl_registry#2.global(32, "kde_output_device_registry_v2", 23)
[1977790.054] {Default Queue} wl_registry#2.global(33, "zxdg_output_manager_v1", 3)
[1977790.058] {Default Queue}  -> wl_registry#2.bind(33, "zxdg_output_manager_v1", 3, new id [unknown]#13)
[1977790.065] {Default Queue}  -> wl_display#1.sync(new id wl_callback#14)
[1977790.070] {Default Queue} wl_registry#2.global(34, "wl_subcompositor", 1)
[1977790.075] {Default Queue}  -> wl_registry#2.bind(34, "wl_subcompositor", 1, new id [unknown]#15)
[1977790.088] {Default Queue} wl_registry#2.global(35, "zxdg_exporter_v2", 1)
[1977790.098] {Default Queue}  -> wl_registry#2.bind(35, "zxdg_exporter_v2", 1, new id [unknown]#16)
[1977790.103] {Default Queue} wl_registry#2.global(36, "zxdg_importer_v2", 1)
[1977790.108] {Default Queue}  -> wl_registry#2.bind(36, "zxdg_importer_v2", 1, new id [unknown]#17)
[1977790.114] {Default Queue} wl_registry#2.global(37, "zwp_input_method_v1", 1)
[1977790.119] {Default Queue} wl_registry#2.global(39, "xdg_activation_v1", 1)
[1977790.124] {Default Queue}  -> wl_registry#2.bind(39, "xdg_activation_v1", 1, new id [unknown]#18)
[1977790.129] {Default Queue} wl_registry#2.global(41, "wp_content_type_manager_v1", 1)
[1977790.134] {Default Queue} wl_registry#2.global(42, "wp_tearing_control_manager_v1", 1)
[1977790.139] {Default Queue} wl_registry#2.global(43, "xdg_toplevel_drag_manager_v1", 1)
[1977790.144] {Default Queue} wl_registry#2.global(44, "xdg_toplevel_icon_manager_v1", 1)
[1977790.149] {Default Queue} wl_registry#2.global(45, "kde_screen_edge_manager_v1", 1)
[1977790.154] {Default Queue} wl_registry#2.global(46, "frog_color_management_factory_v1", 1)
[1977790.159] {Default Queue} wl_registry#2.global(47, "wp_presentation", 2)
[1977790.164] {Default Queue} wl_registry#2.global(48, "wp_color_manager_v1", 2)
[1977790.169] {Default Queue} wl_registry#2.global(49, "xdg_wm_dialog_v1", 1)
[1977790.174] {Default Queue} wl_registry#2.global(50, "kde_external_brightness_v1", 3)
[1977790.179] {Default Queue} wl_registry#2.global(51, "wp_alpha_modifier_v1", 1)
[1977790.184] {Default Queue} wl_registry#2.global(52, "wl_fixes", 1)
[1977790.189] {Default Queue} wl_registry#2.global(53, "wp_fifo_manager_v1", 1)
[1977790.194] {Default Queue} wl_registry#2.global(54, "wp_single_pixel_buffer_manager_v1", 1)
[1977790.199] {Default Queue} wl_registry#2.global(55, "xdg_toplevel_tag_manager_v1", 1)
[1977790.205] {Default Queue} wl_registry#2.global(56, "wp_color_representation_manager_v1", 1)
[1977790.210] {Default Queue} wl_registry#2.global(57, "wp_pointer_warp_v1", 1)
[1977790.215] {Default Queue} wl_registry#2.global(58, "ext_background_effect_manager_v1", 1)
[1977790.220] {Default Queue} wl_registry#2.global(60, "zwp_linux_dmabuf_v1", 5)
[1977790.225] {Default Queue} wl_registry#2.global(61, "wp_linux_drm_syncobj_manager_v1", 1)
[1977790.230] {Default Queue} wl_registry#2.global(62, "zwp_input_panel_v1", 1)
[1977790.235] {Default Queue} wl_registry#2.global(63, "xdg_wm_base", 6)
[1977790.240] {Default Queue} wl_registry#2.global(64, "zwlr_layer_shell_v1", 5)
[1977790.245] {Default Queue} wl_registry#2.global(65, "org_kde_kwin_keystate", 5)
[1977790.250] {Default Queue} wl_registry#2.global(66, "wl_output", 4)
[1977790.255] {Default Queue}  -> wl_registry#2.bind(66, "wl_output", 2, new id [unknown]#19)
[1977790.295] {Default Queue}  -> zxdg_output_manager_v1#13.get_xdg_output(new id zxdg_output_v1#20, wl_output#19)
[1977790.302] {Default Queue}  -> wl_display#1.sync(new id wl_callback#21)
[1977790.307] {Default Queue} wl_registry#2.global(67, "wp_drm_lease_device_v1", 1)
[1977790.314] {Default Queue} wl_registry#2.global(68, "kde_output_order_v1", 1)
[1977790.319] {Default Queue} wl_registry#2.global(69, "zwp_text_input_manager_v2", 1)
[1977790.324] {Default Queue} wl_registry#2.global(70, "zwp_text_input_manager_v3", 2)
[1977790.329] {Default Queue} wl_registry#2.global(72, "org_kde_kwin_slide_manager", 1)
[1977790.334] {Default Queue} wl_registry#2.global(73, "xdg_system_bell_v1", 1)
[1977790.339] {Default Queue} wl_callback#3.done(18413)
[1977790.387] {Default Queue}  -> wl_shm#7.create_pool(new id wl_shm_pool#3, fd 11, 2304)
[1977790.880] {Default Queue}  -> wl_shm_pool#3.resize(8704)
[1977790.907] {Default Queue}  -> wl_shm_pool#3.resize(21504)
[1977790.936] {Default Queue}  -> wl_shm_pool#3.resize(47104)
[1977790.978] {Default Queue}  -> wl_shm_pool#3.resize(98304)
[1977791.110] {Default Queue}  -> wl_shm_pool#3.resize(200704)
[1977791.548] {Default Queue}  -> wl_shm_pool#3.resize(405504)
[1977792.497] {Default Queue}  -> wl_shm_pool#3.resize(815104)
[1977794.367] {Default Queue}  -> wl_shm_pool#3.resize(1634304)
[1977799.540] {Default Queue}  -> wl_registry#2.bind(11, "wl_seat", 5, new id [unknown]#22)
[1977801.180] {Default Queue}  -> wl_compositor#4.create_surface(new id wl_surface#23)
[1977801.195] {Default Queue}  -> zwp_primary_selection_device_manager_v1#11.get_device(new id zwp_primary_selection_device_v1#24, wl_seat#22)
[1977801.204] {Default Queue}  -> wl_data_device_manager#9.get_data_device(new id wl_data_device#25, wl_seat#22)
[1977801.262] {Default Queue}  -> wl_compositor#4.create_surface(new id wl_surface#26)
[1977801.267] {Default Queue}  -> zwp_tablet_manager_v2#5.get_tablet_seat(new id zwp_tablet_seat_v2#27, wl_seat#22)
[1977801.273] {Default Queue}  -> wl_display#1.sync(new id wl_callback#28)
[1977801.532] {Display Queue} wl_display#1.delete_id(14)
[1977801.538] {Display Queue} wl_display#1.delete_id(21)
[1977801.542] {Display Queue} wl_display#1.delete_id(28)
[1977801.547] {Default Queue} wl_shm#7.format(0)
[1977801.552] {Default Queue} wl_shm#7.format(1)
[1977801.556] {Default Queue} wl_shm#7.format(1448434008)
[1977801.560] {Default Queue} wl_shm#7.format(808669761)
[1977801.564] {Default Queue} wl_shm#7.format(808669784)
[1977801.568] {Default Queue} wl_shm#7.format(808665665)
[1977801.571] {Default Queue} wl_shm#7.format(808665688)
[1977801.575] {Default Queue} wl_shm#7.format(942948929)
[1977801.579] {Default Queue} wl_shm#7.format(942948952)
[1977801.582] {Default Queue} wl_shm#7.format(875710274)
[1977801.586] {Default Queue} wl_shm#7.format(875710290)
[1977801.590] {Default Queue} org_kde_kwin_server_decoration_manager#12.default_mode(2)
[1977801.596] {Default Queue} wl_callback#14.done(18413)
[1977801.600] {Default Queue} wl_output#19.mode(1, 1920, 1080, 60000)
[1977801.605] {Default Queue} wl_output#19.scale(1)
[1977801.610] {Default Queue} wl_output#19.geometry(0, 0, 598, 336, 0, "Acer Technologies", "GN276HL", 0)
[1977801.616] {Default Queue} wl_output#19.done()
[1977801.625] {Default Queue} zxdg_output_v1#20.logical_position(0, 0)
[1977801.629] {Default Queue} zxdg_output_v1#20.logical_size(1920, 1080)
[1977801.633] {Default Queue} zxdg_output_v1#20.name("HDMI-A-1")
[1977801.637] {Default Queue} zxdg_output_v1#20.description("Acer Technologies GN276HL")
[1977801.641] {Default Queue} wl_output#19.done()
[1977801.656] {Default Queue} wl_callback#21.done(18413)
[1977801.660] {Default Queue} wl_seat#22.name("seat0")
[1977801.664] {Default Queue} wl_seat#22.capabilities(3)
[1977801.669] {Default Queue}  -> wl_seat#22.get_pointer(new id wl_pointer#21)
[1977801.676] {Default Queue}  -> zwp_pointer_gestures_v1#8.get_swipe_gesture(new id zwp_pointer_gesture_swipe_v1#14, wl_pointer#21)
[1977801.684] {Default Queue}  -> zwp_pointer_gestures_v1#8.get_pinch_gesture(new id zwp_pointer_gesture_pinch_v1#29, wl_pointer#21)
[1977801.691] {Default Queue}  -> wp_cursor_shape_manager_v1#10.get_pointer(new id wp_cursor_shape_device_v1#30, wl_pointer#21)
[1977801.696] {Default Queue}  -> wl_seat#22.get_keyboard(new id wl_keyboard#31)
[1977801.702] {Default Queue} wl_callback#28.done(18413)
[1977801.707] {Default Queue}  -> wl_registry#2.bind(63, "xdg_wm_base", 6, new id [unknown]#28)
[1977851.588] {Default Queue}  -> wl_compositor#4.create_surface(new id wl_surface#32)
[1977851.728]  -> wl_display#1.get_registry(new id wl_registry#33)
[1977851.735]  -> wl_display#1.sync(new id wl_callback#34)
[1977852.015] {Display Queue} wl_display#1.delete_id(34)
[1977852.022] wl_registry#33.global(1, "wl_compositor", 6)
[1977852.027] wl_registry#33.global(3, "zwp_tablet_manager_v2", 2)
[1977852.031] wl_registry#33.global(4, "zwp_keyboard_shortcuts_inhibit_manager_v1", 1)
[1977852.035] wl_registry#33.global(5, "xdg_session_manager_v1", 1)
[1977852.039] wl_registry#33.global(6, "zxdg_decoration_manager_v1", 2)
[1977852.043] wl_registry#33.global(7, "wp_viewporter", 1)
[1977852.047] wl_registry#33.global(8, "wp_security_context_manager_v1", 1)
[1977852.051] wl_registry#33.global(9, "wp_fractional_scale_manager_v1", 1)
[1977852.075] wl_registry#33.global(10, "wl_shm", 2)
[1977852.088] wl_registry#33.global(11, "wl_seat", 10)
[1977852.092] wl_registry#33.global(12, "zwp_pointer_gestures_v1", 3)
[1977852.097] wl_registry#33.global(13, "zwp_pointer_constraints_v1", 1)
[1977852.101] wl_registry#33.global(14, "zwp_relative_pointer_manager_v1", 1)
[1977852.105] wl_registry#33.global(15, "wl_data_device_manager", 3)
[1977852.110] wl_registry#33.global(16, "ext_data_control_manager_v1", 1)
[1977852.113] wl_registry#33.global(17, "wp_cursor_shape_manager_v1", 2)
[1977852.117] wl_registry#33.global(18, "zwp_primary_selection_device_manager_v1", 1)
[1977852.121] wl_registry#33.global(19, "org_kde_kwin_idle", 1)
[1977852.125] wl_registry#33.global(20, "zwp_idle_inhibit_manager_v1", 1)
[1977852.129] wl_registry#33.global(21, "ext_idle_notifier_v1", 2)
[1977852.133] wl_registry#33.global(22, "org_kde_plasma_shell", 8)
[1977852.137] wl_registry#33.global(23, "org_kde_kwin_appmenu_manager", 2)
[1977852.140] wl_registry#33.global(24, "org_kde_kwin_server_decoration_palette_manager", 1)
[1977852.144] wl_registry#33.global(26, "org_kde_plasma_virtual_desktop_management", 4)
[1977852.148] wl_registry#33.global(28, "org_kde_kwin_shadow_manager", 2)
[1977852.152] wl_registry#33.global(29, "org_kde_kwin_dpms_manager", 1)
[1977852.156] wl_registry#33.global(30, "org_kde_kwin_server_decoration_manager", 1)
[1977852.160] wl_registry#33.global(31, "kde_output_management_v2", 21)
[1977852.164] wl_registry#33.global(32, "kde_output_device_registry_v2", 23)
[1977852.168] wl_registry#33.global(33, "zxdg_output_manager_v1", 3)
[1977852.172] wl_registry#33.global(34, "wl_subcompositor", 1)
[1977852.176] wl_registry#33.global(35, "zxdg_exporter_v2", 1)
[1977852.179] wl_registry#33.global(36, "zxdg_importer_v2", 1)
[1977852.183] wl_registry#33.global(37, "zwp_input_method_v1", 1)
[1977852.187] wl_registry#33.global(39, "xdg_activation_v1", 1)
[1977852.191] wl_registry#33.global(41, "wp_content_type_manager_v1", 1)
[1977852.195] wl_registry#33.global(42, "wp_tearing_control_manager_v1", 1)
[1977852.199] wl_registry#33.global(43, "xdg_toplevel_drag_manager_v1", 1)
[1977852.203] wl_registry#33.global(44, "xdg_toplevel_icon_manager_v1", 1)
[1977852.207] wl_registry#33.global(45, "kde_screen_edge_manager_v1", 1)
[1977852.211] wl_registry#33.global(46, "frog_color_management_factory_v1", 1)
[1977852.215] wl_registry#33.global(47, "wp_presentation", 2)
[1977852.219] wl_registry#33.global(48, "wp_color_manager_v1", 2)
[1977852.222] wl_registry#33.global(49, "xdg_wm_dialog_v1", 1)
[1977852.226] wl_registry#33.global(50, "kde_external_brightness_v1", 3)
[1977852.230] wl_registry#33.global(51, "wp_alpha_modifier_v1", 1)
[1977852.234] wl_registry#33.global(52, "wl_fixes", 1)
[1977852.238] wl_registry#33.global(53, "wp_fifo_manager_v1", 1)
[1977852.242] wl_registry#33.global(54, "wp_single_pixel_buffer_manager_v1", 1)
[1977852.246] wl_registry#33.global(55, "xdg_toplevel_tag_manager_v1", 1)
[1977852.250] wl_registry#33.global(56, "wp_color_representation_manager_v1", 1)
[1977852.254] wl_registry#33.global(57, "wp_pointer_warp_v1", 1)
[1977852.258] wl_registry#33.global(58, "ext_background_effect_manager_v1", 1)
[1977852.261] wl_registry#33.global(60, "zwp_linux_dmabuf_v1", 5)
[1977852.265] wl_registry#33.global(61, "wp_linux_drm_syncobj_manager_v1", 1)
[1977852.269] wl_registry#33.global(62, "zwp_input_panel_v1", 1)
[1977852.273] wl_registry#33.global(63, "xdg_wm_base", 6)
[1977852.277] wl_registry#33.global(64, "zwlr_layer_shell_v1", 5)
[1977852.281] wl_registry#33.global(65, "org_kde_kwin_keystate", 5)
[1977852.285] wl_registry#33.global(66, "wl_output", 4)
[1977852.289] wl_registry#33.global(67, "wp_drm_lease_device_v1", 1)
[1977852.293] wl_registry#33.global(68, "kde_output_order_v1", 1)
[1977852.297] wl_registry#33.global(69, "zwp_text_input_manager_v2", 1)
[1977852.300] wl_registry#33.global(70, "zwp_text_input_manager_v3", 2)
[1977852.304] wl_registry#33.global(72, "org_kde_kwin_slide_manager", 1)
[1977852.308] wl_registry#33.global(73, "xdg_system_bell_v1", 1)
[1977852.315] wl_callback#34.done(18413)
[1977852.322]  -> wl_registry#33.bind(60, "zwp_linux_dmabuf_v1", 4, new id [unknown]#34)
[1977852.327]  -> zwp_linux_dmabuf_v1#34.get_default_feedback(new id zwp_linux_dmabuf_feedback_v1#35)
[1977852.331]  -> wl_display#1.sync(new id wl_callback#36)
[1977852.466] {Display Queue} wl_display#1.delete_id(36)
[1977852.481] zwp_linux_dmabuf_feedback_v1#35.format_table(fd 16, 8992)
[1977852.494] zwp_linux_dmabuf_feedback_v1#35.main_device(array[8])
[1977852.498] zwp_linux_dmabuf_feedback_v1#35.tranche_target_device(array[8])
[1977852.502] zwp_linux_dmabuf_feedback_v1#35.tranche_formats(array[208])
[1977852.509] zwp_linux_dmabuf_feedback_v1#35.tranche_flags(0)
[1977852.513] zwp_linux_dmabuf_feedback_v1#35.tranche_done()
[1977852.517] zwp_linux_dmabuf_feedback_v1#35.tranche_target_device(array[8])
[1977852.521] zwp_linux_dmabuf_feedback_v1#35.tranche_formats(array[208])
[1977852.525] zwp_linux_dmabuf_feedback_v1#35.tranche_flags(0)
[1977852.529] zwp_linux_dmabuf_feedback_v1#35.tranche_done()
[1977852.533] zwp_linux_dmabuf_feedback_v1#35.tranche_target_device(array[8])
[1977852.536] zwp_linux_dmabuf_feedback_v1#35.tranche_formats(array[708])
[1977852.541] zwp_linux_dmabuf_feedback_v1#35.tranche_flags(0)
[1977852.545] zwp_linux_dmabuf_feedback_v1#35.tranche_done()
[1977852.549] zwp_linux_dmabuf_feedback_v1#35.done()
[1977852.552] wl_callback#36.done(18413)
[1977852.557]  -> zwp_linux_dmabuf_feedback_v1#35.destroy()
[1977885.505] {Default Queue}  -> wl_registry#33.bind(61, "wp_linux_drm_syncobj_manager_v1", 1, new id [unknown]#36)
[1977886.948] {Default Queue}  -> zwp_linux_dmabuf_v1#34.destroy()
[1977886.956] {Default Queue}  -> wp_linux_drm_syncobj_manager_v1#36.destroy()
[1977887.124]  -> wl_display#1.get_registry(new id wl_registry#37)
[1977887.131]  -> wl_display#1.sync(new id wl_callback#38)
[1977887.303] {Display Queue} wl_display#1.delete_id(35)
[1977887.311] {Display Queue} wl_display#1.delete_id(34)
[1977887.315] {Display Queue} wl_display#1.delete_id(36)
[1977887.319] {Display Queue} wl_display#1.delete_id(38)
[1977887.322] wl_registry#37.global(1, "wl_compositor", 6)
[1977887.327] wl_registry#37.global(3, "zwp_tablet_manager_v2", 2)
[1977887.331] wl_registry#37.global(4, "zwp_keyboard_shortcuts_inhibit_manager_v1", 1)
[1977887.335] wl_registry#37.global(5, "xdg_session_manager_v1", 1)
[1977887.339] wl_registry#37.global(6, "zxdg_decoration_manager_v1", 2)
[1977887.343] wl_registry#37.global(7, "wp_viewporter", 1)
[1977887.347] wl_registry#37.global(8, "wp_security_context_manager_v1", 1)
[1977887.351] wl_registry#37.global(9, "wp_fractional_scale_manager_v1", 1)
[1977887.354] wl_registry#37.global(10, "wl_shm", 2)
[1977887.358] wl_registry#37.global(11, "wl_seat", 10)
[1977887.362] wl_registry#37.global(12, "zwp_pointer_gestures_v1", 3)
[1977887.366] wl_registry#37.global(13, "zwp_pointer_constraints_v1", 1)
[1977887.370] wl_registry#37.global(14, "zwp_relative_pointer_manager_v1", 1)
[1977887.374] wl_registry#37.global(15, "wl_data_device_manager", 3)
[1977887.378] wl_registry#37.global(16, "ext_data_control_manager_v1", 1)
[1977887.381] wl_registry#37.global(17, "wp_cursor_shape_manager_v1", 2)
[1977887.385] wl_registry#37.global(18, "zwp_primary_selection_device_manager_v1", 1)
[1977887.389] wl_registry#37.global(19, "org_kde_kwin_idle", 1)
[1977887.393] wl_registry#37.global(20, "zwp_idle_inhibit_manager_v1", 1)
[1977887.397] wl_registry#37.global(21, "ext_idle_notifier_v1", 2)
[1977887.401] wl_registry#37.global(22, "org_kde_plasma_shell", 8)
[1977887.404] wl_registry#37.global(23, "org_kde_kwin_appmenu_manager", 2)
[1977887.408] wl_registry#37.global(24, "org_kde_kwin_server_decoration_palette_manager", 1)
[1977887.412] wl_registry#37.global(26, "org_kde_plasma_virtual_desktop_management", 4)
[1977887.416] wl_registry#37.global(28, "org_kde_kwin_shadow_manager", 2)
[1977887.420] wl_registry#37.global(29, "org_kde_kwin_dpms_manager", 1)
[1977887.424] wl_registry#37.global(30, "org_kde_kwin_server_decoration_manager", 1)
[1977887.427] wl_registry#37.global(31, "kde_output_management_v2", 21)
[1977887.437] wl_registry#37.global(32, "kde_output_device_registry_v2", 23)
[1977887.450] wl_registry#37.global(33, "zxdg_output_manager_v1", 3)
[1977887.454] wl_registry#37.global(34, "wl_subcompositor", 1)
[1977887.458] wl_registry#37.global(35, "zxdg_exporter_v2", 1)
[1977887.462] wl_registry#37.global(36, "zxdg_importer_v2", 1)
[1977887.465] wl_registry#37.global(37, "zwp_input_method_v1", 1)
[1977887.469] wl_registry#37.global(39, "xdg_activation_v1", 1)
[1977887.473] wl_registry#37.global(41, "wp_content_type_manager_v1", 1)
[1977887.477] wl_registry#37.global(42, "wp_tearing_control_manager_v1", 1)
[1977887.481] wl_registry#37.global(43, "xdg_toplevel_drag_manager_v1", 1)
[1977887.485] wl_registry#37.global(44, "xdg_toplevel_icon_manager_v1", 1)
[1977887.489] wl_registry#37.global(45, "kde_screen_edge_manager_v1", 1)
[1977887.492] wl_registry#37.global(46, "frog_color_management_factory_v1", 1)
[1977887.496] wl_registry#37.global(47, "wp_presentation", 2)
[1977887.500] wl_registry#37.global(48, "wp_color_manager_v1", 2)
[1977887.504] wl_registry#37.global(49, "xdg_wm_dialog_v1", 1)
[1977887.508] wl_registry#37.global(50, "kde_external_brightness_v1", 3)
[1977887.512] wl_registry#37.global(51, "wp_alpha_modifier_v1", 1)
[1977887.516] wl_registry#37.global(52, "wl_fixes", 1)
[1977887.519] wl_registry#37.global(53, "wp_fifo_manager_v1", 1)
[1977887.523] wl_registry#37.global(54, "wp_single_pixel_buffer_manager_v1", 1)
[1977887.527] wl_registry#37.global(55, "xdg_toplevel_tag_manager_v1", 1)
[1977887.531] wl_registry#37.global(56, "wp_color_representation_manager_v1", 1)
[1977887.535] wl_registry#37.global(57, "wp_pointer_warp_v1", 1)
[1977887.539] wl_registry#37.global(58, "ext_background_effect_manager_v1", 1)
[1977887.543] wl_registry#37.global(60, "zwp_linux_dmabuf_v1", 5)
[1977887.546] wl_registry#37.global(61, "wp_linux_drm_syncobj_manager_v1", 1)
[1977887.550] wl_registry#37.global(62, "zwp_input_panel_v1", 1)
[1977887.554] wl_registry#37.global(63, "xdg_wm_base", 6)
[1977887.558] wl_registry#37.global(64, "zwlr_layer_shell_v1", 5)
[1977887.562] wl_registry#37.global(65, "org_kde_kwin_keystate", 5)
[1977887.566] wl_registry#37.global(66, "wl_output", 4)
[1977887.570] wl_registry#37.global(67, "wp_drm_lease_device_v1", 1)
[1977887.573] wl_registry#37.global(68, "kde_output_order_v1", 1)
[1977887.577] wl_registry#37.global(69, "zwp_text_input_manager_v2", 1)
[1977887.581] wl_registry#37.global(70, "zwp_text_input_manager_v3", 2)
[1977887.585] wl_registry#37.global(72, "org_kde_kwin_slide_manager", 1)
[1977887.589] wl_registry#37.global(73, "xdg_system_bell_v1", 1)
[1977887.593] wl_callback#38.done(18413)
[1977887.597]  -> wl_registry#37.bind(60, "zwp_linux_dmabuf_v1", 4, new id [unknown]#38)
[1977887.602]  -> zwp_linux_dmabuf_v1#38.get_default_feedback(new id zwp_linux_dmabuf_feedback_v1#36)
[1977887.606]  -> wl_display#1.sync(new id wl_callback#34)
[1977887.751] {Display Queue} wl_display#1.delete_id(34)
[1977887.760] zwp_linux_dmabuf_feedback_v1#36.format_table(fd 16, 8992)
[1977887.787] zwp_linux_dmabuf_feedback_v1#36.main_device(array[8])
[1977887.791] zwp_linux_dmabuf_feedback_v1#36.tranche_target_device(array[8])
[1977887.795] zwp_linux_dmabuf_feedback_v1#36.tranche_formats(array[208])
[1977887.802] zwp_linux_dmabuf_feedback_v1#36.tranche_flags(0)
[1977887.806] zwp_linux_dmabuf_feedback_v1#36.tranche_done()
[1977887.810] zwp_linux_dmabuf_feedback_v1#36.tranche_target_device(array[8])
[1977887.814] zwp_linux_dmabuf_feedback_v1#36.tranche_formats(array[208])
[1977887.818] zwp_linux_dmabuf_feedback_v1#36.tranche_flags(0)
[1977887.822] zwp_linux_dmabuf_feedback_v1#36.tranche_done()
[1977887.825] zwp_linux_dmabuf_feedback_v1#36.tranche_target_device(array[8])
[1977887.829] zwp_linux_dmabuf_feedback_v1#36.tranche_formats(array[708])
[1977887.834] zwp_linux_dmabuf_feedback_v1#36.tranche_flags(0)
[1977887.837] zwp_linux_dmabuf_feedback_v1#36.tranche_done()
[1977887.841] zwp_linux_dmabuf_feedback_v1#36.done()
[1977887.844] wl_callback#34.done(18413)
[1977887.849]  -> zwp_linux_dmabuf_feedback_v1#36.destroy()
[1977889.896] {Default Queue}  -> wl_registry#37.bind(61, "wp_linux_drm_syncobj_manager_v1", 1, new id [unknown]#34)
[1977975.706] {Default Queue}  -> wl_surface#32.destroy()
[1977975.840] {Default Queue}  -> wl_compositor#4.create_surface(new id wl_surface#35)
[1977976.400] {Default Queue}  -> wl_surface#35.destroy()
[1977979.895] {Default Queue}  -> wl_compositor#4.create_surface(new id wl_surface#39)
[1977980.396] {Default Queue}  -> wl_display#1.get_registry(new id wl_registry#40)
[1977980.470] {Default Queue}  -> xdg_wm_base#28.get_xdg_surface(new id xdg_surface#41, wl_surface#39)
[1977980.478] {Default Queue}  -> xdg_surface#41.get_toplevel(new id xdg_toplevel#42)
[1977980.483] {Default Queue}  -> xdg_toplevel#42.set_parent(nil)
[1977980.489] {Default Queue}  -> xdg_toplevel#42.set_title("06-webkit-earlygl")
[1977980.494] {Default Queue}  -> xdg_toplevel#42.set_app_id("06-webkit-earlygl")
[1977980.499] {Default Queue}  -> wl_surface#39.commit()
[1977980.503] {Default Queue}  -> org_kde_kwin_server_decoration_manager#12.create(new id org_kde_kwin_server_decoration#43, wl_surface#39)
[1977980.511] {Default Queue}  -> org_kde_kwin_server_decoration#43.request_mode(2)
[1977980.704] {Default Queue} wl_keyboard#31.repeat_info(25, 600)
[1977980.713] {Default Queue} wl_keyboard#31.keymap(1, fd 15, 36744)
[1977983.829] {Display Queue} wl_display#1.delete_id(36)
[1977983.842] {Display Queue} wl_display#1.delete_id(32)
[1977983.846] {Display Queue} wl_display#1.delete_id(35)
[1977983.850] {Default Queue} wl_registry#40.global(1, "wl_compositor", 6)
[1977983.855] {Default Queue} wl_registry#40.global(3, "zwp_tablet_manager_v2", 2)
[1977983.860] {Default Queue} wl_registry#40.global(4, "zwp_keyboard_shortcuts_inhibit_manager_v1", 1)
[1977983.864] {Default Queue} wl_registry#40.global(5, "xdg_session_manager_v1", 1)
[1977983.868] {Default Queue} wl_registry#40.global(6, "zxdg_decoration_manager_v1", 2)
[1977983.871] {Default Queue} wl_registry#40.global(7, "wp_viewporter", 1)
[1977983.875] {Default Queue} wl_registry#40.global(8, "wp_security_context_manager_v1", 1)
[1977983.879] {Default Queue} wl_registry#40.global(9, "wp_fractional_scale_manager_v1", 1)
[1977983.883] {Default Queue} wl_registry#40.global(10, "wl_shm", 2)
[1977983.887] {Default Queue} wl_registry#40.global(11, "wl_seat", 10)
[1977983.891] {Default Queue} wl_registry#40.global(12, "zwp_pointer_gestures_v1", 3)
[1977983.895] {Default Queue} wl_registry#40.global(13, "zwp_pointer_constraints_v1", 1)
[1977983.899] {Default Queue} wl_registry#40.global(14, "zwp_relative_pointer_manager_v1", 1)
[1977983.902] {Default Queue} wl_registry#40.global(15, "wl_data_device_manager", 3)
[1977983.906] {Default Queue} wl_registry#40.global(16, "ext_data_control_manager_v1", 1)
[1977983.910] {Default Queue} wl_registry#40.global(17, "wp_cursor_shape_manager_v1", 2)
[1977983.914] {Default Queue} wl_registry#40.global(18, "zwp_primary_selection_device_manager_v1", 1)
[1977983.918] {Default Queue} wl_registry#40.global(19, "org_kde_kwin_idle", 1)
[1977983.922] {Default Queue} wl_registry#40.global(20, "zwp_idle_inhibit_manager_v1", 1)
[1977983.926] {Default Queue} wl_registry#40.global(21, "ext_idle_notifier_v1", 2)
[1977983.929] {Default Queue} wl_registry#40.global(22, "org_kde_plasma_shell", 8)
[1977983.933] {Default Queue} wl_registry#40.global(23, "org_kde_kwin_appmenu_manager", 2)
[1977983.937] {Default Queue} wl_registry#40.global(24, "org_kde_kwin_server_decoration_palette_manager", 1)
[1977983.941] {Default Queue} wl_registry#40.global(26, "org_kde_plasma_virtual_desktop_management", 4)
[1977983.945] {Default Queue} wl_registry#40.global(28, "org_kde_kwin_shadow_manager", 2)
[1977983.949] {Default Queue} wl_registry#40.global(29, "org_kde_kwin_dpms_manager", 1)
[1977983.953] {Default Queue} wl_registry#40.global(30, "org_kde_kwin_server_decoration_manager", 1)
[1977983.956] {Default Queue} wl_registry#40.global(31, "kde_output_management_v2", 21)
[1977983.960] {Default Queue} wl_registry#40.global(32, "kde_output_device_registry_v2", 23)
[1977983.970] {Default Queue} wl_registry#40.global(33, "zxdg_output_manager_v1", 3)
[1977983.981] {Default Queue} wl_registry#40.global(34, "wl_subcompositor", 1)
[1977983.985] {Default Queue} wl_registry#40.global(35, "zxdg_exporter_v2", 1)
[1977983.989] {Default Queue} wl_registry#40.global(36, "zxdg_importer_v2", 1)
[1977983.993] {Default Queue} wl_registry#40.global(37, "zwp_input_method_v1", 1)
[1977983.996] {Default Queue} wl_registry#40.global(39, "xdg_activation_v1", 1)
[1977984.000] {Default Queue} wl_registry#40.global(41, "wp_content_type_manager_v1", 1)
[1977984.004] {Default Queue} wl_registry#40.global(42, "wp_tearing_control_manager_v1", 1)
[1977984.008] {Default Queue} wl_registry#40.global(43, "xdg_toplevel_drag_manager_v1", 1)
[1977984.012] {Default Queue} wl_registry#40.global(44, "xdg_toplevel_icon_manager_v1", 1)
[1977984.016] {Default Queue} wl_registry#40.global(45, "kde_screen_edge_manager_v1", 1)
[1977984.020] {Default Queue} wl_registry#40.global(46, "frog_color_management_factory_v1", 1)
[1977984.024] {Default Queue} wl_registry#40.global(47, "wp_presentation", 2)
[1977984.028] {Default Queue} wl_registry#40.global(48, "wp_color_manager_v1", 2)
[1977984.032] {Default Queue} wl_registry#40.global(49, "xdg_wm_dialog_v1", 1)
[1977984.036] {Default Queue} wl_registry#40.global(50, "kde_external_brightness_v1", 3)
[1977984.040] {Default Queue} wl_registry#40.global(51, "wp_alpha_modifier_v1", 1)
[1977984.044] {Default Queue} wl_registry#40.global(52, "wl_fixes", 1)
[1977984.048] {Default Queue} wl_registry#40.global(53, "wp_fifo_manager_v1", 1)
[1977984.052] {Default Queue} wl_registry#40.global(54, "wp_single_pixel_buffer_manager_v1", 1)
[1977984.055] {Default Queue} wl_registry#40.global(55, "xdg_toplevel_tag_manager_v1", 1)
[1977984.059] {Default Queue} wl_registry#40.global(56, "wp_color_representation_manager_v1", 1)
[1977984.063] {Default Queue} wl_registry#40.global(57, "wp_pointer_warp_v1", 1)
[1977984.067] {Default Queue} wl_registry#40.global(58, "ext_background_effect_manager_v1", 1)
[1977984.071] {Default Queue} wl_registry#40.global(60, "zwp_linux_dmabuf_v1", 5)
[1977984.075] {Default Queue} wl_registry#40.global(61, "wp_linux_drm_syncobj_manager_v1", 1)
[1977984.079] {Default Queue} wl_registry#40.global(62, "zwp_input_panel_v1", 1)
[1977984.083] {Default Queue} wl_registry#40.global(63, "xdg_wm_base", 6)
[1977984.087] {Default Queue} wl_registry#40.global(64, "zwlr_layer_shell_v1", 5)
[1977984.091] {Default Queue} wl_registry#40.global(65, "org_kde_kwin_keystate", 5)
[1977984.094] {Default Queue} wl_registry#40.global(66, "wl_output", 4)
[1977984.098] {Default Queue} wl_registry#40.global(67, "wp_drm_lease_device_v1", 1)
[1977984.102] {Default Queue} wl_registry#40.global(68, "kde_output_order_v1", 1)
[1977984.106] {Default Queue} wl_registry#40.global(69, "zwp_text_input_manager_v2", 1)
[1977984.110] {Default Queue} wl_registry#40.global(70, "zwp_text_input_manager_v3", 2)
[1977984.115] {Default Queue}  -> wl_registry#40.bind(70, "zwp_text_input_manager_v3", 1, new id [unknown]#35)
[1977984.120] {Default Queue}  -> zwp_text_input_manager_v3#35.get_text_input(new id zwp_text_input_v3#32, wl_seat#22)
[1977984.125] {Default Queue} wl_registry#40.global(72, "org_kde_kwin_slide_manager", 1)
[1977984.129] {Default Queue} wl_registry#40.global(73, "xdg_system_bell_v1", 1)
[1977984.133] {Default Queue} xdg_toplevel#42.wm_capabilities(array[16])
[1977984.137] {Default Queue} org_kde_kwin_server_decoration#43.mode(2)
[1977984.141] {Default Queue} org_kde_kwin_server_decoration#43.mode(2)
[1977984.145] {Default Queue} org_kde_kwin_server_decoration#43.mode(2)
[1977984.148] {Default Queue} xdg_toplevel#42.configure_bounds(1920, 1020)
[1977984.152] {Default Queue} xdg_toplevel#42.configure(0, 0, array[0])
[1977984.157] {Default Queue} xdg_surface#41.configure(18414)
[1977984.167] {Default Queue}  -> xdg_surface#41.ack_configure(18414)
[1978022.526] {Default Queue}  -> wl_surface#39.set_buffer_scale(1)
[1978022.593] {Default Queue}  -> wp_linux_drm_syncobj_manager_v1#34.get_surface(new id wp_linux_drm_syncobj_surface_v1#36, wl_surface#39)
[1978022.615] {EGLSurface(39)}  -> zwp_linux_dmabuf_v1#38.get_surface_feedback(new id zwp_linux_dmabuf_feedback_v1#44, wl_surface#39)
[1978022.623] {EGLSurface(39)}  -> wl_display#1.sync(new id wl_callback#45)
[1978023.637] {Display Queue} wl_display#1.delete_id(45)
[1978023.650] {EGLSurface(39)} zwp_linux_dmabuf_feedback_v1#44.format_table(fd 47, 8992)
[1978023.666] {EGLSurface(39)} zwp_linux_dmabuf_feedback_v1#44.main_device(array[8])
[1978023.671] {EGLSurface(39)} zwp_linux_dmabuf_feedback_v1#44.tranche_target_device(array[8])
[1978023.675] {EGLSurface(39)} zwp_linux_dmabuf_feedback_v1#44.tranche_formats(array[208])
[1978023.682] {EGLSurface(39)} zwp_linux_dmabuf_feedback_v1#44.tranche_flags(0)
[1978023.686] {EGLSurface(39)} zwp_linux_dmabuf_feedback_v1#44.tranche_done()
[1978023.690] {EGLSurface(39)} zwp_linux_dmabuf_feedback_v1#44.tranche_target_device(array[8])
[1978023.694] {EGLSurface(39)} zwp_linux_dmabuf_feedback_v1#44.tranche_formats(array[208])
[1978023.698] {EGLSurface(39)} zwp_linux_dmabuf_feedback_v1#44.tranche_flags(0)
[1978023.702] {EGLSurface(39)} zwp_linux_dmabuf_feedback_v1#44.tranche_done()
[1978023.706] {EGLSurface(39)} zwp_linux_dmabuf_feedback_v1#44.tranche_target_device(array[8])
[1978023.710] {EGLSurface(39)} zwp_linux_dmabuf_feedback_v1#44.tranche_formats(array[708])
[1978023.713] {EGLSurface(39)} zwp_linux_dmabuf_feedback_v1#44.tranche_flags(0)
[1978023.717] {EGLSurface(39)} zwp_linux_dmabuf_feedback_v1#44.tranche_done()
[1978023.721] {EGLSurface(39)} zwp_linux_dmabuf_feedback_v1#44.done()
[1978023.725] {EGLSurface(39)} wl_callback#45.done(18414)
[1978023.943] {Default Queue}  -> wp_linux_drm_syncobj_manager_v1#34.import_timeline(new id wp_linux_drm_syncobj_timeline_v1#45, fd 49)
[1978023.955] {EGLSurface(39/0x1eccbe30)}  -> zwp_linux_dmabuf_v1#38.create_params(new id zwp_linux_buffer_params_v1#46)
[1978023.960] {EGLSurface(39/0x1eccbe30)}  -> zwp_linux_buffer_params_v1#46.add(fd 48, 0, 0, 3200, 50331648, 6316052)
[1978023.965] {EGLSurface(39/0x1eccbe30)}  -> zwp_linux_buffer_params_v1#46.create(800, 600, 875713089, 0)
[1978023.969] {EGLSurface(39/0x1eccbe30)}  -> wl_display#1.sync(new id wl_callback#47)
[1978024.162] {Display Queue} wl_display#1.delete_id(47)
[1978024.167] {EGLSurface(39/0x1eccbe30)} zwp_linux_buffer_params_v1#46.created(new id wl_buffer#4278190080)
[1978024.172] {EGLSurface(39/0x1eccbe30)} wl_callback#47.done(18414)
[1978024.177] {EGLSurface(39/0x1eccbe30)}  -> zwp_linux_buffer_params_v1#46.destroy()
[1978026.396] {Default Queue}  -> xdg_toplevel#42.set_min_size(0, 0)
[1978026.414] {Default Queue}  -> xdg_toplevel#42.set_max_size(0, 0)
[1978026.418] {Default Queue}  -> xdg_surface#41.set_window_geometry(0, 0, 800, 600)
[1978026.424] {Default Queue}  -> wl_compositor#4.create_region(new id wl_region#47)
[1978026.429] {Default Queue}  -> wl_region#47.add(0, 0, 800, 600)
[1978026.434] {Default Queue}  -> wl_surface#39.set_opaque_region(wl_region#47)
[1978026.438] {Default Queue}  -> wl_region#47.destroy()
[1978026.442] {Default Queue}  -> wl_surface#39.set_input_region(nil)
[1978028.968] {EGLSurface(39)}  -> wl_surface#39.damage(0, 0, 2147483647, 2147483647)
[1978028.986] {Default Queue}  -> wp_linux_drm_syncobj_surface_v1#36.set_acquire_point(wp_linux_drm_syncobj_timeline_v1#45, 0, 1)
[1978028.995] {Default Queue}  -> wp_linux_drm_syncobj_surface_v1#36.set_release_point(wp_linux_drm_syncobj_timeline_v1#45, 0, 2)
[1978029.003] {EGLSurface(39)}  -> wl_surface#39.attach(wl_buffer#4278190080, 0, 0)
[1978029.008] {EGLSurface(39)}  -> wl_surface#39.frame(new id wl_callback#48)
[1978029.012] {EGLSurface(39)}  -> wl_surface#39.commit()
[1978029.017] {EGLSurface(39)}  -> wl_display#1.sync(new id wl_callback#49)
[1978029.391] {Default Queue}  -> wp_linux_drm_syncobj_manager_v1#34.import_timeline(new id wp_linux_drm_syncobj_timeline_v1#50, fd 53)
[1978029.404] {EGLSurface(39/0x1eccbe30)}  -> zwp_linux_dmabuf_v1#38.create_params(new id zwp_linux_buffer_params_v1#51)
[1978029.410] {EGLSurface(39/0x1eccbe30)}  -> zwp_linux_buffer_params_v1#51.add(fd 50, 0, 0, 3200, 50331648, 6316052)
[1978029.421] {EGLSurface(39/0x1eccbe30)}  -> zwp_linux_buffer_params_v1#51.create(800, 600, 875713089, 0)
[1978029.432] {EGLSurface(39/0x1eccbe30)}  -> wl_display#1.sync(new id wl_callback#52)
[1978030.216] {Display Queue} wl_display#1.delete_id(46)
[1978030.227] {Display Queue} wl_display#1.delete_id(47)
[1978030.232] {Display Queue} wl_display#1.delete_id(49)
[1978030.235] {Display Queue} wl_display#1.delete_id(52)
[1978030.239] {EGLSurface(39/0x1eccbe30)} zwp_linux_buffer_params_v1#51.created(new id wl_buffer#4278190083)
[1978030.244] {EGLSurface(39/0x1eccbe30)} wl_callback#52.done(18421)
[1978030.248] {EGLSurface(39/0x1eccbe30)}  -> zwp_linux_buffer_params_v1#51.destroy()
[1978030.595] {Default Queue} wl_surface#39.enter(wl_output#19)
[1978030.607] {Default Queue} wl_pointer#21.enter(18415, wl_surface#39, 296.05078125, 444.02734375)
[1978030.614] {Default Queue} wl_pointer#21.frame()
[1978030.667] {Default Queue}  -> wp_cursor_shape_device_v1#30.set_shape(18415, 1)
[1978030.678] {Default Queue} wl_keyboard#31.modifiers(18416, 0, 0, 0, 0)
[1978030.696] {Default Queue} xdg_wm_base#28.ping(18417)
[1978030.765] {Default Queue}  -> xdg_wm_base#28.pong(18417)
[1978030.774] {Default Queue} wl_keyboard#31.enter(18418, wl_surface#39, array[0])
[1978030.782] {Default Queue} wl_keyboard#31.modifiers(18416, 0, 0, 0, 0)
[1978030.791] {Default Queue} wl_data_device#25.data_offer(new id wl_data_offer#4278190081)
[1978030.798] {Default Queue} wl_data_offer#4278190081.offer("text/html")
[1978030.803] {Default Queue} wl_data_offer#4278190081.offer("text/plain")
[1978030.808] {Default Queue} wl_data_offer#4278190081.offer("text/plain;charset=utf-8")
[1978030.812] {Default Queue} wl_data_offer#4278190081.offer("application/x-kde-onlyReplaceEmpty")
[1978030.816] {Default Queue} wl_data_device#25.selection(wl_data_offer#4278190081)
[1978030.823] {Default Queue} zwp_primary_selection_device_v1#24.data_offer(new id zwp_primary_selection_offer_v1#4278190082)
[1978030.828] {Default Queue} zwp_primary_selection_offer_v1#4278190082.offer("text/html")
[1978030.832] {Default Queue} zwp_primary_selection_offer_v1#4278190082.offer("text/_moz_htmlcontext")
[1978030.837] {Default Queue} zwp_primary_selection_offer_v1#4278190082.offer("text/_moz_htmlinfo")
[1978030.841] {Default Queue} zwp_primary_selection_offer_v1#4278190082.offer("text/plain;charset=utf-8")
[1978030.845] {Default Queue} zwp_primary_selection_offer_v1#4278190082.offer("UTF8_STRING")
[1978030.848] {Default Queue} zwp_primary_selection_offer_v1#4278190082.offer("COMPOUND_TEXT")
[1978030.852] {Default Queue} zwp_primary_selection_offer_v1#4278190082.offer("TEXT")
[1978030.857] {Default Queue} zwp_primary_selection_offer_v1#4278190082.offer("text/plain")
[1978030.861] {Default Queue} zwp_primary_selection_offer_v1#4278190082.offer("STRING")
[1978030.865] {Default Queue} zwp_primary_selection_offer_v1#4278190082.offer("text/plain;charset=utf-8")
[1978030.869] {Default Queue} zwp_primary_selection_offer_v1#4278190082.offer("text/plain")
[1978030.872] {Default Queue} zwp_primary_selection_offer_v1#4278190082.offer("text/x-moz-url-priv")
[1978030.878] {Default Queue} zwp_primary_selection_device_v1#24.selection(zwp_primary_selection_offer_v1#4278190082)
[1978030.883] {Default Queue} zwp_text_input_v3#32.enter(wl_surface#39)
[1978030.888] {Default Queue} xdg_toplevel#42.configure(800, 600, array[4])
[1978030.893] {Default Queue} xdg_surface#41.configure(18421)
[1978030.901] {Default Queue}  -> xdg_surface#41.ack_configure(18421)
[1978040.173] {Default Queue}  -> xdg_toplevel#42.set_min_size(0, 0)
[1978040.198] {Default Queue}  -> xdg_toplevel#42.set_max_size(0, 0)
[1978040.203] {Default Queue}  -> xdg_surface#41.set_window_geometry(0, 0, 800, 600)
[1978042.997] {EGLSurface(39)} wl_callback#49.done(18419)
[1978043.064] {EGLSurface(39)}  -> wl_surface#39.damage(0, 0, 2147483647, 2147483647)
[1978043.071] {Default Queue}  -> wp_linux_drm_syncobj_surface_v1#36.set_acquire_point(wp_linux_drm_syncobj_timeline_v1#50, 0, 1)
[1978043.080] {Default Queue}  -> wp_linux_drm_syncobj_surface_v1#36.set_release_point(wp_linux_drm_syncobj_timeline_v1#50, 0, 2)
[1978043.106] {EGLSurface(39)}  -> wl_surface#39.attach(wl_buffer#4278190083, 0, 0)
[1978043.111] {EGLSurface(39)}  -> wl_surface#39.frame(new id wl_callback#49)
[1978043.116] {EGLSurface(39)}  -> wl_surface#39.commit()
[1978043.120] {EGLSurface(39)}  -> wl_display#1.sync(new id wl_callback#52)
[1978043.421] {Default Queue}  -> wp_linux_drm_syncobj_manager_v1#34.import_timeline(new id wp_linux_drm_syncobj_timeline_v1#47, fd 52)
[1978043.434] {EGLSurface(39/0x1eccbe30)}  -> zwp_linux_dmabuf_v1#38.create_params(new id zwp_linux_buffer_params_v1#46)
[1978043.439] {EGLSurface(39/0x1eccbe30)}  -> zwp_linux_buffer_params_v1#46.add(fd 47, 0, 0, 3200, 50331648, 6316052)
[1978043.444] {EGLSurface(39/0x1eccbe30)}  -> zwp_linux_buffer_params_v1#46.create(800, 600, 875713089, 0)
[1978043.449] {EGLSurface(39/0x1eccbe30)}  -> wl_display#1.sync(new id wl_callback#53)
[1978043.466] discarded [unknown]#48.[event 0](0 fd, 12 byte)
[1978043.471] {Display Queue} wl_display#1.delete_id(51)
[1978043.476] {Display Queue} wl_display#1.delete_id(48)
[1978043.480] {Display Queue} wl_display#1.delete_id(52)
[1978043.483] {EGLSurface(39/0x1eccbe30)} discarded wl_buffer#4278190080.release()
[1978043.617] {Display Queue} wl_display#1.delete_id(53)
[1978043.622] {EGLSurface(39/0x1eccbe30)} zwp_linux_buffer_params_v1#46.created(new id wl_buffer#4278190084)
[1978043.626] {EGLSurface(39/0x1eccbe30)} wl_callback#53.done(18421)
[1978043.630] {EGLSurface(39/0x1eccbe30)}  -> zwp_linux_buffer_params_v1#46.destroy()
[1978056.704] {Display Queue} wl_display#1.delete_id(46)
[1978056.721] {Display Queue} wl_display#1.delete_id(49)
[1978290.567] {Default Queue}  -> xdg_toplevel#42.set_min_size(0, 0)
[1978290.588] {Default Queue}  -> xdg_toplevel#42.set_max_size(0, 0)
[1978290.593] {Default Queue}  -> xdg_surface#41.set_window_geometry(0, 0, 800, 600)
[1978290.611] {EGLSurface(39)} wl_callback#52.done(18421)
[1978290.618] {EGLSurface(39)} wl_callback#49.done(3329337)
[1978290.664] {EGLSurface(39)}  -> wl_surface#39.damage(0, 0, 2147483647, 2147483647)
[1978290.702] {Default Queue}  -> wp_linux_drm_syncobj_surface_v1#36.set_acquire_point(wp_linux_drm_syncobj_timeline_v1#47, 0, 1)
[1978290.710] {Default Queue}  -> wp_linux_drm_syncobj_surface_v1#36.set_release_point(wp_linux_drm_syncobj_timeline_v1#47, 0, 2)
[1978290.718] {EGLSurface(39)}  -> wl_surface#39.attach(wl_buffer#4278190084, 0, 0)
[1978290.722] {EGLSurface(39)}  -> wl_surface#39.frame(new id wl_callback#49)
[1978290.726] {EGLSurface(39)}  -> wl_surface#39.commit()
[1978290.731] {EGLSurface(39)}  -> wl_display#1.sync(new id wl_callback#52)
[1978290.869] {Display Queue} wl_display#1.delete_id(52)
[1978306.808] {Default Queue}  -> xdg_toplevel#42.set_min_size(0, 0)
[1978306.827] {Default Queue}  -> xdg_toplevel#42.set_max_size(0, 0)
[1978306.833] {Default Queue}  -> xdg_surface#41.set_window_geometry(0, 0, 800, 600)
[1978306.859] {EGLSurface(39)} wl_callback#52.done(18421)
[1978306.907] {EGLSurface(39)}  -> wl_surface#39.damage(0, 0, 2147483647, 2147483647)
[1978306.915] {Default Queue}  -> wp_linux_drm_syncobj_surface_v1#36.set_acquire_point(wp_linux_drm_syncobj_timeline_v1#45, 0, 3)
[1978306.967] {Default Queue}  -> wp_linux_drm_syncobj_surface_v1#36.set_release_point(wp_linux_drm_syncobj_timeline_v1#45, 0, 4)
[1978306.977] {EGLSurface(39)}  -> wl_surface#39.attach(wl_buffer#4278190080, 0, 0)
[1978306.984] {EGLSurface(39)}  -> wl_surface#39.frame(new id wl_callback#52)
[1978306.989] {EGLSurface(39)}  -> wl_surface#39.commit()
[1978306.994] {EGLSurface(39)}  -> wl_display#1.sync(new id wl_callback#46)
[1978307.061] discarded [unknown]#49.[event 0](0 fd, 12 byte)
[1978307.070] {Display Queue} wl_display#1.delete_id(49)
[1978307.087] {Display Queue} wl_display#1.delete_id(46)
[1978323.438] {Display Queue} wl_display#1.delete_id(52)
[1983651.719] {Default Queue}  -> wl_display#1.sync(new id wl_callback#49)
[1983651.812] {Display Queue} wl_display#1.delete_id(49)
[1983651.820] {Default Queue} wl_callback#49.done(18421)
